../user/app/src/storage/sd_fs.c:58:13:set_err	16	static
../user/app/src/storage/sd_fs.c:64:13:lock	8	static
../user/app/src/storage/sd_fs.c:72:13:unlock	8	static
../user/app/src/storage/sd_fs.c:79:13:fil_of	16	static
../user/app/src/storage/sd_fs.c:92:13:make_abs	40	static
../user/app/src/storage/sd_fs.c:119:13:parent_rel	32	static
../user/app/src/storage/sd_fs.c:182:13:ensure_dir_abs	224	static
../user/app/src/storage/sd_fs.c:229:13:ensure_parent_of_file	208	static
../user/app/src/storage/sd_fs.c:240:13:mode_to_fa	16	static
../user/app/src/storage/sd_fs.c:273:13:name_has_ext	32	static
../user/app/src/storage/sd_fs.c:302:6:SdFs_Init	16	static
../user/app/src/storage/sd_fs.c:366:6:SdFs_IsReady	4	static
../user/app/src/storage/sd_fs.c:371:6:SdFs_Deinit	8	static
../user/app/src/storage/sd_fs.c:389:5:SdFs_LastError	4	static
../user/app/src/storage/sd_fs.c:398:6:SdFs_EnsureDir	216	static
../user/app/src/storage/sd_fs.c:422:6:SdFs_Exists	496	static
../user/app/src/storage/sd_fs.c:453:6:SdFs_Remove	216	static
../user/app/src/storage/sd_fs.c:483:6:SdFs_Rename	408	static
../user/app/src/storage/sd_fs.c:519:9:SdFs_ReadAll	592	static
../user/app/src/storage/sd_fs.c:536:9:SdFs_WriteAll	592	static
../user/app/src/storage/sd_fs.c:558:9:SdFs_Append	592	static
../user/app/src/storage/sd_fs.c:584:6:SdFs_Open	232	static
../user/app/src/storage/sd_fs.c:645:9:SdFs_Read	32	static
../user/app/src/storage/sd_fs.c:679:9:SdFs_Write	32	static
../user/app/src/storage/sd_fs.c:716:6:SdFs_Close	24	static
../user/app/src/storage/sd_fs.c:756:6:SdFs_ListDir	560	static
