../Middlewares/Third_Party/LVGL/src/hal/../draw/../misc/lv_color.h:599:26:lv_color_hex	24	static
../Middlewares/Third_Party/LVGL/src/hal/../draw/sw/../../core/lv_obj_pos.h:199:20:lv_obj_center	16	static
../Middlewares/Third_Party/LVGL/src/core/lv_obj_style.h:205:20:lv_obj_set_style_pad_all	24	static
../Middlewares/Third_Party/LVGL/src/core/lv_obj_style.h:225:20:lv_obj_set_style_pad_gap	24	static
../Middlewares/Third_Party/LVGL/src/core/lv_disp.h:182:26:lv_scr_act	8	static
../Middlewares/Third_Party/LVGL/src/core/lv_disp.h:191:26:lv_layer_top	8	static
../Middlewares/Third_Party/LVGL/src/lv_api_map.h:54:20:lv_obj_move_foreground	24	static
../user/app/src/gui/gui_core.c:117:13:gui_style_tab_btns	16	static
../user/app/src/gui/gui_core.c:190:13:gui_load_tab	16	static
../user/app/src/gui/gui_core.c:220:13:gui_unload_tab	24	static
../user/app/src/gui/gui_core.c:256:13:gui_unload_other_tabs	24	static
../user/app/src/gui/gui_core.c:265:13:gui_show_tab	24	static
../user/app/src/gui/gui_core.c:310:13:gui_sync_tab_btns	8	static
../user/app/src/gui/gui_core.c:320:13:gui_tab_reject_switch	8	static
../user/app/src/gui/gui_core.c:327:13:gui_tab_id_matches_point	24	static
../user/app/src/gui/gui_core.c:338:13:gui_tab_touch_valid	24	static
../user/app/src/gui/gui_core.c:358:13:tab_btns_event_cb	32	static
../user/app/src/gui/gui_core.c:404:13:toast_timer_cb	16	static
../user/app/src/gui/gui_core.c:419:13:alarm_popup_close_cb	24	static
../user/app/src/gui/gui_core.c:427:6:GUI_Init	40	static
../user/app/src/gui/gui_core.c:526:6:GUI_TaskHandler	16	static
../user/app/src/gui/gui_core.c:548:6:GUI_SwitchScreen	16	static
../user/app/src/gui/gui_core.c:556:12:GUI_GetCurrentScreen	4	static
../user/app/src/gui/gui_core.c:565:13:gui_apply_realtime_payload	24	static
../user/app/src/gui/gui_core.c:614:13:gui_async_realtime_cb	24	static
../user/app/src/gui/gui_core.c:625:6:GUI_PostRealtimeData	80	static
../user/app/src/gui/gui_core.c:665:13:gui_post_alarm_status_impl	16	static
../user/app/src/gui/gui_core.c:671:13:gui_async_alarm_status_cb	24	static
../user/app/src/gui/gui_core.c:683:6:GUI_PostAlarmStatus	24	static
../user/app/src/gui/gui_core.c:703:13:gui_async_alarm_popup_cb	24	static
../user/app/src/gui/gui_core.c:715:6:GUI_PostAlarmPopup	32	static
../user/app/src/gui/gui_core.c:744:6:GUI_UpdateRealtimeData	64	static
../user/app/src/gui/gui_core.c:778:6:GUI_UpdateStatus	24	static
../user/app/src/gui/gui_core.c:829:6:GUI_ResetMainCharts	8	static
../user/app/src/gui/gui_core.c:837:13:gui_format_float	72	static
../user/app/src/gui/gui_core.c:880:13:gui_format_percent	24	static
../user/app/src/gui/gui_core.c:892:6:GUI_ShowAlarmPopup	144	static
../user/app/src/gui/gui_core.c:977:6:GUI_RefreshChannelList	8	static
../user/app/src/gui/gui_core.c:988:6:GUI_ShowLoading	32	static
../user/app/src/gui/gui_core.c:1014:6:GUI_Toast	24	static
