../Middlewares/Third_Party/LVGL/src/hal/../draw/../misc/lv_color.h:599:26:lv_color_hex	24	static
../Middlewares/Third_Party/LVGL/src/hal/../draw/sw/../../core/lv_obj_pos.h:199:20:lv_obj_center	16	static
../Middlewares/Third_Party/LVGL/src/core/lv_obj_style.h:205:20:lv_obj_set_style_pad_all	24	static
../Middlewares/Third_Party/LVGL/src/core/lv_obj_style.h:225:20:lv_obj_set_style_pad_gap	24	static
../Middlewares/Third_Party/LVGL/src/core/lv_disp.h:182:26:lv_scr_act	8	static
../user/app/src/gui/screen_acq_settings.c:97:18:acq_add_spinbox_row	40	static
../user/app/src/gui/screen_acq_settings.c:147:16:acq_ta_get_int	24	static
../user/app/src/gui/screen_acq_settings.c:154:13:acq_ta_set_int	32	static
../user/app/src/gui/screen_acq_settings.c:161:18:acq_add_dropdown_row	40	static
../user/app/src/gui/screen_acq_settings.c:196:18:acq_create_group	40	static
../user/app/src/gui/screen_acq_settings.c:209:13:acq_filter_mode_cb	32	static
../user/app/src/gui/screen_acq_settings.c:228:13:acq_refresh_channel_dropdowns	16	static
../user/app/src/gui/screen_acq_settings.c:262:13:acq_btn_apply_cb	24	static
../user/app/src/gui/screen_acq_settings.c:352:13:fp_list_add_cb	24	static
../user/app/src/gui/screen_acq_settings.c:365:13:fp_scan_files	24	static
../user/app/src/gui/screen_acq_settings.c:391:13:fp_close_popup	8	static
../user/app/src/gui/screen_acq_settings.c:415:13:fp_list_item_cb	64	static
../user/app/src/gui/screen_acq_settings.c:433:13:fp_cancel_cb	16	static
../user/app/src/gui/screen_acq_settings.c:455:13:fp_open_popup	48	static
../user/app/src/gui/screen_acq_settings.c:540:13:acq_btn_browse_cb	16	static
../user/app/src/gui/screen_acq_settings.c:548:13:acq_load_params	80	static
../user/app/src/gui/screen_acq_settings.c:555:13:acq_apply_to_ui	16	static
../user/app/src/gui/screen_acq_settings.c:596:6:gui_acq_settings_create	184	static
../user/app/src/gui/screen_acq_settings.c:911:6:gui_acq_settings_destroy	16	static
