../Middlewares/Third_Party/LVGL/src/hal/../draw/../misc/lv_color.h:599:26:lv_color_hex	24	static
../Middlewares/Third_Party/LVGL/src/hal/../draw/sw/../../core/lv_obj_pos.h:199:20:lv_obj_center	16	static
../Middlewares/Third_Party/LVGL/src/core/lv_obj_style.h:205:20:lv_obj_set_style_pad_all	24	static
../Middlewares/Third_Party/LVGL/src/core/lv_obj_style.h:213:20:lv_obj_set_style_pad_hor	24	static
../Middlewares/Third_Party/LVGL/src/core/lv_obj_style.h:219:20:lv_obj_set_style_pad_ver	24	static
../Middlewares/Third_Party/LVGL/src/core/lv_obj_style.h:225:20:lv_obj_set_style_pad_gap	24	static
../Middlewares/Third_Party/LVGL/src/core/lv_obj_style.h:231:20:lv_obj_set_style_size	24	static
../user/app/src/gui/screen_main_display.c:178:17:main_chart_window_sec	4	static
../user/app/src/gui/screen_main_display.c:183:13:main_chart_scroll_to_start	16	static
../user/app/src/gui/screen_main_display.c:195:13:sys_time_is_leap	16	static
../user/app/src/gui/screen_main_display.c:200:17:sys_time_datetime_to_epoch	32	static
../user/app/src/gui/screen_main_display.c:223:13:sys_time_epoch_to_datetime	32	static
../user/app/src/gui/screen_main_display.c:263:16:sys_time_parse_month3	24	static
../user/app/src/gui/screen_main_display.c:278:17:sys_time_boot_epoch	40	static
../user/app/src/gui/screen_main_display.c:300:13:main_status_bar_update_time	88	static
../user/app/src/gui/screen_main_display.c:335:13:status_bar_time_timer_cb	16	static
../user/app/src/gui/screen_main_display.c:350:13:status_bar_blink_timer_cb	16	static
../user/app/src/gui/screen_main_display.c:370:13:status_click_cb	32	static
../user/app/src/gui/screen_main_display.c:398:13:alarm_popup_close_cb	24	static
../user/app/src/gui/screen_main_display.c:412:13:chart_draw_event_cb	32	static
../user/app/src/gui/screen_main_display.c:442:16:main_collect_enabled_general	16	static
../user/app/src/gui/screen_main_display.c:460:13:main_gen_init_chart_zero	24	static
../user/app/src/gui/screen_main_display.c:501:13:main_gen_legend_click_cb	24	static
../user/app/src/gui/screen_main_display.c:525:13:main_create_general_chart	88	static
../user/app/src/gui/screen_main_display.c:721:13:vib_load_envelope_file	840	static
../user/app/src/gui/screen_main_display.c:750:13:vib_chart_draw_event_cb	32	static
../user/app/src/gui/screen_main_display.c:781:13:main_vib_legend_click_cb	32	static
../user/app/src/gui/screen_main_display.c:836:13:main_vib_init_pp_chart_zero	24	static
../user/app/src/gui/screen_main_display.c:863:13:main_vib_fill_envelope	64	static
../user/app/src/gui/screen_main_display.c:925:13:main_create_vibration_chart	136	static
../user/app/src/gui/screen_main_display.c:1139:13:set_blink_mode	24	static
../user/app/src/gui/screen_main_display.c:1165:13:main_sp_update_labels	24	static
../user/app/src/gui/screen_main_display.c:1181:13:main_acq_sync_button_ui	16	static
../user/app/src/gui/screen_main_display.c:1198:13:main_btn_start_stop_cb	16	static
../user/app/src/gui/screen_main_display.c:1211:13:main_btn_clear_cb	16	static
../user/app/src/gui/screen_main_display.c:1219:13:main_btn_alarm_reset_cb	16	static
../user/app/src/gui/screen_main_display.c:1234:6:gui_main_display_create	256	static
../user/app/src/gui/screen_main_display.c:1539:6:gui_main_set_alarm_level	16	static
../user/app/src/gui/screen_main_display.c:1547:6:gui_main_reset_realtime_charts	8	static
../user/app/src/gui/screen_main_display.c:1576:6:gui_main_display_destroy	16	static
../user/app/src/gui/screen_main_display.c:1614:6:GUI_GetVibEnvelopeAtSeq	48	static
