../Middlewares/Third_Party/LVGL/src/hal/../draw/../misc/lv_color.h:599:26:lv_color_hex	24	static
../Middlewares/Third_Party/LVGL/src/hal/../draw/sw/../../core/lv_obj_pos.h:199:20:lv_obj_center	16	static
../Middlewares/Third_Party/LVGL/src/core/lv_obj_style.h:205:20:lv_obj_set_style_pad_all	24	static
../Middlewares/Third_Party/LVGL/src/core/lv_obj_style.h:225:20:lv_obj_set_style_pad_gap	24	static
../Middlewares/Third_Party/LVGL/src/core/lv_disp.h:182:26:lv_scr_act	8	static
../user/app/src/gui/screen_channel_setup.c:66:13:ch_popup_enter	8	static
../user/app/src/gui/screen_channel_setup.c:75:13:ch_popup_pre_close	8	static
../user/app/src/gui/screen_channel_setup.c:84:13:ch_popup_post_close	8	static
../user/app/src/gui/screen_channel_setup.c:132:13:ch_name_kb_ready_cb	40	static
../user/app/src/gui/screen_channel_setup.c:158:13:ch_popup_edit_name	32	static
../user/app/src/gui/screen_channel_setup.c:217:13:ch_type_close_cb	24	static
../user/app/src/gui/screen_channel_setup.c:226:13:ch_type_popup_event_cb	32	static
../user/app/src/gui/screen_channel_setup.c:255:13:ch_popup_edit_type	40	static
../user/app/src/gui/screen_channel_setup.c:283:13:ch_unit_close_cb	24	static
../user/app/src/gui/screen_channel_setup.c:292:13:ch_unit_popup_event_cb	32	static
../user/app/src/gui/screen_channel_setup.c:305:13:ch_popup_edit_unit	48	static
../user/app/src/gui/screen_channel_setup.c:343:13:ch_spinbox_overlay_close	24	static
../user/app/src/gui/screen_channel_setup.c:354:13:ch_spinbox_ok_btn_cb	32	static
../user/app/src/gui/screen_channel_setup.c:380:13:ch_popup_edit_spinbox	80	static
../user/app/src/gui/screen_channel_setup.c:481:13:ch_table_draw_event_cb	48	static
../user/app/src/gui/screen_channel_setup.c:529:18:create_param_row	40	static
../user/app/src/gui/screen_channel_setup.c:568:13:add_param_note	24	static
../user/app/src/gui/screen_channel_setup.c:579:13:ch_create_aux_panel	56	static
../user/app/src/gui/screen_channel_setup.c:675:13:ch_aux_row_click_cb	24	static
../user/app/src/gui/screen_channel_setup.c:698:13:ch_aux_edit_spinbox	88	static
../user/app/src/gui/screen_channel_setup.c:808:13:ch_aux_spinbox_ok_cb	48	static
../user/app/src/gui/screen_channel_setup.c:846:13:ch_update_right_panel	16	static
../user/app/src/gui/screen_channel_setup.c:875:13:ch_refresh_aux_panel	48	static
../user/app/src/gui/screen_channel_setup.c:899:13:ch_table_click_event_cb	32	static
../user/app/src/gui/screen_channel_setup.c:948:13:ch_btn_save_cb	104	static
../user/app/src/gui/screen_channel_setup.c:1051:13:ch_btn_reset_cb	24	static
../user/app/src/gui/screen_channel_setup.c:1087:13:ch_refresh_table_display	56	static
../user/app/src/gui/screen_channel_setup.c:1140:13:ch_load_configs	8	static
../user/app/src/gui/screen_channel_setup.c:1154:6:gui_channel_setup_create	64	static
../user/app/src/gui/screen_channel_setup.c:1278:6:gui_channel_setup_destroy	24	static
