../Middlewares/Third_Party/LVGL/src/hal/../draw/../misc/lv_color.h:599:26:lv_color_hex	24	static
../Middlewares/Third_Party/LVGL/src/hal/../draw/sw/../../core/lv_obj_pos.h:199:20:lv_obj_center	16	static
../Middlewares/Third_Party/LVGL/src/core/lv_obj_style.h:205:20:lv_obj_set_style_pad_all	24	static
../Middlewares/Third_Party/LVGL/src/core/lv_obj_style.h:225:20:lv_obj_set_style_pad_gap	24	static
../Middlewares/Third_Party/LVGL/src/core/lv_disp.h:182:26:lv_scr_act	8	static
../user/app/src/gui/screen_acq_settings.c:105:18:acq_add_spinbox_row	40	static
../user/app/src/gui/screen_acq_settings.c:155:16:acq_ta_get_int	24	static
../user/app/src/gui/screen_acq_settings.c:162:13:acq_ta_set_int	32	static
../user/app/src/gui/screen_acq_settings.c:169:18:acq_add_dropdown_row	40	static
../user/app/src/gui/screen_acq_settings.c:204:18:acq_create_group	40	static
../user/app/src/gui/screen_acq_settings.c:217:13:acq_filter_mode_cb	32	static
../user/app/src/gui/screen_acq_settings.c:236:13:acq_refresh_channel_dropdowns	16	static
../user/app/src/gui/screen_acq_settings.c:270:13:acq_btn_apply_cb	24	static
../user/app/src/gui/screen_acq_settings.c:359:13:fp_scan_files	360	static
../user/app/src/gui/screen_acq_settings.c:430:13:fp_close_popup	8	static
../user/app/src/gui/screen_acq_settings.c:454:13:fp_list_item_cb	64	static
../user/app/src/gui/screen_acq_settings.c:472:13:fp_cancel_cb	16	static
../user/app/src/gui/screen_acq_settings.c:494:13:fp_open_popup	48	static
../user/app/src/gui/screen_acq_settings.c:579:13:acq_btn_browse_cb	16	static
../user/app/src/gui/screen_acq_settings.c:587:13:acq_load_params	80	static
../user/app/src/gui/screen_acq_settings.c:594:13:acq_apply_to_ui	16	static
../user/app/src/gui/screen_acq_settings.c:635:6:gui_acq_settings_create	184	static
../user/app/src/gui/screen_acq_settings.c:943:6:gui_acq_settings_destroy	16	static
