../user/app/src/lvgl_wrappers/../../../../Middlewares/Third_Party/LVGL/src/draw/../misc/../font/../misc/lv_area.h:110:20:lv_area_copy	16	static
../user/app/src/lvgl_wrappers/../../../../Middlewares/Third_Party/LVGL/src/draw/../misc/../font/../misc/lv_area.h:123:26:lv_area_get_width	16	static
../user/app/src/lvgl_wrappers/../../../../Middlewares/Third_Party/LVGL/src/draw/../misc/../font/../misc/lv_area.h:133:26:lv_area_get_height	16	static
../user/app/src/lvgl_wrappers/../../../../Middlewares/Third_Party/LVGL/src/draw/../misc/../font/lv_font.h:124:26:lv_font_get_line_height	16	static
../user/app/src/lvgl_wrappers/../../../../Middlewares/Third_Party/LVGL/src/draw/../misc/lv_mem.h:142:22:lv_memcpy_small	24	static
../user/app/src/lvgl_wrappers/../../../../Middlewares/Third_Party/LVGL/src/draw/../misc/lv_mem.h:163:20:lv_memset_00	16	static
../user/app/src/lvgl_wrappers/../../../../Middlewares/Third_Party/LVGL/src/draw/../misc/lv_color.h:374:24:lv_color_to32	24	static
../user/app/src/lvgl_wrappers/../../../../Middlewares/Third_Party/LVGL/src/draw/../misc/lv_color.h:594:26:lv_color_make	16	static
../user/app/src/lvgl_wrappers/../../../../Middlewares/Third_Party/LVGL/src/draw/../misc/lv_color.h:695:26:lv_color_white	8	static
../user/app/src/lvgl_wrappers/../../../../Middlewares/Third_Party/LVGL/src/draw/../misc/lv_color.h:699:26:lv_color_black	8	static
../user/app/src/lvgl_wrappers/../../../../Middlewares/Third_Party/LVGL/src/draw/../misc/lv_bidi.h:128:20:lv_bidi_calculate_align	24	static
../user/app/src/lvgl_wrappers/../../../../Middlewares/Third_Party/LVGL/src/draw/lv_draw.c:40:6:lv_draw_init	4	static
../user/app/src/lvgl_wrappers/../../../../Middlewares/Third_Party/LVGL/src/draw/lv_draw.c:45:6:lv_draw_wait_for_finish	16	static
../user/app/src/lvgl_wrappers/../../../../Middlewares/Third_Party/LVGL/src/draw/lv_draw_arc.c:36:6:lv_draw_arc_dsc_init	24	static
../user/app/src/lvgl_wrappers/../../../../Middlewares/Third_Party/LVGL/src/draw/lv_draw_arc.c:44:6:lv_draw_arc	40	static
../user/app/src/lvgl_wrappers/../../../../Middlewares/Third_Party/LVGL/src/draw/lv_draw_arc.c:57:6:lv_draw_arc_get_area	32	static
../user/app/src/lvgl_wrappers/../../../../Middlewares/Third_Party/LVGL/src/draw/lv_draw_img.c:47:6:lv_draw_img_dsc_init	24	static
../user/app/src/lvgl_wrappers/../../../../Middlewares/Third_Party/LVGL/src/draw/lv_draw_img.c:63:6:lv_draw_img	48	static
../user/app/src/lvgl_wrappers/../../../../Middlewares/Third_Party/LVGL/src/draw/lv_draw_img.c:94:9:lv_img_cf_get_px_size	24	static
../user/app/src/lvgl_wrappers/../../../../Middlewares/Third_Party/LVGL/src/draw/lv_draw_img.c:139:6:lv_img_cf_is_chroma_keyed	24	static
../user/app/src/lvgl_wrappers/../../../../Middlewares/Third_Party/LVGL/src/draw/lv_draw_img.c:162:6:lv_img_cf_has_alpha	24	static
../user/app/src/lvgl_wrappers/../../../../Middlewares/Third_Party/LVGL/src/draw/lv_draw_img.c:195:14:lv_img_src_get_type	32	static
../user/app/src/lvgl_wrappers/../../../../Middlewares/Third_Party/LVGL/src/draw/lv_draw_img.c:228:6:lv_draw_img_decoded	40	static
../user/app/src/lvgl_wrappers/../../../../Middlewares/Third_Party/LVGL/src/draw/lv_draw_img.c:240:39:decode_and_draw	136	static
../user/app/src/lvgl_wrappers/../../../../Middlewares/Third_Party/LVGL/src/draw/lv_draw_img.c:354:13:show_error	120	static
../user/app/src/lvgl_wrappers/../../../../Middlewares/Third_Party/LVGL/src/draw/lv_draw_img.c:366:13:draw_cleanup	16	static
../user/app/src/lvgl_wrappers/../../../../Middlewares/Third_Party/LVGL/src/draw/lv_draw_label.c:55:28:lv_draw_label_dsc_init	24	static
../user/app/src/lvgl_wrappers/../../../../Middlewares/Third_Party/LVGL/src/draw/lv_draw_label.c:77:28:lv_draw_label	312	static
../user/app/src/lvgl_wrappers/../../../../Middlewares/Third_Party/LVGL/src/draw/lv_draw_label.c:364:6:lv_draw_letter	32	static
../user/app/src/lvgl_wrappers/../../../../Middlewares/Third_Party/LVGL/src/draw/lv_draw_label.c:379:16:hex_char_to_num	24	static
../user/app/src/lvgl_wrappers/../../../../Middlewares/Third_Party/LVGL/src/draw/lv_draw_layer.c:37:23:lv_draw_layer_create	56	static
../user/app/src/lvgl_wrappers/../../../../Middlewares/Third_Party/LVGL/src/draw/lv_draw_layer.c:65:6:lv_draw_layer_adjust	24	static
../user/app/src/lvgl_wrappers/../../../../Middlewares/Third_Party/LVGL/src/draw/lv_draw_layer.c:71:6:lv_draw_layer_blend	24	static
../user/app/src/lvgl_wrappers/../../../../Middlewares/Third_Party/LVGL/src/draw/lv_draw_layer.c:77:6:lv_draw_layer_destroy	24	static
../user/app/src/lvgl_wrappers/../../../../Middlewares/Third_Party/LVGL/src/draw/lv_draw_line.c:37:28:lv_draw_line_dsc_init	24	static
../user/app/src/lvgl_wrappers/../../../../Middlewares/Third_Party/LVGL/src/draw/lv_draw_line.c:45:28:lv_draw_line	32	static
../user/app/src/lvgl_wrappers/../../../../Middlewares/Third_Party/LVGL/src/draw/lv_draw_mask.c:81:9:lv_draw_mask_add	32	static
../user/app/src/lvgl_wrappers/../../../../Middlewares/Third_Party/LVGL/src/draw/lv_draw_mask.c:111:42:lv_draw_mask_apply	56	static
../user/app/src/lvgl_wrappers/../../../../Middlewares/Third_Party/LVGL/src/draw/lv_draw_mask.c:145:42:lv_draw_mask_apply_ids	64	static
../user/app/src/lvgl_wrappers/../../../../Middlewares/Third_Party/LVGL/src/draw/lv_draw_mask.c:172:8:lv_draw_mask_remove_id	24	static
../user/app/src/lvgl_wrappers/../../../../Middlewares/Third_Party/LVGL/src/draw/lv_draw_mask.c:191:8:lv_draw_mask_remove_custom	24	static
../user/app/src/lvgl_wrappers/../../../../Middlewares/Third_Party/LVGL/src/draw/lv_draw_mask.c:211:6:lv_draw_mask_free_param	32	static
../user/app/src/lvgl_wrappers/../../../../Middlewares/Third_Party/LVGL/src/draw/lv_draw_mask.c:232:6:_lv_draw_mask_cleanup	16	static
../user/app/src/lvgl_wrappers/../../../../Middlewares/Third_Party/LVGL/src/draw/lv_draw_mask.c:247:31:lv_draw_mask_get_cnt	16	static
../user/app/src/lvgl_wrappers/../../../../Middlewares/Third_Party/LVGL/src/draw/lv_draw_mask.c:257:6:lv_draw_mask_is_any	32	static
../user/app/src/lvgl_wrappers/../../../../Middlewares/Third_Party/LVGL/src/draw/lv_draw_mask.c:294:6:lv_draw_mask_line_points_init	48	static
../user/app/src/lvgl_wrappers/../../../../Middlewares/Third_Party/LVGL/src/draw/lv_draw_mask.c:388:6:lv_draw_mask_line_angle_init	48	static
../user/app/src/lvgl_wrappers/../../../../Middlewares/Third_Party/LVGL/src/draw/lv_draw_mask.c:414:6:lv_draw_mask_angle_init	56	static
../user/app/src/lvgl_wrappers/../../../../Middlewares/Third_Party/LVGL/src/draw/lv_draw_mask.c:475:6:lv_draw_mask_radius_init	56	static
../user/app/src/lvgl_wrappers/../../../../Middlewares/Third_Party/LVGL/src/draw/lv_draw_mask.c:541:6:lv_draw_mask_fade_init	24	static
../user/app/src/lvgl_wrappers/../../../../Middlewares/Third_Party/LVGL/src/draw/lv_draw_mask.c:560:6:lv_draw_mask_map_init	24	static
../user/app/src/lvgl_wrappers/../../../../Middlewares/Third_Party/LVGL/src/draw/lv_draw_mask.c:568:6:lv_draw_mask_polygon_init	32	static
../user/app/src/lvgl_wrappers/../../../../Middlewares/Third_Party/LVGL/src/draw/lv_draw_mask.c:597:49:lv_draw_mask_line	48	static
../user/app/src/lvgl_wrappers/../../../../Middlewares/Third_Party/LVGL/src/draw/lv_draw_mask.c:657:49:line_mask_flat	64	static
../user/app/src/lvgl_wrappers/../../../../Middlewares/Third_Party/LVGL/src/draw/lv_draw_mask.c:773:49:line_mask_steep	80	static
../user/app/src/lvgl_wrappers/../../../../Middlewares/Third_Party/LVGL/src/draw/lv_draw_mask.c:915:49:lv_draw_mask_angle	104	static
../user/app/src/lvgl_wrappers/../../../../Middlewares/Third_Party/LVGL/src/draw/lv_draw_mask.c:1052:49:lv_draw_mask_radius	104	static
../user/app/src/lvgl_wrappers/../../../../Middlewares/Third_Party/LVGL/src/draw/lv_draw_mask.c:1168:49:lv_draw_mask_fade	56	static
../user/app/src/lvgl_wrappers/../../../../Middlewares/Third_Party/LVGL/src/draw/lv_draw_mask.c:1214:49:lv_draw_mask_map	48	static
../user/app/src/lvgl_wrappers/../../../../Middlewares/Third_Party/LVGL/src/draw/lv_draw_mask.c:1248:49:lv_draw_mask_polygon	144	static
../user/app/src/lvgl_wrappers/../../../../Middlewares/Third_Party/LVGL/src/draw/lv_draw_mask.c:1327:13:circ_init	24	static
../user/app/src/lvgl_wrappers/../../../../Middlewares/Third_Party/LVGL/src/draw/lv_draw_mask.c:1339:13:circ_cont	16	static
../user/app/src/lvgl_wrappers/../../../../Middlewares/Third_Party/LVGL/src/draw/lv_draw_mask.c:1349:13:circ_next	16	static
../user/app/src/lvgl_wrappers/../../../../Middlewares/Third_Party/LVGL/src/draw/lv_draw_mask.c:1362:13:circ_calc_aa4	112	static
../user/app/src/lvgl_wrappers/../../../../Middlewares/Third_Party/LVGL/src/draw/lv_draw_mask.c:1510:19:get_next_line	24	static
../user/app/src/lvgl_wrappers/../../../../Middlewares/Third_Party/LVGL/src/draw/lv_draw_mask.c:1518:46:mask_mix	16	static
../user/app/src/lvgl_wrappers/../../../../Middlewares/Third_Party/LVGL/src/draw/lv_draw_rect.c:37:28:lv_draw_rect_dsc_init	24	static
../user/app/src/lvgl_wrappers/../../../../Middlewares/Third_Party/LVGL/src/draw/lv_draw_rect.c:62:6:lv_draw_rect	24	static
../user/app/src/lvgl_wrappers/../../../../Middlewares/Third_Party/LVGL/src/draw/lv_draw_transform.c:37:6:lv_draw_transform	56	static
../user/app/src/lvgl_wrappers/../../../../Middlewares/Third_Party/LVGL/src/draw/lv_draw_triangle.c:38:6:lv_draw_polygon	32	static
../user/app/src/lvgl_wrappers/../../../../Middlewares/Third_Party/LVGL/src/draw/lv_draw_triangle.c:44:6:lv_draw_triangle	32	static
../user/app/src/lvgl_wrappers/../../../../Middlewares/Third_Party/LVGL/src/draw/lv_img_buf.c:41:12:lv_img_buf_get_px_color	72	static
../user/app/src/lvgl_wrappers/../../../../Middlewares/Third_Party/LVGL/src/draw/lv_img_buf.c:100:10:lv_img_buf_get_px_alpha	80	static
../user/app/src/lvgl_wrappers/../../../../Middlewares/Third_Party/LVGL/src/draw/lv_img_buf.c:155:6:lv_img_buf_set_px_alpha	64	static
../user/app/src/lvgl_wrappers/../../../../Middlewares/Third_Party/LVGL/src/draw/lv_img_buf.c:206:6:lv_img_buf_set_px_color	72	static
../user/app/src/lvgl_wrappers/../../../../Middlewares/Third_Party/LVGL/src/draw/lv_img_buf.c:265:6:lv_img_buf_set_palette	32	static
../user/app/src/lvgl_wrappers/../../../../Middlewares/Third_Party/LVGL/src/draw/lv_img_buf.c:279:16:lv_img_buf_alloc	24	static
../user/app/src/lvgl_wrappers/../../../../Middlewares/Third_Party/LVGL/src/draw/lv_img_buf.c:311:6:lv_img_buf_free	16	static
../user/app/src/lvgl_wrappers/../../../../Middlewares/Third_Party/LVGL/src/draw/lv_img_buf.c:321:10:lv_img_buf_get_img_size	16	static
../user/app/src/lvgl_wrappers/../../../../Middlewares/Third_Party/LVGL/src/draw/lv_img_buf.c:352:6:_lv_img_buf_get_transformed_area	40	static
../user/app/src/lvgl_wrappers/../../../../Middlewares/Third_Party/LVGL/src/draw/lv_img_cache.c:63:25:_lv_img_cache_open	48	static
../user/app/src/lvgl_wrappers/../../../../Middlewares/Third_Party/LVGL/src/draw/lv_img_cache.c:149:6:lv_img_cache_set_size	24	static
../user/app/src/lvgl_wrappers/../../../../Middlewares/Third_Party/LVGL/src/draw/lv_img_cache.c:180:6:lv_img_cache_invalidate_src	16	static
../user/app/src/lvgl_wrappers/../../../../Middlewares/Third_Party/LVGL/src/draw/lv_img_decoder.c:56:6:_lv_img_decoder_init	32	static
../user/app/src/lvgl_wrappers/../../../../Middlewares/Third_Party/LVGL/src/draw/lv_img_decoder.c:83:10:lv_img_decoder_get_info	32	static
../user/app/src/lvgl_wrappers/../../../../Middlewares/Third_Party/LVGL/src/draw/lv_img_decoder.c:107:10:lv_img_decoder_open	64	static
../user/app/src/lvgl_wrappers/../../../../Middlewares/Third_Party/LVGL/src/draw/lv_img_decoder.c:176:10:lv_img_decoder_read_line	48	static
../user/app/src/lvgl_wrappers/../../../../Middlewares/Third_Party/LVGL/src/draw/lv_img_decoder.c:188:6:lv_img_decoder_close	16	static
../user/app/src/lvgl_wrappers/../../../../Middlewares/Third_Party/LVGL/src/draw/lv_img_decoder.c:204:20:lv_img_decoder_create	32	static
../user/app/src/lvgl_wrappers/../../../../Middlewares/Third_Party/LVGL/src/draw/lv_img_decoder.c:220:6:lv_img_decoder_delete	16	static
../user/app/src/lvgl_wrappers/../../../../Middlewares/Third_Party/LVGL/src/draw/lv_img_decoder.c:231:6:lv_img_decoder_set_info_cb	16	static
../user/app/src/lvgl_wrappers/../../../../Middlewares/Third_Party/LVGL/src/draw/lv_img_decoder.c:241:6:lv_img_decoder_set_open_cb	16	static
../user/app/src/lvgl_wrappers/../../../../Middlewares/Third_Party/LVGL/src/draw/lv_img_decoder.c:251:6:lv_img_decoder_set_read_line_cb	16	static
../user/app/src/lvgl_wrappers/../../../../Middlewares/Third_Party/LVGL/src/draw/lv_img_decoder.c:261:6:lv_img_decoder_set_close_cb	16	static
../user/app/src/lvgl_wrappers/../../../../Middlewares/Third_Party/LVGL/src/draw/lv_img_decoder.c:273:10:lv_img_decoder_built_in_info	56	static
../user/app/src/lvgl_wrappers/../../../../Middlewares/Third_Party/LVGL/src/draw/lv_img_decoder.c:326:10:lv_img_decoder_built_in_open	104	static
../user/app/src/lvgl_wrappers/../../../../Middlewares/Third_Party/LVGL/src/draw/lv_img_decoder.c:480:10:lv_img_decoder_built_in_read_line	40	static
../user/app/src/lvgl_wrappers/../../../../Middlewares/Third_Party/LVGL/src/draw/lv_img_decoder.c:516:6:lv_img_decoder_built_in_close	24	static
../user/app/src/lvgl_wrappers/../../../../Middlewares/Third_Party/LVGL/src/draw/lv_img_decoder.c:537:17:lv_img_decoder_built_in_line_true_color	56	static
../user/app/src/lvgl_wrappers/../../../../Middlewares/Third_Party/LVGL/src/draw/lv_img_decoder.c:562:17:lv_img_decoder_built_in_line_alpha	104	static
../user/app/src/lvgl_wrappers/../../../../Middlewares/Third_Party/LVGL/src/draw/lv_img_decoder.c:653:17:lv_img_decoder_built_in_line_indexed	64	static
