../user/app/src/lvgl_wrappers/../../../../Middlewares/Third_Party/LVGL/src/draw/sw/../../misc/../font/../misc/lv_area.h:110:20:lv_area_copy	16	static
../user/app/src/lvgl_wrappers/../../../../Middlewares/Third_Party/LVGL/src/draw/sw/../../misc/../font/../misc/lv_area.h:123:26:lv_area_get_width	16	static
../user/app/src/lvgl_wrappers/../../../../Middlewares/Third_Party/LVGL/src/draw/sw/../../misc/../font/../misc/lv_area.h:133:26:lv_area_get_height	16	static
../user/app/src/lvgl_wrappers/../../../../Middlewares/Third_Party/LVGL/src/draw/sw/../../misc/lv_mem.h:131:22:lv_memcpy	24	static
../user/app/src/lvgl_wrappers/../../../../Middlewares/Third_Party/LVGL/src/draw/sw/../../misc/lv_mem.h:153:20:lv_memset	24	static
../user/app/src/lvgl_wrappers/../../../../Middlewares/Third_Party/LVGL/src/draw/sw/../../misc/lv_mem.h:163:20:lv_memset_00	16	static
../user/app/src/lvgl_wrappers/../../../../Middlewares/Third_Party/LVGL/src/draw/sw/../../misc/lv_mem.h:173:20:lv_memset_ff	16	static
../user/app/src/lvgl_wrappers/../../../../Middlewares/Third_Party/LVGL/src/draw/sw/../../misc/lv_color.h:374:24:lv_color_to32	24	static
../user/app/src/lvgl_wrappers/../../../../Middlewares/Third_Party/LVGL/src/draw/sw/../../misc/lv_color.h:438:48:lv_color_mix	32	static
../user/app/src/lvgl_wrappers/../../../../Middlewares/Third_Party/LVGL/src/draw/sw/../../misc/lv_color.h:474:42:lv_color_premult	16	static
../user/app/src/lvgl_wrappers/../../../../Middlewares/Third_Party/LVGL/src/draw/sw/../../misc/lv_color.h:499:48:lv_color_mix_premult	24	static
../user/app/src/lvgl_wrappers/../../../../Middlewares/Third_Party/LVGL/src/draw/sw/../../misc/lv_color.h:594:26:lv_color_make	16	static
../user/app/src/lvgl_wrappers/../../../../Middlewares/Third_Party/LVGL/src/draw/sw/../../misc/lv_color.h:599:26:lv_color_hex	24	static
../user/app/src/lvgl_wrappers/../../../../Middlewares/Third_Party/LVGL/src/draw/sw/../../misc/lv_color.h:699:26:lv_color_black	8	static
../user/app/src/lvgl_wrappers/../../../../Middlewares/Third_Party/LVGL/src/draw/sw/lv_draw_sw.c:40:6:lv_draw_sw_init_ctx	24	static
../user/app/src/lvgl_wrappers/../../../../Middlewares/Third_Party/LVGL/src/draw/sw/lv_draw_sw.c:67:6:lv_draw_sw_deinit_ctx	24	static
../user/app/src/lvgl_wrappers/../../../../Middlewares/Third_Party/LVGL/src/draw/sw/lv_draw_sw.c:75:6:lv_draw_sw_wait_for_finish	16	static
../user/app/src/lvgl_wrappers/../../../../Middlewares/Third_Party/LVGL/src/draw/sw/lv_draw_sw.c:81:6:lv_draw_sw_buffer_copy	40	static
../user/app/src/lvgl_wrappers/../../../../Middlewares/Third_Party/LVGL/src/draw/sw/lv_draw_sw_arc.c:60:6:lv_draw_sw_arc	360	static
../user/app/src/lvgl_wrappers/../../../../Middlewares/Third_Party/LVGL/src/draw/sw/lv_draw_sw_arc.c:230:13:draw_quarter_0	40	static
../user/app/src/lvgl_wrappers/../../../../Middlewares/Third_Party/LVGL/src/draw/sw/lv_draw_sw_arc.c:297:13:draw_quarter_1	40	static
../user/app/src/lvgl_wrappers/../../../../Middlewares/Third_Party/LVGL/src/draw/sw/lv_draw_sw_arc.c:364:13:draw_quarter_2	40	static
../user/app/src/lvgl_wrappers/../../../../Middlewares/Third_Party/LVGL/src/draw/sw/lv_draw_sw_arc.c:431:13:draw_quarter_3	40	static
../user/app/src/lvgl_wrappers/../../../../Middlewares/Third_Party/LVGL/src/draw/sw/lv_draw_sw_arc.c:499:13:get_rounded_area	56	static
../user/app/src/lvgl_wrappers/../../../../Middlewares/Third_Party/LVGL/src/draw/sw/lv_draw_sw_blend.c:95:6:lv_draw_sw_blend	24	static
../user/app/src/lvgl_wrappers/../../../../Middlewares/Third_Party/LVGL/src/draw/sw/lv_draw_sw_blend.c:108:28:lv_draw_sw_blend_basic	96	static
../user/app/src/lvgl_wrappers/../../../../Middlewares/Third_Party/LVGL/src/draw/sw/lv_draw_sw_blend.c:210:13:fill_set_px	80	static
../user/app/src/lvgl_wrappers/../../../../Middlewares/Third_Party/LVGL/src/draw/sw/lv_draw_sw_blend.c:242:35:fill_normal	88	static
../user/app/src/lvgl_wrappers/../../../../Middlewares/Third_Party/LVGL/src/draw/sw/lv_draw_sw_blend.c:534:13:fill_blended	72	static
../user/app/src/lvgl_wrappers/../../../../Middlewares/Third_Party/LVGL/src/draw/sw/lv_draw_sw_blend.c:605:13:map_set_px	80	static
../user/app/src/lvgl_wrappers/../../../../Middlewares/Third_Party/LVGL/src/draw/sw/lv_draw_sw_blend.c:641:35:map_normal	64	static
../user/app/src/lvgl_wrappers/../../../../Middlewares/Third_Party/LVGL/src/draw/sw/lv_draw_sw_blend.c:878:13:map_blended	72	static
../user/app/src/lvgl_wrappers/../../../../Middlewares/Third_Party/LVGL/src/draw/sw/lv_draw_sw_blend.c:950:26:color_blend_true_color_additive	24	static
../user/app/src/lvgl_wrappers/../../../../Middlewares/Third_Party/LVGL/src/draw/sw/lv_draw_sw_blend.c:1003:26:color_blend_true_color_subtractive	24	static
../user/app/src/lvgl_wrappers/../../../../Middlewares/Third_Party/LVGL/src/draw/sw/lv_draw_sw_blend.c:1029:26:color_blend_true_color_multiply	16	static
../user/app/src/lvgl_wrappers/../../../../Middlewares/Third_Party/LVGL/src/draw/sw/lv_draw_sw_gradient.c:64:17:compute_key	24	static
../user/app/src/lvgl_wrappers/../../../../Middlewares/Third_Party/LVGL/src/draw/sw/lv_draw_sw_gradient.c:71:15:get_cache_item_size	24	static
../user/app/src/lvgl_wrappers/../../../../Middlewares/Third_Party/LVGL/src/draw/sw/lv_draw_sw_gradient.c:83:20:next_in_cache	24	static
../user/app/src/lvgl_wrappers/../../../../Middlewares/Third_Party/LVGL/src/draw/sw/lv_draw_sw_gradient.c:96:17:iterate_cache	32	static
../user/app/src/lvgl_wrappers/../../../../Middlewares/Third_Party/LVGL/src/draw/sw/lv_draw_sw_gradient.c:109:17:find_oldest_item_life	24	static
../user/app/src/lvgl_wrappers/../../../../Middlewares/Third_Party/LVGL/src/draw/sw/lv_draw_sw_gradient.c:116:13:free_item	32	static
../user/app/src/lvgl_wrappers/../../../../Middlewares/Third_Party/LVGL/src/draw/sw/lv_draw_sw_gradient.c:139:17:kill_oldest_item	24	static
../user/app/src/lvgl_wrappers/../../../../Middlewares/Third_Party/LVGL/src/draw/sw/lv_draw_sw_gradient.c:150:17:find_item	24	static
../user/app/src/lvgl_wrappers/../../../../Middlewares/Third_Party/LVGL/src/draw/sw/lv_draw_sw_gradient.c:157:20:allocate_item	56	static
../user/app/src/lvgl_wrappers/../../../../Middlewares/Third_Party/LVGL/src/draw/sw/lv_draw_sw_gradient.c:233:6:lv_gradient_free_cache	8	static
../user/app/src/lvgl_wrappers/../../../../Middlewares/Third_Party/LVGL/src/draw/sw/lv_draw_sw_gradient.c:240:6:lv_gradient_set_cache_size	32	static
../user/app/src/lvgl_wrappers/../../../../Middlewares/Third_Party/LVGL/src/draw/sw/lv_draw_sw_gradient.c:249:13:lv_gradient_get	48	static
../user/app/src/lvgl_wrappers/../../../../Middlewares/Third_Party/LVGL/src/draw/sw/lv_draw_sw_gradient.c:294:39:lv_gradient_calculate	64	static
../user/app/src/lvgl_wrappers/../../../../Middlewares/Third_Party/LVGL/src/draw/sw/lv_draw_sw_gradient.c:339:6:lv_gradient_cleanup	16	static
../user/app/src/lvgl_wrappers/../../../../Middlewares/Third_Party/LVGL/src/draw/sw/lv_draw_sw_img.c:44:28:lv_draw_sw_img_decoded	192	static
../user/app/src/lvgl_wrappers/../../../../Middlewares/Third_Party/LVGL/src/draw/sw/lv_draw_sw_img.c:203:13:convert_cb	88	static
../user/app/src/lvgl_wrappers/../../../../Middlewares/Third_Party/LVGL/src/draw/sw/lv_draw_sw_layer.c:42:31:lv_draw_sw_layer_create	64	static
../user/app/src/lvgl_wrappers/../../../../Middlewares/Third_Party/LVGL/src/draw/sw/lv_draw_sw_layer.c:93:6:lv_draw_sw_layer_adjust	32	static
../user/app/src/lvgl_wrappers/../../../../Middlewares/Third_Party/LVGL/src/draw/sw/lv_draw_sw_layer.c:114:6:lv_draw_sw_layer_blend	48	static
../user/app/src/lvgl_wrappers/../../../../Middlewares/Third_Party/LVGL/src/draw/sw/lv_draw_sw_layer.c:139:6:lv_draw_sw_layer_destroy	16	static
../user/app/src/lvgl_wrappers/../../../../Middlewares/Third_Party/LVGL/src/draw/sw/lv_draw_sw_letter.c:94:6:lv_draw_sw_letter	136	static
../user/app/src/lvgl_wrappers/../../../../Middlewares/Third_Party/LVGL/src/draw/sw/lv_draw_sw_letter.c:164:35:draw_letter_normal	184	static
../user/app/src/lvgl_wrappers/../../../../Middlewares/Third_Party/LVGL/src/draw/sw/lv_draw_sw_line.c:52:28:lv_draw_sw_line	112	static
../user/app/src/lvgl_wrappers/../../../../Middlewares/Third_Party/LVGL/src/draw/sw/lv_draw_sw_line.c:111:35:draw_line_hor	104	static
../user/app/src/lvgl_wrappers/../../../../Middlewares/Third_Party/LVGL/src/draw/sw/lv_draw_sw_line.c:197:35:draw_line_ver	104	static
../user/app/src/lvgl_wrappers/../../../../Middlewares/Third_Party/LVGL/src/draw/sw/lv_draw_sw_line.c:277:35:draw_line_skew	328	static
../user/app/src/lvgl_wrappers/../../../../Middlewares/Third_Party/LVGL/src/draw/sw/lv_draw_sw_polygon.c:47:6:lv_draw_sw_polygon	120	static
../user/app/src/lvgl_wrappers/../../../../Middlewares/Third_Party/LVGL/src/draw/sw/lv_draw_sw_rect.c:67:6:lv_draw_sw_rect	24	static
../user/app/src/lvgl_wrappers/../../../../Middlewares/Third_Party/LVGL/src/draw/sw/lv_draw_sw_rect.c:83:6:lv_draw_sw_bg	24	static
../user/app/src/lvgl_wrappers/../../../../Middlewares/Third_Party/LVGL/src/draw/sw/lv_draw_sw_rect.c:97:13:draw_bg	160	static
../user/app/src/lvgl_wrappers/../../../../Middlewares/Third_Party/LVGL/src/draw/sw/lv_draw_sw_rect.c:324:13:draw_bg_img	152	static
../user/app/src/lvgl_wrappers/../../../../Middlewares/Third_Party/LVGL/src/draw/sw/lv_draw_sw_rect.c:398:13:draw_border	72	static
../user/app/src/lvgl_wrappers/../../../../Middlewares/Third_Party/LVGL/src/draw/sw/lv_draw_sw_rect.c:427:35:draw_shadow	216	static
../user/app/src/lvgl_wrappers/../../../../Middlewares/Third_Party/LVGL/src/draw/sw/lv_draw_sw_rect.c:945:35:shadow_draw_corner_buf	128	static
../user/app/src/lvgl_wrappers/../../../../Middlewares/Third_Party/LVGL/src/draw/sw/lv_draw_sw_rect.c:1032:35:shadow_blur_corner	80	static
../user/app/src/lvgl_wrappers/../../../../Middlewares/Third_Party/LVGL/src/draw/sw/lv_draw_sw_rect.c:1106:13:draw_outline	88	static
../user/app/src/lvgl_wrappers/../../../../Middlewares/Third_Party/LVGL/src/draw/sw/lv_draw_sw_rect.c:1146:6:draw_border_generic	168	static
../user/app/src/lvgl_wrappers/../../../../Middlewares/Third_Party/LVGL/src/draw/sw/lv_draw_sw_rect.c:1378:13:draw_border_simple	64	static
../user/app/src/lvgl_wrappers/../../../../Middlewares/Third_Party/LVGL/src/draw/sw/lv_draw_sw_transform.c:80:6:lv_draw_sw_transform	184	static
../user/app/src/lvgl_wrappers/../../../../Middlewares/Third_Party/LVGL/src/draw/sw/lv_draw_sw_transform.c:160:13:rgb_no_aa	56	static
../user/app/src/lvgl_wrappers/../../../../Middlewares/Third_Party/LVGL/src/draw/sw/lv_draw_sw_transform.c:203:13:argb_no_aa	48	static
../user/app/src/lvgl_wrappers/../../../../Middlewares/Third_Party/LVGL/src/draw/sw/lv_draw_sw_transform.c:237:13:rgb565a8_no_aa	56	static
../user/app/src/lvgl_wrappers/../../../../Middlewares/Third_Party/LVGL/src/draw/sw/lv_draw_sw_transform.c:267:13:argb_and_rgb_aa	120	static
../user/app/src/lvgl_wrappers/../../../../Middlewares/Third_Party/LVGL/src/draw/sw/lv_draw_sw_transform.c:467:13:transform_point_upscaled	24	static
