../user/app/src/lvgl_wrappers/../../../../Middlewares/Third_Party/LVGL/src/core/../hal/../draw/../misc/../font/../misc/lv_area.h:110:20:lv_area_copy	16	static
../user/app/src/lvgl_wrappers/../../../../Middlewares/Third_Party/LVGL/src/core/../hal/../draw/../misc/../font/../misc/lv_area.h:123:26:lv_area_get_width	16	static
../user/app/src/lvgl_wrappers/../../../../Middlewares/Third_Party/LVGL/src/core/../hal/../draw/../misc/../font/../misc/lv_area.h:133:26:lv_area_get_height	16	static
../user/app/src/lvgl_wrappers/../../../../Middlewares/Third_Party/LVGL/src/core/../hal/../draw/../misc/lv_mem.h:131:22:lv_memcpy	24	static
../user/app/src/lvgl_wrappers/../../../../Middlewares/Third_Party/LVGL/src/core/../hal/../draw/../misc/lv_mem.h:163:20:lv_memset_00	16	static
../user/app/src/lvgl_wrappers/../../../../Middlewares/Third_Party/LVGL/src/core/../hal/../draw/../misc/lv_color.h:438:48:lv_color_mix	32	static
../user/app/src/lvgl_wrappers/../../../../Middlewares/Third_Party/LVGL/src/core/../hal/../draw/../misc/lv_anim.h:126:20:lv_anim_set_var	16	static
../user/app/src/lvgl_wrappers/../../../../Middlewares/Third_Party/LVGL/src/core/../hal/../draw/../misc/lv_anim.h:138:20:lv_anim_set_exec_cb	16	static
../user/app/src/lvgl_wrappers/../../../../Middlewares/Third_Party/LVGL/src/core/../hal/../draw/../misc/lv_anim.h:148:20:lv_anim_set_time	16	static
../user/app/src/lvgl_wrappers/../../../../Middlewares/Third_Party/LVGL/src/core/../hal/../draw/../misc/lv_anim.h:158:20:lv_anim_set_delay	16	static
../user/app/src/lvgl_wrappers/../../../../Middlewares/Third_Party/LVGL/src/core/../hal/../draw/../misc/lv_anim.h:169:20:lv_anim_set_values	24	static
../user/app/src/lvgl_wrappers/../../../../Middlewares/Third_Party/LVGL/src/core/../hal/../draw/../misc/lv_anim.h:196:20:lv_anim_set_path_cb	16	static
../user/app/src/lvgl_wrappers/../../../../Middlewares/Third_Party/LVGL/src/core/../hal/../draw/../misc/lv_anim.h:206:20:lv_anim_set_start_cb	16	static
../user/app/src/lvgl_wrappers/../../../../Middlewares/Third_Party/LVGL/src/core/../hal/../draw/../misc/lv_anim.h:227:20:lv_anim_set_ready_cb	16	static
../user/app/src/lvgl_wrappers/../../../../Middlewares/Third_Party/LVGL/src/core/../hal/../draw/../misc/lv_anim.h:288:20:lv_anim_set_early_apply	16	static
../user/app/src/lvgl_wrappers/../../../../Middlewares/Third_Party/LVGL/src/core/../hal/../draw/../misc/lv_bidi.h:128:20:lv_bidi_calculate_align	24	static
../user/app/src/lvgl_wrappers/../../../../Middlewares/Third_Party/LVGL/src/core/../hal/../draw/../misc/lv_style.h:448:30:lv_style_get_prop_inlined	56	static
../user/app/src/lvgl_wrappers/../../../../Middlewares/Third_Party/LVGL/src/core/../hal/../draw/../misc/lv_style.h:565:20:lv_style_prop_has_flag	16	static
../user/app/src/lvgl_wrappers/../../../../Middlewares/Third_Party/LVGL/src/core/lv_obj_style.h:92:20:lv_obj_remove_style_all	16	static
../user/app/src/lvgl_wrappers/../../../../Middlewares/Third_Party/LVGL/src/core/lv_obj_style_gen.h:1:26:lv_obj_get_style_width	24	static
../user/app/src/lvgl_wrappers/../../../../Middlewares/Third_Party/LVGL/src/core/lv_obj_style_gen.h:7:26:lv_obj_get_style_min_width	24	static
../user/app/src/lvgl_wrappers/../../../../Middlewares/Third_Party/LVGL/src/core/lv_obj_style_gen.h:13:26:lv_obj_get_style_max_width	24	static
../user/app/src/lvgl_wrappers/../../../../Middlewares/Third_Party/LVGL/src/core/lv_obj_style_gen.h:19:26:lv_obj_get_style_height	24	static
../user/app/src/lvgl_wrappers/../../../../Middlewares/Third_Party/LVGL/src/core/lv_obj_style_gen.h:25:26:lv_obj_get_style_min_height	24	static
../user/app/src/lvgl_wrappers/../../../../Middlewares/Third_Party/LVGL/src/core/lv_obj_style_gen.h:31:26:lv_obj_get_style_max_height	24	static
../user/app/src/lvgl_wrappers/../../../../Middlewares/Third_Party/LVGL/src/core/lv_obj_style_gen.h:37:26:lv_obj_get_style_x	24	static
../user/app/src/lvgl_wrappers/../../../../Middlewares/Third_Party/LVGL/src/core/lv_obj_style_gen.h:43:26:lv_obj_get_style_y	24	static
../user/app/src/lvgl_wrappers/../../../../Middlewares/Third_Party/LVGL/src/core/lv_obj_style_gen.h:49:26:lv_obj_get_style_align	24	static
../user/app/src/lvgl_wrappers/../../../../Middlewares/Third_Party/LVGL/src/core/lv_obj_style_gen.h:55:26:lv_obj_get_style_transform_width	24	static
../user/app/src/lvgl_wrappers/../../../../Middlewares/Third_Party/LVGL/src/core/lv_obj_style_gen.h:61:26:lv_obj_get_style_transform_height	24	static
../user/app/src/lvgl_wrappers/../../../../Middlewares/Third_Party/LVGL/src/core/lv_obj_style_gen.h:67:26:lv_obj_get_style_translate_x	24	static
../user/app/src/lvgl_wrappers/../../../../Middlewares/Third_Party/LVGL/src/core/lv_obj_style_gen.h:73:26:lv_obj_get_style_translate_y	24	static
../user/app/src/lvgl_wrappers/../../../../Middlewares/Third_Party/LVGL/src/core/lv_obj_style_gen.h:79:26:lv_obj_get_style_transform_zoom	24	static
../user/app/src/lvgl_wrappers/../../../../Middlewares/Third_Party/LVGL/src/core/lv_obj_style_gen.h:85:26:lv_obj_get_style_transform_angle	24	static
../user/app/src/lvgl_wrappers/../../../../Middlewares/Third_Party/LVGL/src/core/lv_obj_style_gen.h:91:26:lv_obj_get_style_transform_pivot_x	24	static
../user/app/src/lvgl_wrappers/../../../../Middlewares/Third_Party/LVGL/src/core/lv_obj_style_gen.h:97:26:lv_obj_get_style_transform_pivot_y	24	static
../user/app/src/lvgl_wrappers/../../../../Middlewares/Third_Party/LVGL/src/core/lv_obj_style_gen.h:103:26:lv_obj_get_style_pad_top	24	static
../user/app/src/lvgl_wrappers/../../../../Middlewares/Third_Party/LVGL/src/core/lv_obj_style_gen.h:109:26:lv_obj_get_style_pad_bottom	24	static
../user/app/src/lvgl_wrappers/../../../../Middlewares/Third_Party/LVGL/src/core/lv_obj_style_gen.h:115:26:lv_obj_get_style_pad_left	24	static
../user/app/src/lvgl_wrappers/../../../../Middlewares/Third_Party/LVGL/src/core/lv_obj_style_gen.h:121:26:lv_obj_get_style_pad_right	24	static
../user/app/src/lvgl_wrappers/../../../../Middlewares/Third_Party/LVGL/src/core/lv_obj_style_gen.h:139:26:lv_obj_get_style_bg_color	24	static
../user/app/src/lvgl_wrappers/../../../../Middlewares/Third_Party/LVGL/src/core/lv_obj_style_gen.h:145:26:lv_obj_get_style_bg_color_filtered	24	static
../user/app/src/lvgl_wrappers/../../../../Middlewares/Third_Party/LVGL/src/core/lv_obj_style_gen.h:151:24:lv_obj_get_style_bg_opa	24	static
../user/app/src/lvgl_wrappers/../../../../Middlewares/Third_Party/LVGL/src/core/lv_obj_style_gen.h:163:26:lv_obj_get_style_bg_grad_color_filtered	24	static
../user/app/src/lvgl_wrappers/../../../../Middlewares/Third_Party/LVGL/src/core/lv_obj_style_gen.h:169:29:lv_obj_get_style_bg_grad_dir	24	static
../user/app/src/lvgl_wrappers/../../../../Middlewares/Third_Party/LVGL/src/core/lv_obj_style_gen.h:175:26:lv_obj_get_style_bg_main_stop	24	static
../user/app/src/lvgl_wrappers/../../../../Middlewares/Third_Party/LVGL/src/core/lv_obj_style_gen.h:181:26:lv_obj_get_style_bg_grad_stop	24	static
../user/app/src/lvgl_wrappers/../../../../Middlewares/Third_Party/LVGL/src/core/lv_obj_style_gen.h:187:37:lv_obj_get_style_bg_grad	24	static
../user/app/src/lvgl_wrappers/../../../../Middlewares/Third_Party/LVGL/src/core/lv_obj_style_gen.h:193:32:lv_obj_get_style_bg_dither_mode	24	static
../user/app/src/lvgl_wrappers/../../../../Middlewares/Third_Party/LVGL/src/core/lv_obj_style_gen.h:199:28:lv_obj_get_style_bg_img_src	24	static
../user/app/src/lvgl_wrappers/../../../../Middlewares/Third_Party/LVGL/src/core/lv_obj_style_gen.h:205:24:lv_obj_get_style_bg_img_opa	24	static
../user/app/src/lvgl_wrappers/../../../../Middlewares/Third_Party/LVGL/src/core/lv_obj_style_gen.h:217:26:lv_obj_get_style_bg_img_recolor_filtered	24	static
../user/app/src/lvgl_wrappers/../../../../Middlewares/Third_Party/LVGL/src/core/lv_obj_style_gen.h:223:24:lv_obj_get_style_bg_img_recolor_opa	24	static
../user/app/src/lvgl_wrappers/../../../../Middlewares/Third_Party/LVGL/src/core/lv_obj_style_gen.h:229:20:lv_obj_get_style_bg_img_tiled	24	static
../user/app/src/lvgl_wrappers/../../../../Middlewares/Third_Party/LVGL/src/core/lv_obj_style_gen.h:235:26:lv_obj_get_style_border_color	24	static
../user/app/src/lvgl_wrappers/../../../../Middlewares/Third_Party/LVGL/src/core/lv_obj_style_gen.h:241:26:lv_obj_get_style_border_color_filtered	24	static
../user/app/src/lvgl_wrappers/../../../../Middlewares/Third_Party/LVGL/src/core/lv_obj_style_gen.h:247:24:lv_obj_get_style_border_opa	24	static
../user/app/src/lvgl_wrappers/../../../../Middlewares/Third_Party/LVGL/src/core/lv_obj_style_gen.h:253:26:lv_obj_get_style_border_width	24	static
../user/app/src/lvgl_wrappers/../../../../Middlewares/Third_Party/LVGL/src/core/lv_obj_style_gen.h:259:32:lv_obj_get_style_border_side	24	static
../user/app/src/lvgl_wrappers/../../../../Middlewares/Third_Party/LVGL/src/core/lv_obj_style_gen.h:265:20:lv_obj_get_style_border_post	24	static
../user/app/src/lvgl_wrappers/../../../../Middlewares/Third_Party/LVGL/src/core/lv_obj_style_gen.h:271:26:lv_obj_get_style_outline_width	24	static
../user/app/src/lvgl_wrappers/../../../../Middlewares/Third_Party/LVGL/src/core/lv_obj_style_gen.h:283:26:lv_obj_get_style_outline_color_filtered	24	static
../user/app/src/lvgl_wrappers/../../../../Middlewares/Third_Party/LVGL/src/core/lv_obj_style_gen.h:289:24:lv_obj_get_style_outline_opa	24	static
../user/app/src/lvgl_wrappers/../../../../Middlewares/Third_Party/LVGL/src/core/lv_obj_style_gen.h:295:26:lv_obj_get_style_outline_pad	24	static
../user/app/src/lvgl_wrappers/../../../../Middlewares/Third_Party/LVGL/src/core/lv_obj_style_gen.h:301:26:lv_obj_get_style_shadow_width	24	static
../user/app/src/lvgl_wrappers/../../../../Middlewares/Third_Party/LVGL/src/core/lv_obj_style_gen.h:307:26:lv_obj_get_style_shadow_ofs_x	24	static
../user/app/src/lvgl_wrappers/../../../../Middlewares/Third_Party/LVGL/src/core/lv_obj_style_gen.h:313:26:lv_obj_get_style_shadow_ofs_y	24	static
../user/app/src/lvgl_wrappers/../../../../Middlewares/Third_Party/LVGL/src/core/lv_obj_style_gen.h:319:26:lv_obj_get_style_shadow_spread	24	static
../user/app/src/lvgl_wrappers/../../../../Middlewares/Third_Party/LVGL/src/core/lv_obj_style_gen.h:325:26:lv_obj_get_style_shadow_color	24	static
../user/app/src/lvgl_wrappers/../../../../Middlewares/Third_Party/LVGL/src/core/lv_obj_style_gen.h:331:26:lv_obj_get_style_shadow_color_filtered	24	static
../user/app/src/lvgl_wrappers/../../../../Middlewares/Third_Party/LVGL/src/core/lv_obj_style_gen.h:337:24:lv_obj_get_style_shadow_opa	24	static
../user/app/src/lvgl_wrappers/../../../../Middlewares/Third_Party/LVGL/src/core/lv_obj_style_gen.h:343:24:lv_obj_get_style_img_opa	24	static
../user/app/src/lvgl_wrappers/../../../../Middlewares/Third_Party/LVGL/src/core/lv_obj_style_gen.h:355:26:lv_obj_get_style_img_recolor_filtered	24	static
../user/app/src/lvgl_wrappers/../../../../Middlewares/Third_Party/LVGL/src/core/lv_obj_style_gen.h:361:24:lv_obj_get_style_img_recolor_opa	24	static
../user/app/src/lvgl_wrappers/../../../../Middlewares/Third_Party/LVGL/src/core/lv_obj_style_gen.h:367:26:lv_obj_get_style_line_width	24	static
../user/app/src/lvgl_wrappers/../../../../Middlewares/Third_Party/LVGL/src/core/lv_obj_style_gen.h:373:26:lv_obj_get_style_line_dash_width	24	static
../user/app/src/lvgl_wrappers/../../../../Middlewares/Third_Party/LVGL/src/core/lv_obj_style_gen.h:379:26:lv_obj_get_style_line_dash_gap	24	static
../user/app/src/lvgl_wrappers/../../../../Middlewares/Third_Party/LVGL/src/core/lv_obj_style_gen.h:385:20:lv_obj_get_style_line_rounded	24	static
../user/app/src/lvgl_wrappers/../../../../Middlewares/Third_Party/LVGL/src/core/lv_obj_style_gen.h:397:26:lv_obj_get_style_line_color_filtered	24	static
../user/app/src/lvgl_wrappers/../../../../Middlewares/Third_Party/LVGL/src/core/lv_obj_style_gen.h:403:24:lv_obj_get_style_line_opa	24	static
../user/app/src/lvgl_wrappers/../../../../Middlewares/Third_Party/LVGL/src/core/lv_obj_style_gen.h:409:26:lv_obj_get_style_arc_width	24	static
../user/app/src/lvgl_wrappers/../../../../Middlewares/Third_Party/LVGL/src/core/lv_obj_style_gen.h:415:20:lv_obj_get_style_arc_rounded	24	static
../user/app/src/lvgl_wrappers/../../../../Middlewares/Third_Party/LVGL/src/core/lv_obj_style_gen.h:427:26:lv_obj_get_style_arc_color_filtered	24	static
../user/app/src/lvgl_wrappers/../../../../Middlewares/Third_Party/LVGL/src/core/lv_obj_style_gen.h:433:24:lv_obj_get_style_arc_opa	24	static
../user/app/src/lvgl_wrappers/../../../../Middlewares/Third_Party/LVGL/src/core/lv_obj_style_gen.h:439:28:lv_obj_get_style_arc_img_src	24	static
../user/app/src/lvgl_wrappers/../../../../Middlewares/Third_Party/LVGL/src/core/lv_obj_style_gen.h:451:26:lv_obj_get_style_text_color_filtered	24	static
../user/app/src/lvgl_wrappers/../../../../Middlewares/Third_Party/LVGL/src/core/lv_obj_style_gen.h:457:24:lv_obj_get_style_text_opa	24	static
../user/app/src/lvgl_wrappers/../../../../Middlewares/Third_Party/LVGL/src/core/lv_obj_style_gen.h:463:33:lv_obj_get_style_text_font	24	static
../user/app/src/lvgl_wrappers/../../../../Middlewares/Third_Party/LVGL/src/core/lv_obj_style_gen.h:469:26:lv_obj_get_style_text_letter_space	24	static
../user/app/src/lvgl_wrappers/../../../../Middlewares/Third_Party/LVGL/src/core/lv_obj_style_gen.h:475:26:lv_obj_get_style_text_line_space	24	static
../user/app/src/lvgl_wrappers/../../../../Middlewares/Third_Party/LVGL/src/core/lv_obj_style_gen.h:481:31:lv_obj_get_style_text_decor	24	static
../user/app/src/lvgl_wrappers/../../../../Middlewares/Third_Party/LVGL/src/core/lv_obj_style_gen.h:487:31:lv_obj_get_style_text_align	24	static
../user/app/src/lvgl_wrappers/../../../../Middlewares/Third_Party/LVGL/src/core/lv_obj_style_gen.h:493:26:lv_obj_get_style_radius	24	static
../user/app/src/lvgl_wrappers/../../../../Middlewares/Third_Party/LVGL/src/core/lv_obj_style_gen.h:499:20:lv_obj_get_style_clip_corner	24	static
../user/app/src/lvgl_wrappers/../../../../Middlewares/Third_Party/LVGL/src/core/lv_obj_style_gen.h:505:24:lv_obj_get_style_opa	24	static
../user/app/src/lvgl_wrappers/../../../../Middlewares/Third_Party/LVGL/src/core/lv_obj_style_gen.h:511:24:lv_obj_get_style_opa_layered	24	static
../user/app/src/lvgl_wrappers/../../../../Middlewares/Third_Party/LVGL/src/core/lv_obj_style_gen.h:517:45:lv_obj_get_style_color_filter_dsc	24	static
../user/app/src/lvgl_wrappers/../../../../Middlewares/Third_Party/LVGL/src/core/lv_obj_style_gen.h:523:24:lv_obj_get_style_color_filter_opa	24	static
../user/app/src/lvgl_wrappers/../../../../Middlewares/Third_Party/LVGL/src/core/lv_obj_style_gen.h:553:31:lv_obj_get_style_blend_mode	24	static
../user/app/src/lvgl_wrappers/../../../../Middlewares/Third_Party/LVGL/src/core/lv_obj_style_gen.h:559:24:lv_obj_get_style_layout	24	static
../user/app/src/lvgl_wrappers/../../../../Middlewares/Third_Party/LVGL/src/core/lv_obj_style_gen.h:565:29:lv_obj_get_style_base_dir	24	static
../user/app/src/lvgl_wrappers/../../../../Middlewares/Third_Party/LVGL/src/core/lv_disp.h:182:26:lv_scr_act	8	static
../user/app/src/lvgl_wrappers/../../../../Middlewares/Third_Party/LVGL/src/core/lv_disp.c:50:12:lv_disp_get_scr_act	24	static
../user/app/src/lvgl_wrappers/../../../../Middlewares/Third_Party/LVGL/src/core/lv_disp.c:67:12:lv_disp_get_scr_prev	24	static
../user/app/src/lvgl_wrappers/../../../../Middlewares/Third_Party/LVGL/src/core/lv_disp.c:82:6:lv_disp_load_scr	24	static
../user/app/src/lvgl_wrappers/../../../../Middlewares/Third_Party/LVGL/src/core/lv_disp.c:92:12:lv_disp_get_layer_top	24	static
../user/app/src/lvgl_wrappers/../../../../Middlewares/Third_Party/LVGL/src/core/lv_disp.c:109:12:lv_disp_get_layer_sys	24	static
../user/app/src/lvgl_wrappers/../../../../Middlewares/Third_Party/LVGL/src/core/lv_disp.c:124:6:lv_disp_set_theme	24	static
../user/app/src/lvgl_wrappers/../../../../Middlewares/Third_Party/LVGL/src/core/lv_disp.c:146:14:lv_disp_get_theme	16	static
../user/app/src/lvgl_wrappers/../../../../Middlewares/Third_Party/LVGL/src/core/lv_disp.c:157:6:lv_disp_set_bg_color	40	static
../user/app/src/lvgl_wrappers/../../../../Middlewares/Third_Party/LVGL/src/core/lv_disp.c:178:6:lv_disp_set_bg_image	40	static
../user/app/src/lvgl_wrappers/../../../../Middlewares/Third_Party/LVGL/src/core/lv_disp.c:198:6:lv_disp_set_bg_opa	40	static
../user/app/src/lvgl_wrappers/../../../../Middlewares/Third_Party/LVGL/src/core/lv_disp.c:221:6:lv_scr_load_anim	168	static
../user/app/src/lvgl_wrappers/../../../../Middlewares/Third_Party/LVGL/src/core/lv_disp.c:374:10:lv_disp_get_inactive_time	32	static
../user/app/src/lvgl_wrappers/../../../../Middlewares/Third_Party/LVGL/src/core/lv_disp.c:394:6:lv_disp_trig_activity	24	static
../user/app/src/lvgl_wrappers/../../../../Middlewares/Third_Party/LVGL/src/core/lv_disp.c:409:6:lv_disp_clean_dcache	24	static
../user/app/src/lvgl_wrappers/../../../../Middlewares/Third_Party/LVGL/src/core/lv_disp.c:426:6:lv_disp_enable_invalidation	24	static
../user/app/src/lvgl_wrappers/../../../../Middlewares/Third_Party/LVGL/src/core/lv_disp.c:442:6:lv_disp_is_invalidation_enabled	24	static
../user/app/src/lvgl_wrappers/../../../../Middlewares/Third_Party/LVGL/src/core/lv_disp.c:459:14:_lv_disp_get_refr_timer	24	static
../user/app/src/lvgl_wrappers/../../../../Middlewares/Third_Party/LVGL/src/core/lv_disp.c:474:13:scr_load_internal	24	static
../user/app/src/lvgl_wrappers/../../../../Middlewares/Third_Party/LVGL/src/core/lv_disp.c:493:13:scr_load_anim_start	24	static
../user/app/src/lvgl_wrappers/../../../../Middlewares/Third_Party/LVGL/src/core/lv_disp.c:503:13:opa_scale_anim	16	static
../user/app/src/lvgl_wrappers/../../../../Middlewares/Third_Party/LVGL/src/core/lv_disp.c:508:13:set_x_anim	16	static
../user/app/src/lvgl_wrappers/../../../../Middlewares/Third_Party/LVGL/src/core/lv_disp.c:513:13:set_y_anim	16	static
../user/app/src/lvgl_wrappers/../../../../Middlewares/Third_Party/LVGL/src/core/lv_disp.c:518:13:scr_anim_ready	24	static
../user/app/src/lvgl_wrappers/../../../../Middlewares/Third_Party/LVGL/src/core/lv_disp.c:533:13:is_out_anim	16	static
../user/app/src/lvgl_wrappers/../../../../Middlewares/Third_Party/LVGL/src/core/lv_event.c:51:10:lv_event_send	56	static
../user/app/src/lvgl_wrappers/../../../../Middlewares/Third_Party/LVGL/src/core/lv_event.c:82:10:lv_obj_event_base	24	static
../user/app/src/lvgl_wrappers/../../../../Middlewares/Third_Party/LVGL/src/core/lv_event.c:105:12:lv_event_get_target	16	static
../user/app/src/lvgl_wrappers/../../../../Middlewares/Third_Party/LVGL/src/core/lv_event.c:110:12:lv_event_get_current_target	16	static
../user/app/src/lvgl_wrappers/../../../../Middlewares/Third_Party/LVGL/src/core/lv_event.c:115:17:lv_event_get_code	16	static
../user/app/src/lvgl_wrappers/../../../../Middlewares/Third_Party/LVGL/src/core/lv_event.c:120:8:lv_event_get_param	16	static
../user/app/src/lvgl_wrappers/../../../../Middlewares/Third_Party/LVGL/src/core/lv_event.c:125:8:lv_event_get_user_data	16	static
../user/app/src/lvgl_wrappers/../../../../Middlewares/Third_Party/LVGL/src/core/lv_event.c:130:6:lv_event_stop_bubbling	16	static
../user/app/src/lvgl_wrappers/../../../../Middlewares/Third_Party/LVGL/src/core/lv_event.c:135:6:lv_event_stop_processing	16	static
../user/app/src/lvgl_wrappers/../../../../Middlewares/Third_Party/LVGL/src/core/lv_event.c:140:10:lv_event_register_id	4	static
../user/app/src/lvgl_wrappers/../../../../Middlewares/Third_Party/LVGL/src/core/lv_event.c:147:6:_lv_event_mark_deleted	24	static
../user/app/src/lvgl_wrappers/../../../../Middlewares/Third_Party/LVGL/src/core/lv_event.c:157:26:lv_obj_add_event_cb	48	static
../user/app/src/lvgl_wrappers/../../../../Middlewares/Third_Party/LVGL/src/core/lv_event.c:175:6:lv_obj_remove_event_cb	48	static
../user/app/src/lvgl_wrappers/../../../../Middlewares/Third_Party/LVGL/src/core/lv_event.c:199:6:lv_obj_remove_event_cb_with_user_data	56	static
../user/app/src/lvgl_wrappers/../../../../Middlewares/Third_Party/LVGL/src/core/lv_event.c:224:6:lv_obj_remove_event_dsc	48	static
../user/app/src/lvgl_wrappers/../../../../Middlewares/Third_Party/LVGL/src/core/lv_event.c:248:8:lv_obj_get_event_user_data	24	static
../user/app/src/lvgl_wrappers/../../../../Middlewares/Third_Party/LVGL/src/core/lv_event.c:260:14:lv_event_get_indev	24	static
../user/app/src/lvgl_wrappers/../../../../Middlewares/Third_Party/LVGL/src/core/lv_event.c:287:26:lv_event_get_draw_part_dsc	24	static
../user/app/src/lvgl_wrappers/../../../../Middlewares/Third_Party/LVGL/src/core/lv_event.c:299:17:lv_event_get_draw_ctx	24	static
../user/app/src/lvgl_wrappers/../../../../Middlewares/Third_Party/LVGL/src/core/lv_event.c:315:19:lv_event_get_old_size	24	static
../user/app/src/lvgl_wrappers/../../../../Middlewares/Third_Party/LVGL/src/core/lv_event.c:326:10:lv_event_get_key	32	static
../user/app/src/lvgl_wrappers/../../../../Middlewares/Third_Party/LVGL/src/core/lv_event.c:339:13:lv_event_get_scroll_anim	24	static
../user/app/src/lvgl_wrappers/../../../../Middlewares/Third_Party/LVGL/src/core/lv_event.c:350:6:lv_event_set_ext_draw_size	32	static
../user/app/src/lvgl_wrappers/../../../../Middlewares/Third_Party/LVGL/src/core/lv_event.c:361:14:lv_event_get_self_size_info	24	static
../user/app/src/lvgl_wrappers/../../../../Middlewares/Third_Party/LVGL/src/core/lv_event.c:372:22:lv_event_get_hit_test_info	24	static
../user/app/src/lvgl_wrappers/../../../../Middlewares/Third_Party/LVGL/src/core/lv_event.c:383:19:lv_event_get_cover_area	32	static
../user/app/src/lvgl_wrappers/../../../../Middlewares/Third_Party/LVGL/src/core/lv_event.c:395:6:lv_event_set_cover_res	32	static
../user/app/src/lvgl_wrappers/../../../../Middlewares/Third_Party/LVGL/src/core/lv_event.c:410:25:lv_obj_get_event_dsc	16	static
../user/app/src/lvgl_wrappers/../../../../Middlewares/Third_Party/LVGL/src/core/lv_event.c:420:17:event_send_core	32	static
../user/app/src/lvgl_wrappers/../../../../Middlewares/Third_Party/LVGL/src/core/lv_event.c:481:13:event_is_bubbled	16	static
../user/app/src/lvgl_wrappers/../../../../Middlewares/Third_Party/LVGL/src/core/lv_group.c:45:6:_lv_group_init	8	static
../user/app/src/lvgl_wrappers/../../../../Middlewares/Third_Party/LVGL/src/core/lv_group.c:50:14:lv_group_create	32	static
../user/app/src/lvgl_wrappers/../../../../Middlewares/Third_Party/LVGL/src/core/lv_group.c:72:6:lv_group_del	32	static
../user/app/src/lvgl_wrappers/../../../../Middlewares/Third_Party/LVGL/src/core/lv_group.c:101:6:lv_group_set_default	16	static
../user/app/src/lvgl_wrappers/../../../../Middlewares/Third_Party/LVGL/src/core/lv_group.c:106:14:lv_group_get_default	4	static
../user/app/src/lvgl_wrappers/../../../../Middlewares/Third_Party/LVGL/src/core/lv_group.c:111:6:lv_group_add_obj	48	static
../user/app/src/lvgl_wrappers/../../../../Middlewares/Third_Party/LVGL/src/core/lv_group.c:156:6:lv_group_swap_obj	32	static
../user/app/src/lvgl_wrappers/../../../../Middlewares/Third_Party/LVGL/src/core/lv_group.c:176:6:lv_group_remove_obj	32	static
../user/app/src/lvgl_wrappers/../../../../Middlewares/Third_Party/LVGL/src/core/lv_group.c:217:6:lv_group_remove_all_objs	32	static
../user/app/src/lvgl_wrappers/../../../../Middlewares/Third_Party/LVGL/src/core/lv_group.c:235:6:lv_group_focus_obj	40	static
../user/app/src/lvgl_wrappers/../../../../Middlewares/Third_Party/LVGL/src/core/lv_group.c:268:6:lv_group_focus_next	24	static
../user/app/src/lvgl_wrappers/../../../../Middlewares/Third_Party/LVGL/src/core/lv_group.c:277:6:lv_group_focus_prev	24	static
../user/app/src/lvgl_wrappers/../../../../Middlewares/Third_Party/LVGL/src/core/lv_group.c:286:6:lv_group_focus_freeze	16	static
../user/app/src/lvgl_wrappers/../../../../Middlewares/Third_Party/LVGL/src/core/lv_group.c:292:10:lv_group_send_data	24	static
../user/app/src/lvgl_wrappers/../../../../Middlewares/Third_Party/LVGL/src/core/lv_group.c:302:6:lv_group_set_focus_cb	16	static
../user/app/src/lvgl_wrappers/../../../../Middlewares/Third_Party/LVGL/src/core/lv_group.c:307:6:lv_group_set_edge_cb	16	static
../user/app/src/lvgl_wrappers/../../../../Middlewares/Third_Party/LVGL/src/core/lv_group.c:312:6:lv_group_set_editing	40	static
../user/app/src/lvgl_wrappers/../../../../Middlewares/Third_Party/LVGL/src/core/lv_group.c:330:6:lv_group_set_refocus_policy	16	static
../user/app/src/lvgl_wrappers/../../../../Middlewares/Third_Party/LVGL/src/core/lv_group.c:335:6:lv_group_set_wrap	16	static
../user/app/src/lvgl_wrappers/../../../../Middlewares/Third_Party/LVGL/src/core/lv_group.c:340:12:lv_group_get_focused	16	static
../user/app/src/lvgl_wrappers/../../../../Middlewares/Third_Party/LVGL/src/core/lv_group.c:348:21:lv_group_get_focus_cb	16	static
../user/app/src/lvgl_wrappers/../../../../Middlewares/Third_Party/LVGL/src/core/lv_group.c:354:20:lv_group_get_edge_cb	16	static
../user/app/src/lvgl_wrappers/../../../../Middlewares/Third_Party/LVGL/src/core/lv_group.c:360:6:lv_group_get_editing	16	static
../user/app/src/lvgl_wrappers/../../../../Middlewares/Third_Party/LVGL/src/core/lv_group.c:366:6:lv_group_get_wrap	16	static
../user/app/src/lvgl_wrappers/../../../../Middlewares/Third_Party/LVGL/src/core/lv_group.c:372:10:lv_group_get_obj_count	16	static
../user/app/src/lvgl_wrappers/../../../../Middlewares/Third_Party/LVGL/src/core/lv_group.c:380:13:lv_group_refocus	24	static
../user/app/src/lvgl_wrappers/../../../../Middlewares/Third_Party/LVGL/src/core/lv_group.c:394:13:focus_next_core	56	static
../user/app/src/lvgl_wrappers/../../../../Middlewares/Third_Party/LVGL/src/core/lv_group.c:477:21:get_indev	32	static
../user/app/src/lvgl_wrappers/../../../../Middlewares/Third_Party/LVGL/src/core/lv_indev.c:64:6:lv_indev_read_timer_cb	48	static
../user/app/src/lvgl_wrappers/../../../../Middlewares/Third_Party/LVGL/src/core/lv_indev.c:123:6:lv_indev_enable	24	static
../user/app/src/lvgl_wrappers/../../../../Middlewares/Third_Party/LVGL/src/core/lv_indev.c:139:14:lv_indev_get_act	4	static
../user/app/src/lvgl_wrappers/../../../../Middlewares/Third_Party/LVGL/src/core/lv_indev.c:144:17:lv_indev_get_type	16	static
../user/app/src/lvgl_wrappers/../../../../Middlewares/Third_Party/LVGL/src/core/lv_indev.c:151:6:lv_indev_reset	24	static
../user/app/src/lvgl_wrappers/../../../../Middlewares/Third_Party/LVGL/src/core/lv_indev.c:189:6:lv_indev_reset_long_press	16	static
../user/app/src/lvgl_wrappers/../../../../Middlewares/Third_Party/LVGL/src/core/lv_indev.c:196:6:lv_indev_set_cursor	24	static
../user/app/src/lvgl_wrappers/../../../../Middlewares/Third_Party/LVGL/src/core/lv_indev.c:207:6:lv_indev_set_group	16	static
../user/app/src/lvgl_wrappers/../../../../Middlewares/Third_Party/LVGL/src/core/lv_indev.c:214:6:lv_indev_set_button_points	16	static
../user/app/src/lvgl_wrappers/../../../../Middlewares/Third_Party/LVGL/src/core/lv_indev.c:221:6:lv_indev_get_point	16	static
../user/app/src/lvgl_wrappers/../../../../Middlewares/Third_Party/LVGL/src/core/lv_indev.c:238:10:lv_indev_get_gesture_dir	16	static
../user/app/src/lvgl_wrappers/../../../../Middlewares/Third_Party/LVGL/src/core/lv_indev.c:243:10:lv_indev_get_key	16	static
../user/app/src/lvgl_wrappers/../../../../Middlewares/Third_Party/LVGL/src/core/lv_indev.c:251:10:lv_indev_get_scroll_dir	16	static
../user/app/src/lvgl_wrappers/../../../../Middlewares/Third_Party/LVGL/src/core/lv_indev.c:258:12:lv_indev_get_scroll_obj	16	static
../user/app/src/lvgl_wrappers/../../../../Middlewares/Third_Party/LVGL/src/core/lv_indev.c:265:6:lv_indev_get_vect	16	static
../user/app/src/lvgl_wrappers/../../../../Middlewares/Third_Party/LVGL/src/core/lv_indev.c:278:6:lv_indev_wait_release	16	static
../user/app/src/lvgl_wrappers/../../../../Middlewares/Third_Party/LVGL/src/core/lv_indev.c:284:12:lv_indev_get_obj_act	4	static
../user/app/src/lvgl_wrappers/../../../../Middlewares/Third_Party/LVGL/src/core/lv_indev.c:289:14:lv_indev_get_read_timer	24	static
../user/app/src/lvgl_wrappers/../../../../Middlewares/Third_Party/LVGL/src/core/lv_indev.c:299:12:lv_indev_search_obj	40	static
../user/app/src/lvgl_wrappers/../../../../Middlewares/Third_Party/LVGL/src/core/lv_indev.c:339:13:indev_pointer_proc	40	static
../user/app/src/lvgl_wrappers/../../../../Middlewares/Third_Party/LVGL/src/core/lv_indev.c:395:13:indev_keypad_proc	32	static
../user/app/src/lvgl_wrappers/../../../../Middlewares/Third_Party/LVGL/src/core/lv_indev.c:546:13:indev_encoder_proc	40	static
../user/app/src/lvgl_wrappers/../../../../Middlewares/Third_Party/LVGL/src/core/lv_indev.c:767:13:indev_button_proc	32	static
../user/app/src/lvgl_wrappers/../../../../Middlewares/Third_Party/LVGL/src/core/lv_indev.c:816:13:indev_proc_press	32	static
../user/app/src/lvgl_wrappers/../../../../Middlewares/Third_Party/LVGL/src/core/lv_indev.c:949:13:indev_proc_release	32	static
../user/app/src/lvgl_wrappers/../../../../Middlewares/Third_Party/LVGL/src/core/lv_indev.c:1024:13:indev_proc_reset_query_handler	16	static
../user/app/src/lvgl_wrappers/../../../../Middlewares/Third_Party/LVGL/src/core/lv_indev.c:1049:13:indev_click_focus	24	static
../user/app/src/lvgl_wrappers/../../../../Middlewares/Third_Party/LVGL/src/core/lv_indev.c:1118:6:indev_gesture	24	static
../user/app/src/lvgl_wrappers/../../../../Middlewares/Third_Party/LVGL/src/core/lv_indev.c:1171:13:indev_reset_check	16	static
../user/app/src/lvgl_wrappers/../../../../Middlewares/Third_Party/LVGL/src/core/lv_indev_scroll.c:46:6:_lv_indev_scroll_handler	56	static
../user/app/src/lvgl_wrappers/../../../../Middlewares/Third_Party/LVGL/src/core/lv_indev_scroll.c:109:6:_lv_indev_scroll_throw_handler	64	static
../user/app/src/lvgl_wrappers/../../../../Middlewares/Third_Party/LVGL/src/core/lv_indev_scroll.c:220:12:lv_indev_scroll_throw_predict	24	static
../user/app/src/lvgl_wrappers/../../../../Middlewares/Third_Party/LVGL/src/core/lv_indev_scroll.c:245:6:lv_indev_scroll_get_snap_dist	16	static
../user/app/src/lvgl_wrappers/../../../../Middlewares/Third_Party/LVGL/src/core/lv_indev_scroll.c:255:19:find_scroll_obj	72	static
../user/app/src/lvgl_wrappers/../../../../Middlewares/Third_Party/LVGL/src/core/lv_indev_scroll.c:384:13:init_scroll_limits	40	static
../user/app/src/lvgl_wrappers/../../../../Middlewares/Third_Party/LVGL/src/core/lv_indev_scroll.c:452:19:find_snap_point_x	64	static
../user/app/src/lvgl_wrappers/../../../../Middlewares/Third_Party/LVGL/src/core/lv_indev_scroll.c:507:19:find_snap_point_y	64	static
../user/app/src/lvgl_wrappers/../../../../Middlewares/Third_Party/LVGL/src/core/lv_indev_scroll.c:553:13:scroll_limit_diff	24	static
../user/app/src/lvgl_wrappers/../../../../Middlewares/Third_Party/LVGL/src/core/lv_indev_scroll.c:576:19:scroll_throw_predict_y	32	static
../user/app/src/lvgl_wrappers/../../../../Middlewares/Third_Party/LVGL/src/core/lv_indev_scroll.c:591:19:scroll_throw_predict_x	32	static
../user/app/src/lvgl_wrappers/../../../../Middlewares/Third_Party/LVGL/src/core/lv_indev_scroll.c:606:19:elastic_diff	48	static
../user/app/src/lvgl_wrappers/../../../../Middlewares/Third_Party/LVGL/src/core/lv_obj.c:93:6:lv_is_initialized	4	static
../user/app/src/lvgl_wrappers/../../../../Middlewares/Third_Party/LVGL/src/core/lv_obj.c:98:6:lv_init	48	static
../user/app/src/lvgl_wrappers/../../../../Middlewares/Third_Party/LVGL/src/core/lv_obj.c:197:6:lv_deinit	8	static
../user/app/src/lvgl_wrappers/../../../../Middlewares/Third_Party/LVGL/src/core/lv_obj.c:213:12:lv_obj_create	24	static
../user/app/src/lvgl_wrappers/../../../../Middlewares/Third_Party/LVGL/src/core/lv_obj.c:229:6:lv_obj_add_flag	48	static
../user/app/src/lvgl_wrappers/../../../../Middlewares/Third_Party/LVGL/src/core/lv_obj.c:266:6:lv_obj_clear_flag	40	static
../user/app/src/lvgl_wrappers/../../../../Middlewares/Third_Party/LVGL/src/core/lv_obj.c:294:6:lv_obj_add_state	24	static
../user/app/src/lvgl_wrappers/../../../../Middlewares/Third_Party/LVGL/src/core/lv_obj.c:304:6:lv_obj_clear_state	24	static
../user/app/src/lvgl_wrappers/../../../../Middlewares/Third_Party/LVGL/src/core/lv_obj.c:318:6:lv_obj_has_flag	16	static
../user/app/src/lvgl_wrappers/../../../../Middlewares/Third_Party/LVGL/src/core/lv_obj.c:325:6:lv_obj_has_flag_any	16	static
../user/app/src/lvgl_wrappers/../../../../Middlewares/Third_Party/LVGL/src/core/lv_obj.c:332:12:lv_obj_get_state	16	static
../user/app/src/lvgl_wrappers/../../../../Middlewares/Third_Party/LVGL/src/core/lv_obj.c:339:6:lv_obj_has_state	16	static
../user/app/src/lvgl_wrappers/../../../../Middlewares/Third_Party/LVGL/src/core/lv_obj.c:346:8:lv_obj_get_group	16	static
../user/app/src/lvgl_wrappers/../../../../Middlewares/Third_Party/LVGL/src/core/lv_obj.c:358:6:lv_obj_allocate_spec_attr	32	static
../user/app/src/lvgl_wrappers/../../../../Middlewares/Third_Party/LVGL/src/core/lv_obj.c:376:6:lv_obj_check_type	16	static
../user/app/src/lvgl_wrappers/../../../../Middlewares/Third_Party/LVGL/src/core/lv_obj.c:382:6:lv_obj_has_class	24	static
../user/app/src/lvgl_wrappers/../../../../Middlewares/Third_Party/LVGL/src/core/lv_obj.c:393:24:lv_obj_get_class	16	static
../user/app/src/lvgl_wrappers/../../../../Middlewares/Third_Party/LVGL/src/core/lv_obj.c:398:6:lv_obj_is_valid	32	static
../user/app/src/lvgl_wrappers/../../../../Middlewares/Third_Party/LVGL/src/core/lv_obj.c:419:13:lv_obj_constructor	32	static
../user/app/src/lvgl_wrappers/../../../../Middlewares/Third_Party/LVGL/src/core/lv_obj.c:450:13:lv_obj_destructor	24	static
../user/app/src/lvgl_wrappers/../../../../Middlewares/Third_Party/LVGL/src/core/lv_obj.c:483:13:lv_obj_draw	224	static
../user/app/src/lvgl_wrappers/../../../../Middlewares/Third_Party/LVGL/src/core/lv_obj.c:631:13:draw_scrollbar	168	static
../user/app/src/lvgl_wrappers/../../../../Middlewares/Third_Party/LVGL/src/core/lv_obj.c:672:17:scrollbar_init_draw_dsc	32	static
../user/app/src/lvgl_wrappers/../../../../Middlewares/Third_Party/LVGL/src/core/lv_obj.c:724:13:lv_obj_event	120	static
../user/app/src/lvgl_wrappers/../../../../Middlewares/Third_Party/LVGL/src/core/lv_obj.c:883:13:lv_obj_set_state	88	static
../user/app/src/lvgl_wrappers/../../../../Middlewares/Third_Party/LVGL/src/core/lv_obj.c:956:13:obj_valid_child	32	static
../user/app/src/lvgl_wrappers/../../../../Middlewares/Third_Party/LVGL/src/core/lv_obj_class.c:43:12:lv_obj_class_create_obj	48	static
../user/app/src/lvgl_wrappers/../../../../Middlewares/Third_Party/LVGL/src/core/lv_obj_class.c:104:6:lv_obj_class_init_obj	24	static
../user/app/src/lvgl_wrappers/../../../../Middlewares/Third_Party/LVGL/src/core/lv_obj_class.c:134:6:_lv_obj_destruct	16	static
../user/app/src/lvgl_wrappers/../../../../Middlewares/Third_Party/LVGL/src/core/lv_obj_class.c:147:6:lv_obj_is_editable	24	static
../user/app/src/lvgl_wrappers/../../../../Middlewares/Third_Party/LVGL/src/core/lv_obj_class.c:159:6:lv_obj_is_group_def	24	static
../user/app/src/lvgl_wrappers/../../../../Middlewares/Third_Party/LVGL/src/core/lv_obj_class.c:175:13:lv_obj_construct	24	static
../user/app/src/lvgl_wrappers/../../../../Middlewares/Third_Party/LVGL/src/core/lv_obj_class.c:193:17:get_instance_size	24	static
../user/app/src/lvgl_wrappers/../../../../Middlewares/Third_Party/LVGL/src/core/lv_obj_draw.c:39:6:lv_obj_init_draw_rect_dsc	40	static
../user/app/src/lvgl_wrappers/../../../../Middlewares/Third_Party/LVGL/src/core/lv_obj_draw.c:191:6:lv_obj_init_draw_label_dsc	40	static
../user/app/src/lvgl_wrappers/../../../../Middlewares/Third_Party/LVGL/src/core/lv_obj_draw.c:223:6:lv_obj_init_draw_img_dsc	40	static
../user/app/src/lvgl_wrappers/../../../../Middlewares/Third_Party/LVGL/src/core/lv_obj_draw.c:252:6:lv_obj_init_draw_line_dsc	40	static
../user/app/src/lvgl_wrappers/../../../../Middlewares/Third_Party/LVGL/src/core/lv_obj_draw.c:285:6:lv_obj_init_draw_arc_dsc	40	static
../user/app/src/lvgl_wrappers/../../../../Middlewares/Third_Party/LVGL/src/core/lv_obj_draw.c:313:12:lv_obj_calculate_ext_draw_size	40	static
../user/app/src/lvgl_wrappers/../../../../Middlewares/Third_Party/LVGL/src/core/lv_obj_draw.c:347:6:lv_obj_draw_dsc_init	16	static
../user/app/src/lvgl_wrappers/../../../../Middlewares/Third_Party/LVGL/src/core/lv_obj_draw.c:353:6:lv_obj_draw_part_check_type	24	static
../user/app/src/lvgl_wrappers/../../../../Middlewares/Third_Party/LVGL/src/core/lv_obj_draw.c:359:6:lv_obj_refresh_ext_draw_size	24	static
../user/app/src/lvgl_wrappers/../../../../Middlewares/Third_Party/LVGL/src/core/lv_obj_draw.c:383:12:_lv_obj_get_ext_draw_size	16	static
../user/app/src/lvgl_wrappers/../../../../Middlewares/Third_Party/LVGL/src/core/lv_obj_draw.c:389:17:_lv_obj_get_layer_type	16	static
../user/app/src/lvgl_wrappers/../../../../Middlewares/Third_Party/LVGL/src/core/lv_obj_pos.c:44:6:lv_obj_set_pos	16	static
../user/app/src/lvgl_wrappers/../../../../Middlewares/Third_Party/LVGL/src/core/lv_obj_pos.c:52:6:lv_obj_set_x	24	static
../user/app/src/lvgl_wrappers/../../../../Middlewares/Third_Party/LVGL/src/core/lv_obj_pos.c:66:6:lv_obj_set_y	24	static
../user/app/src/lvgl_wrappers/../../../../Middlewares/Third_Party/LVGL/src/core/lv_obj_pos.c:80:6:lv_obj_refr_size	72	static
../user/app/src/lvgl_wrappers/../../../../Middlewares/Third_Party/LVGL/src/core/lv_obj_pos.c:215:6:lv_obj_set_size	16	static
../user/app/src/lvgl_wrappers/../../../../Middlewares/Third_Party/LVGL/src/core/lv_obj_pos.c:223:6:lv_obj_set_width	24	static
../user/app/src/lvgl_wrappers/../../../../Middlewares/Third_Party/LVGL/src/core/lv_obj_pos.c:236:6:lv_obj_set_height	24	static
../user/app/src/lvgl_wrappers/../../../../Middlewares/Third_Party/LVGL/src/core/lv_obj_pos.c:249:6:lv_obj_set_content_width	24	static
../user/app/src/lvgl_wrappers/../../../../Middlewares/Third_Party/LVGL/src/core/lv_obj_pos.c:258:6:lv_obj_set_content_height	24	static
../user/app/src/lvgl_wrappers/../../../../Middlewares/Third_Party/LVGL/src/core/lv_obj_pos.c:267:6:lv_obj_set_layout	16	static
../user/app/src/lvgl_wrappers/../../../../Middlewares/Third_Party/LVGL/src/core/lv_obj_pos.c:276:6:lv_obj_is_layout_positioned	24	static
../user/app/src/lvgl_wrappers/../../../../Middlewares/Third_Party/LVGL/src/core/lv_obj_pos.c:288:6:lv_obj_mark_layout_as_dirty	24	static
../user/app/src/lvgl_wrappers/../../../../Middlewares/Third_Party/LVGL/src/core/lv_obj_pos.c:301:6:lv_obj_update_layout	24	static
../user/app/src/lvgl_wrappers/../../../../Middlewares/Third_Party/LVGL/src/core/lv_obj_pos.c:323:10:lv_layout_register	32	static
../user/app/src/lvgl_wrappers/../../../../Middlewares/Third_Party/LVGL/src/core/lv_obj_pos.c:334:6:lv_obj_set_align	16	static
../user/app/src/lvgl_wrappers/../../../../Middlewares/Third_Party/LVGL/src/core/lv_obj_pos.c:339:6:lv_obj_align	24	static
../user/app/src/lvgl_wrappers/../../../../Middlewares/Third_Party/LVGL/src/core/lv_obj_pos.c:345:6:lv_obj_align_to	56	static
../user/app/src/lvgl_wrappers/../../../../Middlewares/Third_Party/LVGL/src/core/lv_obj_pos.c:487:6:lv_obj_get_coords	16	static
../user/app/src/lvgl_wrappers/../../../../Middlewares/Third_Party/LVGL/src/core/lv_obj_pos.c:494:12:lv_obj_get_x	24	static
../user/app/src/lvgl_wrappers/../../../../Middlewares/Third_Party/LVGL/src/core/lv_obj_pos.c:512:12:lv_obj_get_x2	24	static
../user/app/src/lvgl_wrappers/../../../../Middlewares/Third_Party/LVGL/src/core/lv_obj_pos.c:519:12:lv_obj_get_y	24	static
../user/app/src/lvgl_wrappers/../../../../Middlewares/Third_Party/LVGL/src/core/lv_obj_pos.c:537:12:lv_obj_get_y2	24	static
../user/app/src/lvgl_wrappers/../../../../Middlewares/Third_Party/LVGL/src/core/lv_obj_pos.c:544:12:lv_obj_get_x_aligned	16	static
../user/app/src/lvgl_wrappers/../../../../Middlewares/Third_Party/LVGL/src/core/lv_obj_pos.c:549:12:lv_obj_get_y_aligned	16	static
../user/app/src/lvgl_wrappers/../../../../Middlewares/Third_Party/LVGL/src/core/lv_obj_pos.c:554:12:lv_obj_get_width	16	static
../user/app/src/lvgl_wrappers/../../../../Middlewares/Third_Party/LVGL/src/core/lv_obj_pos.c:561:12:lv_obj_get_height	16	static
../user/app/src/lvgl_wrappers/../../../../Middlewares/Third_Party/LVGL/src/core/lv_obj_pos.c:568:12:lv_obj_get_content_width	24	static
../user/app/src/lvgl_wrappers/../../../../Middlewares/Third_Party/LVGL/src/core/lv_obj_pos.c:579:12:lv_obj_get_content_height	24	static
../user/app/src/lvgl_wrappers/../../../../Middlewares/Third_Party/LVGL/src/core/lv_obj_pos.c:590:6:lv_obj_get_content_coords	24	static
../user/app/src/lvgl_wrappers/../../../../Middlewares/Third_Party/LVGL/src/core/lv_obj_pos.c:604:12:lv_obj_get_self_width	24	static
../user/app/src/lvgl_wrappers/../../../../Middlewares/Third_Party/LVGL/src/core/lv_obj_pos.c:611:12:lv_obj_get_self_height	24	static
../user/app/src/lvgl_wrappers/../../../../Middlewares/Third_Party/LVGL/src/core/lv_obj_pos.c:618:6:lv_obj_refresh_self_size	24	static
../user/app/src/lvgl_wrappers/../../../../Middlewares/Third_Party/LVGL/src/core/lv_obj_pos.c:628:6:lv_obj_refr_pos	40	static
../user/app/src/lvgl_wrappers/../../../../Middlewares/Third_Party/LVGL/src/core/lv_obj_pos.c:707:6:lv_obj_move_to	64	static
../user/app/src/lvgl_wrappers/../../../../Middlewares/Third_Party/LVGL/src/core/lv_obj_pos.c:780:6:lv_obj_move_children_by	40	static
../user/app/src/lvgl_wrappers/../../../../Middlewares/Third_Party/LVGL/src/core/lv_obj_pos.c:796:6:lv_obj_transform_point	32	static
../user/app/src/lvgl_wrappers/../../../../Middlewares/Third_Party/LVGL/src/core/lv_obj_pos.c:812:6:lv_obj_get_transformed_area	40	static
../user/app/src/lvgl_wrappers/../../../../Middlewares/Third_Party/LVGL/src/core/lv_obj_pos.c:834:6:lv_obj_invalidate_area	32	static
../user/app/src/lvgl_wrappers/../../../../Middlewares/Third_Party/LVGL/src/core/lv_obj_pos.c:848:6:lv_obj_invalidate	32	static
../user/app/src/lvgl_wrappers/../../../../Middlewares/Third_Party/LVGL/src/core/lv_obj_pos.c:865:6:lv_obj_area_is_visible	48	static
../user/app/src/lvgl_wrappers/../../../../Middlewares/Third_Party/LVGL/src/core/lv_obj_pos.c:914:6:lv_obj_is_visible	32	static
../user/app/src/lvgl_wrappers/../../../../Middlewares/Third_Party/LVGL/src/core/lv_obj_pos.c:930:6:lv_obj_set_ext_click_area	16	static
../user/app/src/lvgl_wrappers/../../../../Middlewares/Third_Party/LVGL/src/core/lv_obj_pos.c:938:6:lv_obj_get_click_area	16	static
../user/app/src/lvgl_wrappers/../../../../Middlewares/Third_Party/LVGL/src/core/lv_obj_pos.c:949:6:lv_obj_hit_test	40	static
../user/app/src/lvgl_wrappers/../../../../Middlewares/Third_Party/LVGL/src/core/lv_obj_pos.c:970:12:lv_clamp_width	16	static
../user/app/src/lvgl_wrappers/../../../../Middlewares/Third_Party/LVGL/src/core/lv_obj_pos.c:977:12:lv_clamp_height	16	static
../user/app/src/lvgl_wrappers/../../../../Middlewares/Third_Party/LVGL/src/core/lv_obj_pos.c:988:19:calc_content_width	64	static
../user/app/src/lvgl_wrappers/../../../../Middlewares/Third_Party/LVGL/src/core/lv_obj_pos.c:1072:19:calc_content_height	56	static
../user/app/src/lvgl_wrappers/../../../../Middlewares/Third_Party/LVGL/src/core/lv_obj_pos.c:1124:13:layout_update_core	40	static
../user/app/src/lvgl_wrappers/../../../../Middlewares/Third_Party/LVGL/src/core/lv_obj_pos.c:1153:13:transform_point	40	static
../user/app/src/lvgl_wrappers/../../../../Middlewares/Third_Party/LVGL/src/core/lv_obj_scroll.c:56:6:lv_obj_set_scrollbar_mode	16	static
../user/app/src/lvgl_wrappers/../../../../Middlewares/Third_Party/LVGL/src/core/lv_obj_scroll.c:67:6:lv_obj_set_scroll_dir	16	static
../user/app/src/lvgl_wrappers/../../../../Middlewares/Third_Party/LVGL/src/core/lv_obj_scroll.c:76:6:lv_obj_set_scroll_snap_x	16	static
../user/app/src/lvgl_wrappers/../../../../Middlewares/Third_Party/LVGL/src/core/lv_obj_scroll.c:82:6:lv_obj_set_scroll_snap_y	16	static
../user/app/src/lvgl_wrappers/../../../../Middlewares/Third_Party/LVGL/src/core/lv_obj_scroll.c:92:21:lv_obj_get_scrollbar_mode	16	static
../user/app/src/lvgl_wrappers/../../../../Middlewares/Third_Party/LVGL/src/core/lv_obj_scroll.c:98:10:lv_obj_get_scroll_dir	16	static
../user/app/src/lvgl_wrappers/../../../../Middlewares/Third_Party/LVGL/src/core/lv_obj_scroll.c:104:18:lv_obj_get_scroll_snap_x	16	static
../user/app/src/lvgl_wrappers/../../../../Middlewares/Third_Party/LVGL/src/core/lv_obj_scroll.c:110:18:lv_obj_get_scroll_snap_y	16	static
../user/app/src/lvgl_wrappers/../../../../Middlewares/Third_Party/LVGL/src/core/lv_obj_scroll.c:116:12:lv_obj_get_scroll_x	16	static
../user/app/src/lvgl_wrappers/../../../../Middlewares/Third_Party/LVGL/src/core/lv_obj_scroll.c:122:12:lv_obj_get_scroll_y	16	static
../user/app/src/lvgl_wrappers/../../../../Middlewares/Third_Party/LVGL/src/core/lv_obj_scroll.c:128:12:lv_obj_get_scroll_top	16	static
../user/app/src/lvgl_wrappers/../../../../Middlewares/Third_Party/LVGL/src/core/lv_obj_scroll.c:134:12:lv_obj_get_scroll_bottom	48	static
../user/app/src/lvgl_wrappers/../../../../Middlewares/Third_Party/LVGL/src/core/lv_obj_scroll.c:161:12:lv_obj_get_scroll_left	56	static
../user/app/src/lvgl_wrappers/../../../../Middlewares/Third_Party/LVGL/src/core/lv_obj_scroll.c:204:12:lv_obj_get_scroll_right	48	static
../user/app/src/lvgl_wrappers/../../../../Middlewares/Third_Party/LVGL/src/core/lv_obj_scroll.c:240:6:lv_obj_get_scroll_end	24	static
../user/app/src/lvgl_wrappers/../../../../Middlewares/Third_Party/LVGL/src/core/lv_obj_scroll.c:254:6:lv_obj_scroll_by_bounded	48	static
../user/app/src/lvgl_wrappers/../../../../Middlewares/Third_Party/LVGL/src/core/lv_obj_scroll.c:302:6:lv_obj_scroll_by	120	static
../user/app/src/lvgl_wrappers/../../../../Middlewares/Third_Party/LVGL/src/core/lv_obj_scroll.c:361:6:lv_obj_scroll_to	24	static
../user/app/src/lvgl_wrappers/../../../../Middlewares/Third_Party/LVGL/src/core/lv_obj_scroll.c:367:6:lv_obj_scroll_to_x	24	static
../user/app/src/lvgl_wrappers/../../../../Middlewares/Third_Party/LVGL/src/core/lv_obj_scroll.c:377:6:lv_obj_scroll_to_y	24	static
../user/app/src/lvgl_wrappers/../../../../Middlewares/Third_Party/LVGL/src/core/lv_obj_scroll.c:387:6:lv_obj_scroll_to_view	24	static
../user/app/src/lvgl_wrappers/../../../../Middlewares/Third_Party/LVGL/src/core/lv_obj_scroll.c:396:6:lv_obj_scroll_to_view_recursive	32	static
../user/app/src/lvgl_wrappers/../../../../Middlewares/Third_Party/LVGL/src/core/lv_obj_scroll.c:411:10:_lv_obj_scroll_by_raw	24	static
../user/app/src/lvgl_wrappers/../../../../Middlewares/Third_Party/LVGL/src/core/lv_obj_scroll.c:427:6:lv_obj_is_scrolling	24	static
../user/app/src/lvgl_wrappers/../../../../Middlewares/Third_Party/LVGL/src/core/lv_obj_scroll.c:438:6:lv_obj_update_snap	24	static
../user/app/src/lvgl_wrappers/../../../../Middlewares/Third_Party/LVGL/src/core/lv_obj_scroll.c:446:6:lv_obj_get_scrollbar_area	96	static
../user/app/src/lvgl_wrappers/../../../../Middlewares/Third_Party/LVGL/src/core/lv_obj_scroll.c:619:6:lv_obj_scrollbar_invalidate	32	static
../user/app/src/lvgl_wrappers/../../../../Middlewares/Third_Party/LVGL/src/core/lv_obj_scroll.c:631:6:lv_obj_readjust_scroll	24	static
../user/app/src/lvgl_wrappers/../../../../Middlewares/Third_Party/LVGL/src/core/lv_obj_scroll.c:668:13:scroll_x_anim	16	static
../user/app/src/lvgl_wrappers/../../../../Middlewares/Third_Party/LVGL/src/core/lv_obj_scroll.c:673:13:scroll_y_anim	16	static
../user/app/src/lvgl_wrappers/../../../../Middlewares/Third_Party/LVGL/src/core/lv_obj_scroll.c:678:13:scroll_anim_ready_cb	16	static
../user/app/src/lvgl_wrappers/../../../../Middlewares/Third_Party/LVGL/src/core/lv_obj_scroll.c:683:13:scroll_area_into_view	80	static
../user/app/src/lvgl_wrappers/../../../../Middlewares/Third_Party/LVGL/src/core/lv_obj_style.c:71:6:_lv_obj_style_init	8	static
../user/app/src/lvgl_wrappers/../../../../Middlewares/Third_Party/LVGL/src/core/lv_obj_style.c:76:6:lv_obj_add_style	32	static
../user/app/src/lvgl_wrappers/../../../../Middlewares/Third_Party/LVGL/src/core/lv_obj_style.c:106:6:lv_obj_remove_style	56	static
../user/app/src/lvgl_wrappers/../../../../Middlewares/Third_Party/LVGL/src/core/lv_obj_style.c:153:6:lv_obj_report_style_change	24	static
../user/app/src/lvgl_wrappers/../../../../Middlewares/Third_Party/LVGL/src/core/lv_obj_style.c:167:6:lv_obj_refresh_style	40	static
../user/app/src/lvgl_wrappers/../../../../Middlewares/Third_Party/LVGL/src/core/lv_obj_style.c:218:6:lv_obj_enable_style_refresh	16	static
../user/app/src/lvgl_wrappers/../../../../Middlewares/Third_Party/LVGL/src/core/lv_obj_style.c:223:18:lv_obj_get_style_prop	40	static
../user/app/src/lvgl_wrappers/../../../../Middlewares/Third_Party/LVGL/src/core/lv_obj_style.c:270:6:lv_obj_set_local_style_prop	32	static
../user/app/src/lvgl_wrappers/../../../../Middlewares/Third_Party/LVGL/src/core/lv_obj_style.c:278:6:lv_obj_set_local_style_prop_meta	32	static
../user/app/src/lvgl_wrappers/../../../../Middlewares/Third_Party/LVGL/src/core/lv_obj_style.c:286:16:lv_obj_get_local_style_prop	32	static
../user/app/src/lvgl_wrappers/../../../../Middlewares/Third_Party/LVGL/src/core/lv_obj_style.c:300:6:lv_obj_remove_local_style_prop	32	static
../user/app/src/lvgl_wrappers/../../../../Middlewares/Third_Party/LVGL/src/core/lv_obj_style.c:324:6:_lv_obj_style_create_transition	128	static
../user/app/src/lvgl_wrappers/../../../../Middlewares/Third_Party/LVGL/src/core/lv_obj_style.c:380:18:_lv_obj_style_apply_color_filter	32	static
../user/app/src/lvgl_wrappers/../../../../Middlewares/Third_Party/LVGL/src/core/lv_obj_style.c:391:23:_lv_obj_style_state_compare	40	static
../user/app/src/lvgl_wrappers/../../../../Middlewares/Third_Party/LVGL/src/core/lv_obj_style.c:453:6:lv_obj_fade_in	96	static
../user/app/src/lvgl_wrappers/../../../../Middlewares/Third_Party/LVGL/src/core/lv_obj_style.c:466:6:lv_obj_fade_out	96	static
../user/app/src/lvgl_wrappers/../../../../Middlewares/Third_Party/LVGL/src/core/lv_obj_style.c:478:12:lv_obj_style_get_selector_state	16	static
../user/app/src/lvgl_wrappers/../../../../Middlewares/Third_Party/LVGL/src/core/lv_obj_style.c:483:11:lv_obj_style_get_selector_part	16	static
../user/app/src/lvgl_wrappers/../../../../Middlewares/Third_Party/LVGL/src/core/lv_obj_style.c:488:17:lv_obj_calculate_style_text_align	32	static
../user/app/src/lvgl_wrappers/../../../../Middlewares/Third_Party/LVGL/src/core/lv_obj_style.c:496:10:lv_obj_get_style_opa_recursive	24	static
../user/app/src/lvgl_wrappers/../../../../Middlewares/Third_Party/LVGL/src/core/lv_obj_style.c:540:21:get_local_style	48	static
../user/app/src/lvgl_wrappers/../../../../Middlewares/Third_Party/LVGL/src/core/lv_obj_style.c:576:26:get_trans_style	32	static
../user/app/src/lvgl_wrappers/../../../../Middlewares/Third_Party/LVGL/src/core/lv_obj_style.c:601:23:get_prop_core	72	static
../user/app/src/lvgl_wrappers/../../../../Middlewares/Third_Party/LVGL/src/core/lv_obj_style.c:673:13:report_style_change_core	24	static
../user/app/src/lvgl_wrappers/../../../../Middlewares/Third_Party/LVGL/src/core/lv_obj_style.c:694:13:refresh_children_style	32	static
../user/app/src/lvgl_wrappers/../../../../Middlewares/Third_Party/LVGL/src/core/lv_obj_style.c:717:13:trans_del	40	static
../user/app/src/lvgl_wrappers/../../../../Middlewares/Third_Party/LVGL/src/core/lv_obj_style.c:751:13:trans_anim_cb	40	static
../user/app/src/lvgl_wrappers/../../../../Middlewares/Third_Party/LVGL/src/core/lv_obj_style.c:815:13:trans_anim_start_cb	40	static
../user/app/src/lvgl_wrappers/../../../../Middlewares/Third_Party/LVGL/src/core/lv_obj_style.c:836:13:trans_anim_ready_cb	48	static
../user/app/src/lvgl_wrappers/../../../../Middlewares/Third_Party/LVGL/src/core/lv_obj_style.c:874:24:calculate_layer_type	16	static
../user/app/src/lvgl_wrappers/../../../../Middlewares/Third_Party/LVGL/src/core/lv_obj_style.c:885:13:fade_anim_cb	16	static
../user/app/src/lvgl_wrappers/../../../../Middlewares/Third_Party/LVGL/src/core/lv_obj_style.c:890:13:fade_in_anim_ready	16	static
../user/app/src/lvgl_wrappers/../../../../Middlewares/Third_Party/LVGL/src/core/lv_obj_style_gen.c:3:6:lv_obj_set_style_width	32	static
../user/app/src/lvgl_wrappers/../../../../Middlewares/Third_Party/LVGL/src/core/lv_obj_style_gen.c:11:6:lv_obj_set_style_min_width	32	static
../user/app/src/lvgl_wrappers/../../../../Middlewares/Third_Party/LVGL/src/core/lv_obj_style_gen.c:19:6:lv_obj_set_style_max_width	32	static
../user/app/src/lvgl_wrappers/../../../../Middlewares/Third_Party/LVGL/src/core/lv_obj_style_gen.c:27:6:lv_obj_set_style_height	32	static
../user/app/src/lvgl_wrappers/../../../../Middlewares/Third_Party/LVGL/src/core/lv_obj_style_gen.c:35:6:lv_obj_set_style_min_height	32	static
../user/app/src/lvgl_wrappers/../../../../Middlewares/Third_Party/LVGL/src/core/lv_obj_style_gen.c:43:6:lv_obj_set_style_max_height	32	static
../user/app/src/lvgl_wrappers/../../../../Middlewares/Third_Party/LVGL/src/core/lv_obj_style_gen.c:51:6:lv_obj_set_style_x	32	static
../user/app/src/lvgl_wrappers/../../../../Middlewares/Third_Party/LVGL/src/core/lv_obj_style_gen.c:59:6:lv_obj_set_style_y	32	static
../user/app/src/lvgl_wrappers/../../../../Middlewares/Third_Party/LVGL/src/core/lv_obj_style_gen.c:67:6:lv_obj_set_style_align	32	static
../user/app/src/lvgl_wrappers/../../../../Middlewares/Third_Party/LVGL/src/core/lv_obj_style_gen.c:75:6:lv_obj_set_style_transform_width	32	static
../user/app/src/lvgl_wrappers/../../../../Middlewares/Third_Party/LVGL/src/core/lv_obj_style_gen.c:83:6:lv_obj_set_style_transform_height	32	static
../user/app/src/lvgl_wrappers/../../../../Middlewares/Third_Party/LVGL/src/core/lv_obj_style_gen.c:91:6:lv_obj_set_style_translate_x	32	static
../user/app/src/lvgl_wrappers/../../../../Middlewares/Third_Party/LVGL/src/core/lv_obj_style_gen.c:99:6:lv_obj_set_style_translate_y	32	static
../user/app/src/lvgl_wrappers/../../../../Middlewares/Third_Party/LVGL/src/core/lv_obj_style_gen.c:107:6:lv_obj_set_style_transform_zoom	32	static
../user/app/src/lvgl_wrappers/../../../../Middlewares/Third_Party/LVGL/src/core/lv_obj_style_gen.c:115:6:lv_obj_set_style_transform_angle	32	static
../user/app/src/lvgl_wrappers/../../../../Middlewares/Third_Party/LVGL/src/core/lv_obj_style_gen.c:123:6:lv_obj_set_style_transform_pivot_x	32	static
../user/app/src/lvgl_wrappers/../../../../Middlewares/Third_Party/LVGL/src/core/lv_obj_style_gen.c:131:6:lv_obj_set_style_transform_pivot_y	32	static
../user/app/src/lvgl_wrappers/../../../../Middlewares/Third_Party/LVGL/src/core/lv_obj_style_gen.c:139:6:lv_obj_set_style_pad_top	32	static
../user/app/src/lvgl_wrappers/../../../../Middlewares/Third_Party/LVGL/src/core/lv_obj_style_gen.c:147:6:lv_obj_set_style_pad_bottom	32	static
../user/app/src/lvgl_wrappers/../../../../Middlewares/Third_Party/LVGL/src/core/lv_obj_style_gen.c:155:6:lv_obj_set_style_pad_left	32	static
../user/app/src/lvgl_wrappers/../../../../Middlewares/Third_Party/LVGL/src/core/lv_obj_style_gen.c:163:6:lv_obj_set_style_pad_right	32	static
../user/app/src/lvgl_wrappers/../../../../Middlewares/Third_Party/LVGL/src/core/lv_obj_style_gen.c:171:6:lv_obj_set_style_pad_row	32	static
../user/app/src/lvgl_wrappers/../../../../Middlewares/Third_Party/LVGL/src/core/lv_obj_style_gen.c:179:6:lv_obj_set_style_pad_column	32	static
../user/app/src/lvgl_wrappers/../../../../Middlewares/Third_Party/LVGL/src/core/lv_obj_style_gen.c:187:6:lv_obj_set_style_bg_color	32	static
../user/app/src/lvgl_wrappers/../../../../Middlewares/Third_Party/LVGL/src/core/lv_obj_style_gen.c:195:6:lv_obj_set_style_bg_opa	32	static
../user/app/src/lvgl_wrappers/../../../../Middlewares/Third_Party/LVGL/src/core/lv_obj_style_gen.c:203:6:lv_obj_set_style_bg_grad_color	32	static
../user/app/src/lvgl_wrappers/../../../../Middlewares/Third_Party/LVGL/src/core/lv_obj_style_gen.c:211:6:lv_obj_set_style_bg_grad_dir	32	static
../user/app/src/lvgl_wrappers/../../../../Middlewares/Third_Party/LVGL/src/core/lv_obj_style_gen.c:219:6:lv_obj_set_style_bg_main_stop	32	static
../user/app/src/lvgl_wrappers/../../../../Middlewares/Third_Party/LVGL/src/core/lv_obj_style_gen.c:227:6:lv_obj_set_style_bg_grad_stop	32	static
../user/app/src/lvgl_wrappers/../../../../Middlewares/Third_Party/LVGL/src/core/lv_obj_style_gen.c:235:6:lv_obj_set_style_bg_grad	32	static
../user/app/src/lvgl_wrappers/../../../../Middlewares/Third_Party/LVGL/src/core/lv_obj_style_gen.c:243:6:lv_obj_set_style_bg_dither_mode	32	static
../user/app/src/lvgl_wrappers/../../../../Middlewares/Third_Party/LVGL/src/core/lv_obj_style_gen.c:251:6:lv_obj_set_style_bg_img_src	32	static
../user/app/src/lvgl_wrappers/../../../../Middlewares/Third_Party/LVGL/src/core/lv_obj_style_gen.c:259:6:lv_obj_set_style_bg_img_opa	32	static
../user/app/src/lvgl_wrappers/../../../../Middlewares/Third_Party/LVGL/src/core/lv_obj_style_gen.c:267:6:lv_obj_set_style_bg_img_recolor	32	static
../user/app/src/lvgl_wrappers/../../../../Middlewares/Third_Party/LVGL/src/core/lv_obj_style_gen.c:275:6:lv_obj_set_style_bg_img_recolor_opa	32	static
../user/app/src/lvgl_wrappers/../../../../Middlewares/Third_Party/LVGL/src/core/lv_obj_style_gen.c:283:6:lv_obj_set_style_bg_img_tiled	32	static
../user/app/src/lvgl_wrappers/../../../../Middlewares/Third_Party/LVGL/src/core/lv_obj_style_gen.c:291:6:lv_obj_set_style_border_color	32	static
../user/app/src/lvgl_wrappers/../../../../Middlewares/Third_Party/LVGL/src/core/lv_obj_style_gen.c:299:6:lv_obj_set_style_border_opa	32	static
../user/app/src/lvgl_wrappers/../../../../Middlewares/Third_Party/LVGL/src/core/lv_obj_style_gen.c:307:6:lv_obj_set_style_border_width	32	static
../user/app/src/lvgl_wrappers/../../../../Middlewares/Third_Party/LVGL/src/core/lv_obj_style_gen.c:315:6:lv_obj_set_style_border_side	32	static
../user/app/src/lvgl_wrappers/../../../../Middlewares/Third_Party/LVGL/src/core/lv_obj_style_gen.c:323:6:lv_obj_set_style_border_post	32	static
../user/app/src/lvgl_wrappers/../../../../Middlewares/Third_Party/LVGL/src/core/lv_obj_style_gen.c:331:6:lv_obj_set_style_outline_width	32	static
../user/app/src/lvgl_wrappers/../../../../Middlewares/Third_Party/LVGL/src/core/lv_obj_style_gen.c:339:6:lv_obj_set_style_outline_color	32	static
../user/app/src/lvgl_wrappers/../../../../Middlewares/Third_Party/LVGL/src/core/lv_obj_style_gen.c:347:6:lv_obj_set_style_outline_opa	32	static
../user/app/src/lvgl_wrappers/../../../../Middlewares/Third_Party/LVGL/src/core/lv_obj_style_gen.c:355:6:lv_obj_set_style_outline_pad	32	static
../user/app/src/lvgl_wrappers/../../../../Middlewares/Third_Party/LVGL/src/core/lv_obj_style_gen.c:363:6:lv_obj_set_style_shadow_width	32	static
../user/app/src/lvgl_wrappers/../../../../Middlewares/Third_Party/LVGL/src/core/lv_obj_style_gen.c:371:6:lv_obj_set_style_shadow_ofs_x	32	static
../user/app/src/lvgl_wrappers/../../../../Middlewares/Third_Party/LVGL/src/core/lv_obj_style_gen.c:379:6:lv_obj_set_style_shadow_ofs_y	32	static
../user/app/src/lvgl_wrappers/../../../../Middlewares/Third_Party/LVGL/src/core/lv_obj_style_gen.c:387:6:lv_obj_set_style_shadow_spread	32	static
../user/app/src/lvgl_wrappers/../../../../Middlewares/Third_Party/LVGL/src/core/lv_obj_style_gen.c:395:6:lv_obj_set_style_shadow_color	32	static
../user/app/src/lvgl_wrappers/../../../../Middlewares/Third_Party/LVGL/src/core/lv_obj_style_gen.c:403:6:lv_obj_set_style_shadow_opa	32	static
../user/app/src/lvgl_wrappers/../../../../Middlewares/Third_Party/LVGL/src/core/lv_obj_style_gen.c:411:6:lv_obj_set_style_img_opa	32	static
../user/app/src/lvgl_wrappers/../../../../Middlewares/Third_Party/LVGL/src/core/lv_obj_style_gen.c:419:6:lv_obj_set_style_img_recolor	32	static
../user/app/src/lvgl_wrappers/../../../../Middlewares/Third_Party/LVGL/src/core/lv_obj_style_gen.c:427:6:lv_obj_set_style_img_recolor_opa	32	static
../user/app/src/lvgl_wrappers/../../../../Middlewares/Third_Party/LVGL/src/core/lv_obj_style_gen.c:435:6:lv_obj_set_style_line_width	32	static
../user/app/src/lvgl_wrappers/../../../../Middlewares/Third_Party/LVGL/src/core/lv_obj_style_gen.c:443:6:lv_obj_set_style_line_dash_width	32	static
../user/app/src/lvgl_wrappers/../../../../Middlewares/Third_Party/LVGL/src/core/lv_obj_style_gen.c:451:6:lv_obj_set_style_line_dash_gap	32	static
../user/app/src/lvgl_wrappers/../../../../Middlewares/Third_Party/LVGL/src/core/lv_obj_style_gen.c:459:6:lv_obj_set_style_line_rounded	32	static
../user/app/src/lvgl_wrappers/../../../../Middlewares/Third_Party/LVGL/src/core/lv_obj_style_gen.c:467:6:lv_obj_set_style_line_color	32	static
../user/app/src/lvgl_wrappers/../../../../Middlewares/Third_Party/LVGL/src/core/lv_obj_style_gen.c:475:6:lv_obj_set_style_line_opa	32	static
../user/app/src/lvgl_wrappers/../../../../Middlewares/Third_Party/LVGL/src/core/lv_obj_style_gen.c:483:6:lv_obj_set_style_arc_width	32	static
../user/app/src/lvgl_wrappers/../../../../Middlewares/Third_Party/LVGL/src/core/lv_obj_style_gen.c:491:6:lv_obj_set_style_arc_rounded	32	static
../user/app/src/lvgl_wrappers/../../../../Middlewares/Third_Party/LVGL/src/core/lv_obj_style_gen.c:499:6:lv_obj_set_style_arc_color	32	static
../user/app/src/lvgl_wrappers/../../../../Middlewares/Third_Party/LVGL/src/core/lv_obj_style_gen.c:507:6:lv_obj_set_style_arc_opa	32	static
../user/app/src/lvgl_wrappers/../../../../Middlewares/Third_Party/LVGL/src/core/lv_obj_style_gen.c:515:6:lv_obj_set_style_arc_img_src	32	static
../user/app/src/lvgl_wrappers/../../../../Middlewares/Third_Party/LVGL/src/core/lv_obj_style_gen.c:523:6:lv_obj_set_style_text_color	32	static
../user/app/src/lvgl_wrappers/../../../../Middlewares/Third_Party/LVGL/src/core/lv_obj_style_gen.c:531:6:lv_obj_set_style_text_opa	32	static
../user/app/src/lvgl_wrappers/../../../../Middlewares/Third_Party/LVGL/src/core/lv_obj_style_gen.c:539:6:lv_obj_set_style_text_font	32	static
../user/app/src/lvgl_wrappers/../../../../Middlewares/Third_Party/LVGL/src/core/lv_obj_style_gen.c:547:6:lv_obj_set_style_text_letter_space	32	static
../user/app/src/lvgl_wrappers/../../../../Middlewares/Third_Party/LVGL/src/core/lv_obj_style_gen.c:555:6:lv_obj_set_style_text_line_space	32	static
../user/app/src/lvgl_wrappers/../../../../Middlewares/Third_Party/LVGL/src/core/lv_obj_style_gen.c:563:6:lv_obj_set_style_text_decor	32	static
../user/app/src/lvgl_wrappers/../../../../Middlewares/Third_Party/LVGL/src/core/lv_obj_style_gen.c:571:6:lv_obj_set_style_text_align	32	static
../user/app/src/lvgl_wrappers/../../../../Middlewares/Third_Party/LVGL/src/core/lv_obj_style_gen.c:579:6:lv_obj_set_style_radius	32	static
../user/app/src/lvgl_wrappers/../../../../Middlewares/Third_Party/LVGL/src/core/lv_obj_style_gen.c:587:6:lv_obj_set_style_clip_corner	32	static
../user/app/src/lvgl_wrappers/../../../../Middlewares/Third_Party/LVGL/src/core/lv_obj_style_gen.c:595:6:lv_obj_set_style_opa	32	static
../user/app/src/lvgl_wrappers/../../../../Middlewares/Third_Party/LVGL/src/core/lv_obj_style_gen.c:603:6:lv_obj_set_style_opa_layered	32	static
../user/app/src/lvgl_wrappers/../../../../Middlewares/Third_Party/LVGL/src/core/lv_obj_style_gen.c:611:6:lv_obj_set_style_color_filter_dsc	32	static
../user/app/src/lvgl_wrappers/../../../../Middlewares/Third_Party/LVGL/src/core/lv_obj_style_gen.c:619:6:lv_obj_set_style_color_filter_opa	32	static
../user/app/src/lvgl_wrappers/../../../../Middlewares/Third_Party/LVGL/src/core/lv_obj_style_gen.c:627:6:lv_obj_set_style_anim	32	static
../user/app/src/lvgl_wrappers/../../../../Middlewares/Third_Party/LVGL/src/core/lv_obj_style_gen.c:635:6:lv_obj_set_style_anim_time	32	static
../user/app/src/lvgl_wrappers/../../../../Middlewares/Third_Party/LVGL/src/core/lv_obj_style_gen.c:643:6:lv_obj_set_style_anim_speed	32	static
../user/app/src/lvgl_wrappers/../../../../Middlewares/Third_Party/LVGL/src/core/lv_obj_style_gen.c:651:6:lv_obj_set_style_transition	32	static
../user/app/src/lvgl_wrappers/../../../../Middlewares/Third_Party/LVGL/src/core/lv_obj_style_gen.c:659:6:lv_obj_set_style_blend_mode	32	static
../user/app/src/lvgl_wrappers/../../../../Middlewares/Third_Party/LVGL/src/core/lv_obj_style_gen.c:667:6:lv_obj_set_style_layout	32	static
../user/app/src/lvgl_wrappers/../../../../Middlewares/Third_Party/LVGL/src/core/lv_obj_style_gen.c:675:6:lv_obj_set_style_base_dir	32	static
../user/app/src/lvgl_wrappers/../../../../Middlewares/Third_Party/LVGL/src/core/lv_obj_tree.c:45:6:lv_obj_del	40	static
../user/app/src/lvgl_wrappers/../../../../Middlewares/Third_Party/LVGL/src/core/lv_obj_tree.c:80:6:lv_obj_clean	24	static
../user/app/src/lvgl_wrappers/../../../../Middlewares/Third_Party/LVGL/src/core/lv_obj_tree.c:104:6:lv_obj_del_delayed	88	static
../user/app/src/lvgl_wrappers/../../../../Middlewares/Third_Party/LVGL/src/core/lv_obj_tree.c:116:6:lv_obj_del_anim_ready_cb	16	static
../user/app/src/lvgl_wrappers/../../../../Middlewares/Third_Party/LVGL/src/core/lv_obj_tree.c:121:6:lv_obj_del_async	16	static
../user/app/src/lvgl_wrappers/../../../../Middlewares/Third_Party/LVGL/src/core/lv_obj_tree.c:127:6:lv_obj_set_parent	40	static
../user/app/src/lvgl_wrappers/../../../../Middlewares/Third_Party/LVGL/src/core/lv_obj_tree.c:184:6:lv_obj_move_to_index	32	static
../user/app/src/lvgl_wrappers/../../../../Middlewares/Third_Party/LVGL/src/core/lv_obj_tree.c:219:6:lv_obj_swap	32	static
../user/app/src/lvgl_wrappers/../../../../Middlewares/Third_Party/LVGL/src/core/lv_obj_tree.c:249:12:lv_obj_get_screen	24	static
../user/app/src/lvgl_wrappers/../../../../Middlewares/Third_Party/LVGL/src/core/lv_obj_tree.c:264:13:lv_obj_get_disp	40	static
../user/app/src/lvgl_wrappers/../../../../Middlewares/Third_Party/LVGL/src/core/lv_obj_tree.c:285:12:lv_obj_get_parent	16	static
../user/app/src/lvgl_wrappers/../../../../Middlewares/Third_Party/LVGL/src/core/lv_obj_tree.c:293:12:lv_obj_get_child	24	static
../user/app/src/lvgl_wrappers/../../../../Middlewares/Third_Party/LVGL/src/core/lv_obj_tree.c:313:10:lv_obj_get_child_cnt	16	static
../user/app/src/lvgl_wrappers/../../../../Middlewares/Third_Party/LVGL/src/core/lv_obj_tree.c:320:10:lv_obj_get_index	24	static
../user/app/src/lvgl_wrappers/../../../../Middlewares/Third_Party/LVGL/src/core/lv_obj_tree.c:335:6:lv_obj_tree_walk	24	static
../user/app/src/lvgl_wrappers/../../../../Middlewares/Third_Party/LVGL/src/core/lv_obj_tree.c:344:13:lv_obj_del_async_cb	16	static
../user/app/src/lvgl_wrappers/../../../../Middlewares/Third_Party/LVGL/src/core/lv_obj_tree.c:351:13:obj_del_core	64	static
../user/app/src/lvgl_wrappers/../../../../Middlewares/Third_Party/LVGL/src/core/lv_obj_tree.c:419:31:walk_core	40	static
../user/app/src/lvgl_wrappers/../../../../Middlewares/Third_Party/LVGL/src/core/lv_refr.c:103:6:_lv_refr_init	4	static
../user/app/src/lvgl_wrappers/../../../../Middlewares/Third_Party/LVGL/src/core/lv_refr.c:113:6:lv_refr_now	24	static
../user/app/src/lvgl_wrappers/../../../../Middlewares/Third_Party/LVGL/src/core/lv_refr.c:130:6:lv_obj_redraw	64	static
../user/app/src/lvgl_wrappers/../../../../Middlewares/Third_Party/LVGL/src/core/lv_refr.c:205:6:_lv_inv_area	48	static
../user/app/src/lvgl_wrappers/../../../../Middlewares/Third_Party/LVGL/src/core/lv_refr.c:266:13:_lv_refr_get_disp_refreshing	4	static
../user/app/src/lvgl_wrappers/../../../../Middlewares/Third_Party/LVGL/src/core/lv_refr.c:277:6:_lv_refr_set_disp_refreshing	16	static
../user/app/src/lvgl_wrappers/../../../../Middlewares/Third_Party/LVGL/src/core/lv_refr.c:286:6:_lv_disp_refr_timer	40	static
../user/app/src/lvgl_wrappers/../../../../Middlewares/Third_Party/LVGL/src/core/lv_refr.c:476:13:lv_refr_join_area	32	static
../user/app/src/lvgl_wrappers/../../../../Middlewares/Third_Party/LVGL/src/core/lv_refr.c:513:13:refr_sync_areas	104	static
../user/app/src/lvgl_wrappers/../../../../Middlewares/Third_Party/LVGL/src/core/lv_refr.c:585:13:refr_invalid_areas	16	static
../user/app/src/lvgl_wrappers/../../../../Middlewares/Third_Party/LVGL/src/core/lv_refr.c:629:13:refr_area	72	static
../user/app/src/lvgl_wrappers/../../../../Middlewares/Third_Party/LVGL/src/core/lv_refr.c:696:13:refr_area_part	144	static
../user/app/src/lvgl_wrappers/../../../../Middlewares/Third_Party/LVGL/src/core/lv_refr.c:805:19:lv_refr_get_top_obj	40	static
../user/app/src/lvgl_wrappers/../../../../Middlewares/Third_Party/LVGL/src/core/lv_refr.c:845:13:refr_obj_and_children	40	static
../user/app/src/lvgl_wrappers/../../../../Middlewares/Third_Party/LVGL/src/core/lv_refr.c:891:17:layer_get_area	80	static
../user/app/src/lvgl_wrappers/../../../../Middlewares/Third_Party/LVGL/src/core/lv_refr.c:935:13:layer_alpha_test	40	static
../user/app/src/lvgl_wrappers/../../../../Middlewares/Third_Party/LVGL/src/core/lv_refr.c:964:6:refr_obj	88	static
../user/app/src/lvgl_wrappers/../../../../Middlewares/Third_Party/LVGL/src/core/lv_refr.c:1049:17:get_max_row	40	static
../user/app/src/lvgl_wrappers/../../../../Middlewares/Third_Party/LVGL/src/core/lv_refr.c:1087:13:draw_buf_rotate_180	48	static
../user/app/src/lvgl_wrappers/../../../../Middlewares/Third_Party/LVGL/src/core/lv_refr.c:1111:35:draw_buf_rotate_90	48	static
../user/app/src/lvgl_wrappers/../../../../Middlewares/Third_Party/LVGL/src/core/lv_refr.c:1134:20:draw_buf_rotate4	32	static
../user/app/src/lvgl_wrappers/../../../../Middlewares/Third_Party/LVGL/src/core/lv_refr.c:1148:13:draw_buf_rotate_90_sqr	32	static
../user/app/src/lvgl_wrappers/../../../../Middlewares/Third_Party/LVGL/src/core/lv_refr.c:1178:13:draw_buf_rotate	48	static
../user/app/src/lvgl_wrappers/../../../../Middlewares/Third_Party/LVGL/src/core/lv_refr.c:1267:13:draw_buf_flush	32	static
../user/app/src/lvgl_wrappers/../../../../Middlewares/Third_Party/LVGL/src/core/lv_refr.c:1310:13:call_flush_cb	32	static
../user/app/src/lvgl_wrappers/../../../../Middlewares/Third_Party/LVGL/src/core/lv_theme.c:36:15:lv_theme_get_from_obj	24	static
../user/app/src/lvgl_wrappers/../../../../Middlewares/Third_Party/LVGL/src/core/lv_theme.c:47:6:lv_theme_apply	24	static
../user/app/src/lvgl_wrappers/../../../../Middlewares/Third_Party/LVGL/src/core/lv_theme.c:64:6:lv_theme_set_parent	16	static
../user/app/src/lvgl_wrappers/../../../../Middlewares/Third_Party/LVGL/src/core/lv_theme.c:75:6:lv_theme_set_apply_cb	16	static
../user/app/src/lvgl_wrappers/../../../../Middlewares/Third_Party/LVGL/src/core/lv_theme.c:80:19:lv_theme_get_font_small	24	static
../user/app/src/lvgl_wrappers/../../../../Middlewares/Third_Party/LVGL/src/core/lv_theme.c:86:19:lv_theme_get_font_normal	24	static
../user/app/src/lvgl_wrappers/../../../../Middlewares/Third_Party/LVGL/src/core/lv_theme.c:92:19:lv_theme_get_font_large	24	static
../user/app/src/lvgl_wrappers/../../../../Middlewares/Third_Party/LVGL/src/core/lv_theme.c:98:12:lv_theme_get_color_primary	24	static
../user/app/src/lvgl_wrappers/../../../../Middlewares/Third_Party/LVGL/src/core/lv_theme.c:104:12:lv_theme_get_color_secondary	24	static
../user/app/src/lvgl_wrappers/../../../../Middlewares/Third_Party/LVGL/src/core/lv_theme.c:114:13:apply_theme	16	static
