../user/app/src/lvgl_wrappers/../../../../Middlewares/Third_Party/LVGL/src/extra/../../src/misc/lv_math.h:49:45:lv_trigo_cos	16	static
../user/app/src/lvgl_wrappers/../../../../Middlewares/Third_Party/LVGL/src/extra/../../src/misc/lv_mem.h:131:22:lv_memcpy	24	static
../user/app/src/lvgl_wrappers/../../../../Middlewares/Third_Party/LVGL/src/extra/../../src/misc/lv_mem.h:142:22:lv_memcpy_small	24	static
../user/app/src/lvgl_wrappers/../../../../Middlewares/Third_Party/LVGL/src/extra/../../src/misc/lv_mem.h:163:20:lv_memset_00	16	static
../user/app/src/lvgl_wrappers/../../../../Middlewares/Third_Party/LVGL/src/extra/../../src/misc/lv_anim.h:126:20:lv_anim_set_var	16	static
../user/app/src/lvgl_wrappers/../../../../Middlewares/Third_Party/LVGL/src/extra/../../src/misc/lv_anim.h:138:20:lv_anim_set_exec_cb	16	static
../user/app/src/lvgl_wrappers/../../../../Middlewares/Third_Party/LVGL/src/extra/../../src/misc/lv_anim.h:148:20:lv_anim_set_time	16	static
../user/app/src/lvgl_wrappers/../../../../Middlewares/Third_Party/LVGL/src/extra/../../src/misc/lv_anim.h:169:20:lv_anim_set_values	24	static
../user/app/src/lvgl_wrappers/../../../../Middlewares/Third_Party/LVGL/src/extra/../../src/misc/lv_anim.h:196:20:lv_anim_set_path_cb	16	static
../user/app/src/lvgl_wrappers/../../../../Middlewares/Third_Party/LVGL/src/extra/../../src/misc/lv_anim.h:267:20:lv_anim_set_repeat_count	16	static
../user/app/src/lvgl_wrappers/../../../../Middlewares/Third_Party/LVGL/src/extra/../../src/hal/../draw/../misc/../font/../misc/lv_area.h:110:20:lv_area_copy	16	static
../user/app/src/lvgl_wrappers/../../../../Middlewares/Third_Party/LVGL/src/extra/../../src/hal/../draw/../misc/../font/../misc/lv_area.h:123:26:lv_area_get_width	16	static
../user/app/src/lvgl_wrappers/../../../../Middlewares/Third_Party/LVGL/src/extra/../../src/hal/../draw/../misc/../font/../misc/lv_area.h:133:26:lv_area_get_height	16	static
../user/app/src/lvgl_wrappers/../../../../Middlewares/Third_Party/LVGL/src/extra/../../src/hal/../draw/../misc/../font/../misc/lv_area.h:294:26:lv_pct	16	static
../user/app/src/lvgl_wrappers/../../../../Middlewares/Third_Party/LVGL/src/extra/../../src/hal/../draw/../misc/../font/lv_font.h:124:26:lv_font_get_line_height	16	static
../user/app/src/lvgl_wrappers/../../../../Middlewares/Third_Party/LVGL/src/extra/../../src/hal/../draw/../misc/lv_color.h:374:24:lv_color_to32	24	static
../user/app/src/lvgl_wrappers/../../../../Middlewares/Third_Party/LVGL/src/extra/../../src/hal/../draw/../misc/lv_color.h:438:48:lv_color_mix	32	static
../user/app/src/lvgl_wrappers/../../../../Middlewares/Third_Party/LVGL/src/extra/../../src/hal/../draw/../misc/lv_color.h:586:23:lv_color_brightness	24	static
../user/app/src/lvgl_wrappers/../../../../Middlewares/Third_Party/LVGL/src/extra/../../src/hal/../draw/../misc/lv_color.h:594:26:lv_color_make	16	static
../user/app/src/lvgl_wrappers/../../../../Middlewares/Third_Party/LVGL/src/extra/../../src/hal/../draw/../misc/lv_color.h:599:26:lv_color_hex	24	static
../user/app/src/lvgl_wrappers/../../../../Middlewares/Third_Party/LVGL/src/extra/../../src/hal/../draw/../misc/lv_color.h:639:20:lv_color_filter_dsc_init	16	static
../user/app/src/lvgl_wrappers/../../../../Middlewares/Third_Party/LVGL/src/extra/../../src/hal/../draw/../misc/lv_color.h:695:26:lv_color_white	8	static
../user/app/src/lvgl_wrappers/../../../../Middlewares/Third_Party/LVGL/src/extra/../../src/hal/../draw/../misc/lv_color.h:699:26:lv_color_black	8	static
../user/app/src/lvgl_wrappers/../../../../Middlewares/Third_Party/LVGL/src/extra/../../src/hal/../draw/../misc/lv_txt.h:165:20:_lv_txt_is_break_char	24	static
../user/app/src/lvgl_wrappers/../../../../Middlewares/Third_Party/LVGL/src/extra/../../src/hal/../draw/../misc/lv_style.h:523:20:lv_style_set_size	16	static
../user/app/src/lvgl_wrappers/../../../../Middlewares/Third_Party/LVGL/src/extra/../../src/hal/../draw/../misc/lv_style.h:529:20:lv_style_set_pad_all	16	static
../user/app/src/lvgl_wrappers/../../../../Middlewares/Third_Party/LVGL/src/extra/../../src/hal/../draw/../misc/lv_style.h:537:20:lv_style_set_pad_hor	16	static
../user/app/src/lvgl_wrappers/../../../../Middlewares/Third_Party/LVGL/src/extra/../../src/hal/../draw/../misc/lv_style.h:543:20:lv_style_set_pad_ver	16	static
../user/app/src/lvgl_wrappers/../../../../Middlewares/Third_Party/LVGL/src/extra/../../src/hal/../draw/../misc/lv_style.h:549:20:lv_style_set_pad_gap	16	static
../user/app/src/lvgl_wrappers/../../../../Middlewares/Third_Party/LVGL/src/extra/../../src/core/lv_obj_style_gen.h:1:26:lv_obj_get_style_width	24	static
../user/app/src/lvgl_wrappers/../../../../Middlewares/Third_Party/LVGL/src/extra/../../src/core/lv_obj_style_gen.h:7:26:lv_obj_get_style_min_width	24	static
../user/app/src/lvgl_wrappers/../../../../Middlewares/Third_Party/LVGL/src/extra/../../src/core/lv_obj_style_gen.h:13:26:lv_obj_get_style_max_width	24	static
../user/app/src/lvgl_wrappers/../../../../Middlewares/Third_Party/LVGL/src/extra/../../src/core/lv_obj_style_gen.h:19:26:lv_obj_get_style_height	24	static
../user/app/src/lvgl_wrappers/../../../../Middlewares/Third_Party/LVGL/src/extra/../../src/core/lv_obj_style_gen.h:25:26:lv_obj_get_style_min_height	24	static
../user/app/src/lvgl_wrappers/../../../../Middlewares/Third_Party/LVGL/src/extra/../../src/core/lv_obj_style_gen.h:31:26:lv_obj_get_style_max_height	24	static
../user/app/src/lvgl_wrappers/../../../../Middlewares/Third_Party/LVGL/src/extra/../../src/core/lv_obj_style_gen.h:67:26:lv_obj_get_style_translate_x	24	static
../user/app/src/lvgl_wrappers/../../../../Middlewares/Third_Party/LVGL/src/extra/../../src/core/lv_obj_style_gen.h:73:26:lv_obj_get_style_translate_y	24	static
../user/app/src/lvgl_wrappers/../../../../Middlewares/Third_Party/LVGL/src/extra/../../src/core/lv_obj_style_gen.h:103:26:lv_obj_get_style_pad_top	24	static
../user/app/src/lvgl_wrappers/../../../../Middlewares/Third_Party/LVGL/src/extra/../../src/core/lv_obj_style_gen.h:109:26:lv_obj_get_style_pad_bottom	24	static
../user/app/src/lvgl_wrappers/../../../../Middlewares/Third_Party/LVGL/src/extra/../../src/core/lv_obj_style_gen.h:115:26:lv_obj_get_style_pad_left	24	static
../user/app/src/lvgl_wrappers/../../../../Middlewares/Third_Party/LVGL/src/extra/../../src/core/lv_obj_style_gen.h:121:26:lv_obj_get_style_pad_right	24	static
../user/app/src/lvgl_wrappers/../../../../Middlewares/Third_Party/LVGL/src/extra/../../src/core/lv_obj_style_gen.h:127:26:lv_obj_get_style_pad_row	24	static
../user/app/src/lvgl_wrappers/../../../../Middlewares/Third_Party/LVGL/src/extra/../../src/core/lv_obj_style_gen.h:133:26:lv_obj_get_style_pad_column	24	static
../user/app/src/lvgl_wrappers/../../../../Middlewares/Third_Party/LVGL/src/extra/../../src/core/lv_obj_style_gen.h:247:24:lv_obj_get_style_border_opa	24	static
../user/app/src/lvgl_wrappers/../../../../Middlewares/Third_Party/LVGL/src/extra/../../src/core/lv_obj_style_gen.h:253:26:lv_obj_get_style_border_width	24	static
../user/app/src/lvgl_wrappers/../../../../Middlewares/Third_Party/LVGL/src/extra/../../src/core/lv_obj_style_gen.h:259:32:lv_obj_get_style_border_side	24	static
../user/app/src/lvgl_wrappers/../../../../Middlewares/Third_Party/LVGL/src/extra/../../src/core/lv_obj_style_gen.h:367:26:lv_obj_get_style_line_width	24	static
../user/app/src/lvgl_wrappers/../../../../Middlewares/Third_Party/LVGL/src/extra/../../src/core/lv_obj_style_gen.h:409:26:lv_obj_get_style_arc_width	24	static
../user/app/src/lvgl_wrappers/../../../../Middlewares/Third_Party/LVGL/src/extra/../../src/core/lv_obj_style_gen.h:415:20:lv_obj_get_style_arc_rounded	24	static
../user/app/src/lvgl_wrappers/../../../../Middlewares/Third_Party/LVGL/src/extra/../../src/core/lv_obj_style_gen.h:445:26:lv_obj_get_style_text_color	24	static
../user/app/src/lvgl_wrappers/../../../../Middlewares/Third_Party/LVGL/src/extra/../../src/core/lv_obj_style_gen.h:457:24:lv_obj_get_style_text_opa	24	static
../user/app/src/lvgl_wrappers/../../../../Middlewares/Third_Party/LVGL/src/extra/../../src/core/lv_obj_style_gen.h:463:33:lv_obj_get_style_text_font	24	static
../user/app/src/lvgl_wrappers/../../../../Middlewares/Third_Party/LVGL/src/extra/../../src/core/lv_obj_style_gen.h:469:26:lv_obj_get_style_text_letter_space	24	static
../user/app/src/lvgl_wrappers/../../../../Middlewares/Third_Party/LVGL/src/extra/../../src/core/lv_obj_style_gen.h:475:26:lv_obj_get_style_text_line_space	24	static
../user/app/src/lvgl_wrappers/../../../../Middlewares/Third_Party/LVGL/src/extra/../../src/core/lv_obj_style_gen.h:481:31:lv_obj_get_style_text_decor	24	static
../user/app/src/lvgl_wrappers/../../../../Middlewares/Third_Party/LVGL/src/extra/../../src/core/lv_obj_style_gen.h:487:31:lv_obj_get_style_text_align	24	static
../user/app/src/lvgl_wrappers/../../../../Middlewares/Third_Party/LVGL/src/extra/../../src/core/lv_obj_style_gen.h:553:31:lv_obj_get_style_blend_mode	24	static
../user/app/src/lvgl_wrappers/../../../../Middlewares/Third_Party/LVGL/src/extra/../../src/core/lv_obj_style_gen.h:565:29:lv_obj_get_style_base_dir	24	static
../user/app/src/lvgl_wrappers/../../../../Middlewares/Third_Party/LVGL/src/extra/../../src/core/lv_disp.h:191:26:lv_layer_top	8	static
../user/app/src/lvgl_wrappers/../../../../Middlewares/Third_Party/LVGL/src/extra/../../src/core/lv_disp.h:255:26:lv_disp_dpx	16	static
../user/app/src/lvgl_wrappers/../../../../Middlewares/Third_Party/LVGL/src/extra/../../src/extra/layouts/flex/lv_flex.h:112:30:lv_obj_get_style_flex_flow	24	static
../user/app/src/lvgl_wrappers/../../../../Middlewares/Third_Party/LVGL/src/extra/../../src/extra/layouts/flex/lv_flex.h:118:31:lv_obj_get_style_flex_main_place	24	static
../user/app/src/lvgl_wrappers/../../../../Middlewares/Third_Party/LVGL/src/extra/../../src/extra/layouts/flex/lv_flex.h:124:31:lv_obj_get_style_flex_cross_place	24	static
../user/app/src/lvgl_wrappers/../../../../Middlewares/Third_Party/LVGL/src/extra/../../src/extra/layouts/flex/lv_flex.h:130:31:lv_obj_get_style_flex_track_place	24	static
../user/app/src/lvgl_wrappers/../../../../Middlewares/Third_Party/LVGL/src/extra/../../src/extra/layouts/flex/lv_flex.h:136:23:lv_obj_get_style_flex_grow	24	static
../user/app/src/lvgl_wrappers/../../../../Middlewares/Third_Party/LVGL/src/extra/../../src/extra/layouts/grid/lv_grid.h:121:34:lv_obj_get_style_grid_row_dsc_array	24	static
../user/app/src/lvgl_wrappers/../../../../Middlewares/Third_Party/LVGL/src/extra/../../src/extra/layouts/grid/lv_grid.h:127:34:lv_obj_get_style_grid_column_dsc_array	24	static
../user/app/src/lvgl_wrappers/../../../../Middlewares/Third_Party/LVGL/src/extra/../../src/extra/layouts/grid/lv_grid.h:133:31:lv_obj_get_style_grid_row_align	24	static
../user/app/src/lvgl_wrappers/../../../../Middlewares/Third_Party/LVGL/src/extra/../../src/extra/layouts/grid/lv_grid.h:139:31:lv_obj_get_style_grid_column_align	24	static
../user/app/src/lvgl_wrappers/../../../../Middlewares/Third_Party/LVGL/src/extra/../../src/extra/layouts/grid/lv_grid.h:145:26:lv_obj_get_style_grid_cell_column_pos	24	static
../user/app/src/lvgl_wrappers/../../../../Middlewares/Third_Party/LVGL/src/extra/../../src/extra/layouts/grid/lv_grid.h:151:26:lv_obj_get_style_grid_cell_column_span	24	static
../user/app/src/lvgl_wrappers/../../../../Middlewares/Third_Party/LVGL/src/extra/../../src/extra/layouts/grid/lv_grid.h:157:26:lv_obj_get_style_grid_cell_row_pos	24	static
../user/app/src/lvgl_wrappers/../../../../Middlewares/Third_Party/LVGL/src/extra/../../src/extra/layouts/grid/lv_grid.h:163:26:lv_obj_get_style_grid_cell_row_span	24	static
../user/app/src/lvgl_wrappers/../../../../Middlewares/Third_Party/LVGL/src/extra/../../src/extra/layouts/grid/lv_grid.h:169:26:lv_obj_get_style_grid_cell_x_align	24	static
../user/app/src/lvgl_wrappers/../../../../Middlewares/Third_Party/LVGL/src/extra/../../src/extra/layouts/grid/lv_grid.h:175:26:lv_obj_get_style_grid_cell_y_align	24	static
../user/app/src/lvgl_wrappers/../../../../Middlewares/Third_Party/LVGL/src/extra/lv_extra.c:35:6:lv_extra_init	8	static
../user/app/src/lvgl_wrappers/../../../../Middlewares/Third_Party/LVGL/src/extra/layouts/flex/lv_flex.c:90:6:lv_flex_init	8	static
../user/app/src/lvgl_wrappers/../../../../Middlewares/Third_Party/LVGL/src/extra/layouts/flex/lv_flex.c:101:6:lv_obj_set_flex_flow	16	static
../user/app/src/lvgl_wrappers/../../../../Middlewares/Third_Party/LVGL/src/extra/layouts/flex/lv_flex.c:107:6:lv_obj_set_flex_align	16	static
../user/app/src/lvgl_wrappers/../../../../Middlewares/Third_Party/LVGL/src/extra/layouts/flex/lv_flex.c:116:6:lv_obj_set_flex_grow	16	static
../user/app/src/lvgl_wrappers/../../../../Middlewares/Third_Party/LVGL/src/extra/layouts/flex/lv_flex.c:122:6:lv_style_set_flex_flow	24	static
../user/app/src/lvgl_wrappers/../../../../Middlewares/Third_Party/LVGL/src/extra/layouts/flex/lv_flex.c:130:6:lv_style_set_flex_main_place	24	static
../user/app/src/lvgl_wrappers/../../../../Middlewares/Third_Party/LVGL/src/extra/layouts/flex/lv_flex.c:138:6:lv_style_set_flex_cross_place	24	static
../user/app/src/lvgl_wrappers/../../../../Middlewares/Third_Party/LVGL/src/extra/layouts/flex/lv_flex.c:146:6:lv_style_set_flex_track_place	24	static
../user/app/src/lvgl_wrappers/../../../../Middlewares/Third_Party/LVGL/src/extra/layouts/flex/lv_flex.c:154:6:lv_style_set_flex_grow	24	static
../user/app/src/lvgl_wrappers/../../../../Middlewares/Third_Party/LVGL/src/extra/layouts/flex/lv_flex.c:162:6:lv_obj_set_style_flex_flow	32	static
../user/app/src/lvgl_wrappers/../../../../Middlewares/Third_Party/LVGL/src/extra/layouts/flex/lv_flex.c:170:6:lv_obj_set_style_flex_main_place	32	static
../user/app/src/lvgl_wrappers/../../../../Middlewares/Third_Party/LVGL/src/extra/layouts/flex/lv_flex.c:178:6:lv_obj_set_style_flex_cross_place	32	static
../user/app/src/lvgl_wrappers/../../../../Middlewares/Third_Party/LVGL/src/extra/layouts/flex/lv_flex.c:186:6:lv_obj_set_style_flex_track_place	32	static
../user/app/src/lvgl_wrappers/../../../../Middlewares/Third_Party/LVGL/src/extra/layouts/flex/lv_flex.c:194:6:lv_obj_set_style_flex_grow	32	static
../user/app/src/lvgl_wrappers/../../../../Middlewares/Third_Party/LVGL/src/extra/layouts/flex/lv_flex.c:206:13:flex_update	152	static
../user/app/src/lvgl_wrappers/../../../../Middlewares/Third_Party/LVGL/src/extra/layouts/flex/lv_flex.c:314:16:find_track_end	72	static
../user/app/src/lvgl_wrappers/../../../../Middlewares/Third_Party/LVGL/src/extra/layouts/flex/lv_flex.c:401:13:children_repos	112	static
../user/app/src/lvgl_wrappers/../../../../Middlewares/Third_Party/LVGL/src/extra/layouts/flex/lv_flex.c:542:13:place_content	16	static
../user/app/src/lvgl_wrappers/../../../../Middlewares/Third_Party/LVGL/src/extra/layouts/flex/lv_flex.c:582:19:get_next_item	24	static
../user/app/src/lvgl_wrappers/../../../../Middlewares/Third_Party/LVGL/src/extra/layouts/grid/lv_grid.c:60:34:get_col_dsc	16	static
../user/app/src/lvgl_wrappers/../../../../Middlewares/Third_Party/LVGL/src/extra/layouts/grid/lv_grid.c:64:34:get_row_dsc	16	static
../user/app/src/lvgl_wrappers/../../../../Middlewares/Third_Party/LVGL/src/extra/layouts/grid/lv_grid.c:68:23:get_col_pos	16	static
../user/app/src/lvgl_wrappers/../../../../Middlewares/Third_Party/LVGL/src/extra/layouts/grid/lv_grid.c:72:23:get_row_pos	16	static
../user/app/src/lvgl_wrappers/../../../../Middlewares/Third_Party/LVGL/src/extra/layouts/grid/lv_grid.c:76:23:get_col_span	16	static
../user/app/src/lvgl_wrappers/../../../../Middlewares/Third_Party/LVGL/src/extra/layouts/grid/lv_grid.c:80:23:get_row_span	16	static
../user/app/src/lvgl_wrappers/../../../../Middlewares/Third_Party/LVGL/src/extra/layouts/grid/lv_grid.c:84:23:get_cell_col_align	16	static
../user/app/src/lvgl_wrappers/../../../../Middlewares/Third_Party/LVGL/src/extra/layouts/grid/lv_grid.c:88:23:get_cell_row_align	16	static
../user/app/src/lvgl_wrappers/../../../../Middlewares/Third_Party/LVGL/src/extra/layouts/grid/lv_grid.c:92:23:get_grid_col_align	16	static
../user/app/src/lvgl_wrappers/../../../../Middlewares/Third_Party/LVGL/src/extra/layouts/grid/lv_grid.c:96:23:get_grid_row_align	16	static
../user/app/src/lvgl_wrappers/../../../../Middlewares/Third_Party/LVGL/src/extra/layouts/grid/lv_grid.c:128:6:lv_grid_init	8	static
../user/app/src/lvgl_wrappers/../../../../Middlewares/Third_Party/LVGL/src/extra/layouts/grid/lv_grid.c:145:6:lv_obj_set_grid_dsc_array	24	static
../user/app/src/lvgl_wrappers/../../../../Middlewares/Third_Party/LVGL/src/extra/layouts/grid/lv_grid.c:152:6:lv_obj_set_grid_align	16	static
../user/app/src/lvgl_wrappers/../../../../Middlewares/Third_Party/LVGL/src/extra/layouts/grid/lv_grid.c:159:6:lv_obj_set_grid_cell	16	static
../user/app/src/lvgl_wrappers/../../../../Middlewares/Third_Party/LVGL/src/extra/layouts/grid/lv_grid.c:173:6:lv_style_set_grid_row_dsc_array	24	static
../user/app/src/lvgl_wrappers/../../../../Middlewares/Third_Party/LVGL/src/extra/layouts/grid/lv_grid.c:181:6:lv_style_set_grid_column_dsc_array	24	static
../user/app/src/lvgl_wrappers/../../../../Middlewares/Third_Party/LVGL/src/extra/layouts/grid/lv_grid.c:189:6:lv_style_set_grid_row_align	24	static
../user/app/src/lvgl_wrappers/../../../../Middlewares/Third_Party/LVGL/src/extra/layouts/grid/lv_grid.c:197:6:lv_style_set_grid_column_align	24	static
../user/app/src/lvgl_wrappers/../../../../Middlewares/Third_Party/LVGL/src/extra/layouts/grid/lv_grid.c:205:6:lv_style_set_grid_cell_column_pos	24	static
../user/app/src/lvgl_wrappers/../../../../Middlewares/Third_Party/LVGL/src/extra/layouts/grid/lv_grid.c:213:6:lv_style_set_grid_cell_column_span	24	static
../user/app/src/lvgl_wrappers/../../../../Middlewares/Third_Party/LVGL/src/extra/layouts/grid/lv_grid.c:221:6:lv_style_set_grid_cell_row_pos	24	static
../user/app/src/lvgl_wrappers/../../../../Middlewares/Third_Party/LVGL/src/extra/layouts/grid/lv_grid.c:229:6:lv_style_set_grid_cell_row_span	24	static
../user/app/src/lvgl_wrappers/../../../../Middlewares/Third_Party/LVGL/src/extra/layouts/grid/lv_grid.c:237:6:lv_style_set_grid_cell_x_align	24	static
../user/app/src/lvgl_wrappers/../../../../Middlewares/Third_Party/LVGL/src/extra/layouts/grid/lv_grid.c:245:6:lv_style_set_grid_cell_y_align	24	static
../user/app/src/lvgl_wrappers/../../../../Middlewares/Third_Party/LVGL/src/extra/layouts/grid/lv_grid.c:253:6:lv_obj_set_style_grid_row_dsc_array	32	static
../user/app/src/lvgl_wrappers/../../../../Middlewares/Third_Party/LVGL/src/extra/layouts/grid/lv_grid.c:261:6:lv_obj_set_style_grid_column_dsc_array	32	static
../user/app/src/lvgl_wrappers/../../../../Middlewares/Third_Party/LVGL/src/extra/layouts/grid/lv_grid.c:269:6:lv_obj_set_style_grid_row_align	32	static
../user/app/src/lvgl_wrappers/../../../../Middlewares/Third_Party/LVGL/src/extra/layouts/grid/lv_grid.c:277:6:lv_obj_set_style_grid_column_align	32	static
../user/app/src/lvgl_wrappers/../../../../Middlewares/Third_Party/LVGL/src/extra/layouts/grid/lv_grid.c:285:6:lv_obj_set_style_grid_cell_column_pos	32	static
../user/app/src/lvgl_wrappers/../../../../Middlewares/Third_Party/LVGL/src/extra/layouts/grid/lv_grid.c:293:6:lv_obj_set_style_grid_cell_column_span	32	static
../user/app/src/lvgl_wrappers/../../../../Middlewares/Third_Party/LVGL/src/extra/layouts/grid/lv_grid.c:301:6:lv_obj_set_style_grid_cell_row_pos	32	static
../user/app/src/lvgl_wrappers/../../../../Middlewares/Third_Party/LVGL/src/extra/layouts/grid/lv_grid.c:309:6:lv_obj_set_style_grid_cell_row_span	32	static
../user/app/src/lvgl_wrappers/../../../../Middlewares/Third_Party/LVGL/src/extra/layouts/grid/lv_grid.c:317:6:lv_obj_set_style_grid_cell_x_align	32	static
../user/app/src/lvgl_wrappers/../../../../Middlewares/Third_Party/LVGL/src/extra/layouts/grid/lv_grid.c:325:6:lv_obj_set_style_grid_cell_y_align	32	static
../user/app/src/lvgl_wrappers/../../../../Middlewares/Third_Party/LVGL/src/extra/layouts/grid/lv_grid.c:337:13:grid_update	96	static
../user/app/src/lvgl_wrappers/../../../../Middlewares/Third_Party/LVGL/src/extra/layouts/grid/lv_grid.c:384:13:calc	72	static
../user/app/src/lvgl_wrappers/../../../../Middlewares/Third_Party/LVGL/src/extra/layouts/grid/lv_grid.c:418:13:calc_free	16	static
../user/app/src/lvgl_wrappers/../../../../Middlewares/Third_Party/LVGL/src/extra/layouts/grid/lv_grid.c:426:13:calc_cols	72	static
../user/app/src/lvgl_wrappers/../../../../Middlewares/Third_Party/LVGL/src/extra/layouts/grid/lv_grid.c:498:13:calc_rows	72	static
../user/app/src/lvgl_wrappers/../../../../Middlewares/Third_Party/LVGL/src/extra/layouts/grid/lv_grid.c:574:13:item_repos	96	static
../user/app/src/lvgl_wrappers/../../../../Middlewares/Third_Party/LVGL/src/extra/layouts/grid/lv_grid.c:696:19:grid_align	32	static
../user/app/src/lvgl_wrappers/../../../../Middlewares/Third_Party/LVGL/src/extra/layouts/grid/lv_grid.c:763:17:count_tracks	24	static
../user/app/src/lvgl_wrappers/../../../../Middlewares/Third_Party/LVGL/src/extra/themes/default/lv_theme_default.c:190:19:dark_color_filter_cb	16	static
../user/app/src/lvgl_wrappers/../../../../Middlewares/Third_Party/LVGL/src/extra/themes/default/lv_theme_default.c:196:19:grey_filter_cb	16	static
../user/app/src/lvgl_wrappers/../../../../Middlewares/Third_Party/LVGL/src/extra/themes/default/lv_theme_default.c:203:13:style_init	32	static
../user/app/src/lvgl_wrappers/../../../../Middlewares/Third_Party/LVGL/src/extra/themes/default/lv_theme_default.c:645:14:lv_theme_default_init	24	static
../user/app/src/lvgl_wrappers/../../../../Middlewares/Third_Party/LVGL/src/extra/themes/default/lv_theme_default.c:680:14:lv_theme_default_get	8	static
../user/app/src/lvgl_wrappers/../../../../Middlewares/Third_Party/LVGL/src/extra/themes/default/lv_theme_default.c:689:6:lv_theme_default_is_inited	4	static
../user/app/src/lvgl_wrappers/../../../../Middlewares/Third_Party/LVGL/src/extra/themes/default/lv_theme_default.c:694:13:theme_apply	24	static
../user/app/src/lvgl_wrappers/../../../../Middlewares/Third_Party/LVGL/src/extra/themes/default/lv_theme_default.c:1165:13:style_init_reset	16	static
../user/app/src/lvgl_wrappers/../../../../Middlewares/Third_Party/LVGL/src/extra/widgets/chart/lv_chart.c:67:12:lv_chart_create	24	static
../user/app/src/lvgl_wrappers/../../../../Middlewares/Third_Party/LVGL/src/extra/widgets/chart/lv_chart.c:75:6:lv_chart_set_type	48	static
../user/app/src/lvgl_wrappers/../../../../Middlewares/Third_Party/LVGL/src/extra/widgets/chart/lv_chart.c:104:6:lv_chart_set_point_count	24	static
../user/app/src/lvgl_wrappers/../../../../Middlewares/Third_Party/LVGL/src/extra/widgets/chart/lv_chart.c:128:6:lv_chart_set_range	40	static
../user/app/src/lvgl_wrappers/../../../../Middlewares/Third_Party/LVGL/src/extra/widgets/chart/lv_chart.c:160:6:lv_chart_set_update_mode	24	static
../user/app/src/lvgl_wrappers/../../../../Middlewares/Third_Party/LVGL/src/extra/widgets/chart/lv_chart.c:171:6:lv_chart_set_div_line_count	24	static
../user/app/src/lvgl_wrappers/../../../../Middlewares/Third_Party/LVGL/src/extra/widgets/chart/lv_chart.c:184:6:lv_chart_set_zoom_x	24	static
../user/app/src/lvgl_wrappers/../../../../Middlewares/Third_Party/LVGL/src/extra/widgets/chart/lv_chart.c:198:6:lv_chart_set_zoom_y	24	static
../user/app/src/lvgl_wrappers/../../../../Middlewares/Third_Party/LVGL/src/extra/widgets/chart/lv_chart.c:212:10:lv_chart_get_zoom_x	24	static
../user/app/src/lvgl_wrappers/../../../../Middlewares/Third_Party/LVGL/src/extra/widgets/chart/lv_chart.c:220:10:lv_chart_get_zoom_y	24	static
../user/app/src/lvgl_wrappers/../../../../Middlewares/Third_Party/LVGL/src/extra/widgets/chart/lv_chart.c:228:6:lv_chart_set_axis_tick	32	static
../user/app/src/lvgl_wrappers/../../../../Middlewares/Third_Party/LVGL/src/extra/widgets/chart/lv_chart.c:245:17:lv_chart_get_type	24	static
../user/app/src/lvgl_wrappers/../../../../Middlewares/Third_Party/LVGL/src/extra/widgets/chart/lv_chart.c:253:10:lv_chart_get_point_count	24	static
../user/app/src/lvgl_wrappers/../../../../Middlewares/Third_Party/LVGL/src/extra/widgets/chart/lv_chart.c:261:10:lv_chart_get_x_start_point	40	static
../user/app/src/lvgl_wrappers/../../../../Middlewares/Third_Party/LVGL/src/extra/widgets/chart/lv_chart.c:269:6:lv_chart_get_point_pos_by_id	88	static
../user/app/src/lvgl_wrappers/../../../../Middlewares/Third_Party/LVGL/src/extra/widgets/chart/lv_chart.c:330:6:lv_chart_refresh	16	static
../user/app/src/lvgl_wrappers/../../../../Middlewares/Third_Party/LVGL/src/extra/widgets/chart/lv_chart.c:341:21:lv_chart_add_series	56	static
../user/app/src/lvgl_wrappers/../../../../Middlewares/Third_Party/LVGL/src/extra/widgets/chart/lv_chart.c:384:6:lv_chart_remove_series	40	static
../user/app/src/lvgl_wrappers/../../../../Middlewares/Third_Party/LVGL/src/extra/widgets/chart/lv_chart.c:399:6:lv_chart_hide_series	40	static
../user/app/src/lvgl_wrappers/../../../../Middlewares/Third_Party/LVGL/src/extra/widgets/chart/lv_chart.c:408:6:lv_chart_set_series_color	40	static
../user/app/src/lvgl_wrappers/../../../../Middlewares/Third_Party/LVGL/src/extra/widgets/chart/lv_chart.c:417:6:lv_chart_set_x_start_point	48	static
../user/app/src/lvgl_wrappers/../../../../Middlewares/Third_Party/LVGL/src/extra/widgets/chart/lv_chart.c:427:21:lv_chart_get_series_next	24	static
../user/app/src/lvgl_wrappers/../../../../Middlewares/Third_Party/LVGL/src/extra/widgets/chart/lv_chart.c:447:22:lv_chart_add_cursor	40	static
../user/app/src/lvgl_wrappers/../../../../Middlewares/Third_Party/LVGL/src/extra/widgets/chart/lv_chart.c:473:6:lv_chart_set_cursor_pos	40	static
../user/app/src/lvgl_wrappers/../../../../Middlewares/Third_Party/LVGL/src/extra/widgets/chart/lv_chart.c:491:6:lv_chart_set_cursor_point	40	static
../user/app/src/lvgl_wrappers/../../../../Middlewares/Third_Party/LVGL/src/extra/widgets/chart/lv_chart.c:509:12:lv_chart_get_cursor_point	40	static
../user/app/src/lvgl_wrappers/../../../../Middlewares/Third_Party/LVGL/src/extra/widgets/chart/lv_chart.c:521:6:lv_chart_set_all_value	48	static
../user/app/src/lvgl_wrappers/../../../../Middlewares/Third_Party/LVGL/src/extra/widgets/chart/lv_chart.c:535:6:lv_chart_set_next_value	48	static
../user/app/src/lvgl_wrappers/../../../../Middlewares/Third_Party/LVGL/src/extra/widgets/chart/lv_chart.c:547:6:lv_chart_set_next_value2	48	static
../user/app/src/lvgl_wrappers/../../../../Middlewares/Third_Party/LVGL/src/extra/widgets/chart/lv_chart.c:565:6:lv_chart_set_value_by_id	48	static
../user/app/src/lvgl_wrappers/../../../../Middlewares/Third_Party/LVGL/src/extra/widgets/chart/lv_chart.c:576:6:lv_chart_set_value_by_id2	48	static
../user/app/src/lvgl_wrappers/../../../../Middlewares/Third_Party/LVGL/src/extra/widgets/chart/lv_chart.c:594:6:lv_chart_set_ext_y_array	40	static
../user/app/src/lvgl_wrappers/../../../../Middlewares/Third_Party/LVGL/src/extra/widgets/chart/lv_chart.c:605:6:lv_chart_set_ext_x_array	40	static
../user/app/src/lvgl_wrappers/../../../../Middlewares/Third_Party/LVGL/src/extra/widgets/chart/lv_chart.c:616:14:lv_chart_get_y_array	32	static
../user/app/src/lvgl_wrappers/../../../../Middlewares/Third_Party/LVGL/src/extra/widgets/chart/lv_chart.c:624:14:lv_chart_get_x_array	32	static
../user/app/src/lvgl_wrappers/../../../../Middlewares/Third_Party/LVGL/src/extra/widgets/chart/lv_chart.c:632:10:lv_chart_get_pressed_point	24	static
../user/app/src/lvgl_wrappers/../../../../Middlewares/Third_Party/LVGL/src/extra/widgets/chart/lv_chart.c:642:13:lv_chart_constructor	24	static
../user/app/src/lvgl_wrappers/../../../../Middlewares/Third_Party/LVGL/src/extra/widgets/chart/lv_chart.c:673:13:lv_chart_destructor	32	static
../user/app/src/lvgl_wrappers/../../../../Middlewares/Third_Party/LVGL/src/extra/widgets/chart/lv_chart.c:701:13:lv_chart_event	56	static
../user/app/src/lvgl_wrappers/../../../../Middlewares/Third_Party/LVGL/src/extra/widgets/chart/lv_chart.c:760:13:draw_div_lines	160	static
../user/app/src/lvgl_wrappers/../../../../Middlewares/Third_Party/LVGL/src/extra/widgets/chart/lv_chart.c:868:13:draw_series_line	264	static
../user/app/src/lvgl_wrappers/../../../../Middlewares/Third_Party/LVGL/src/extra/widgets/chart/lv_chart.c:1037:13:draw_series_scatter	248	static
../user/app/src/lvgl_wrappers/../../../../Middlewares/Third_Party/LVGL/src/extra/widgets/chart/lv_chart.c:1180:13:draw_series_bar	232	static
../user/app/src/lvgl_wrappers/../../../../Middlewares/Third_Party/LVGL/src/extra/widgets/chart/lv_chart.c:1266:13:draw_cursors	280	static
../user/app/src/lvgl_wrappers/../../../../Middlewares/Third_Party/LVGL/src/extra/widgets/chart/lv_chart.c:1383:13:draw_y_ticks	248	static
../user/app/src/lvgl_wrappers/../../../../Middlewares/Third_Party/LVGL/src/extra/widgets/chart/lv_chart.c:1515:13:draw_x_ticks	248	static
../user/app/src/lvgl_wrappers/../../../../Middlewares/Third_Party/LVGL/src/extra/widgets/chart/lv_chart.c:1652:13:draw_axes	16	static
../user/app/src/lvgl_wrappers/../../../../Middlewares/Third_Party/LVGL/src/extra/widgets/chart/lv_chart.c:1666:17:get_index_from_x	24	static
../user/app/src/lvgl_wrappers/../../../../Middlewares/Third_Party/LVGL/src/extra/widgets/chart/lv_chart.c:1681:13:invalidate_point	72	static
../user/app/src/lvgl_wrappers/../../../../Middlewares/Third_Party/LVGL/src/extra/widgets/chart/lv_chart.c:1743:13:new_points_alloc	56	static
../user/app/src/lvgl_wrappers/../../../../Middlewares/Third_Party/LVGL/src/extra/widgets/chart/lv_chart.c:1789:23:get_tick_gsc	24	static
../user/app/src/lvgl_wrappers/../../../../Middlewares/Third_Party/LVGL/src/extra/widgets/keyboard/lv_keyboard.c:137:12:lv_keyboard_create	24	static
../user/app/src/lvgl_wrappers/../../../../Middlewares/Third_Party/LVGL/src/extra/widgets/keyboard/lv_keyboard.c:154:6:lv_keyboard_set_textarea	24	static
../user/app/src/lvgl_wrappers/../../../../Middlewares/Third_Party/LVGL/src/extra/widgets/keyboard/lv_keyboard.c:181:6:lv_keyboard_set_mode	24	static
../user/app/src/lvgl_wrappers/../../../../Middlewares/Third_Party/LVGL/src/extra/widgets/keyboard/lv_keyboard.c:196:6:lv_keyboard_set_popovers	24	static
../user/app/src/lvgl_wrappers/../../../../Middlewares/Third_Party/LVGL/src/extra/widgets/keyboard/lv_keyboard.c:215:6:lv_keyboard_set_map	24	static
../user/app/src/lvgl_wrappers/../../../../Middlewares/Third_Party/LVGL/src/extra/widgets/keyboard/lv_keyboard.c:232:12:lv_keyboard_get_textarea	24	static
../user/app/src/lvgl_wrappers/../../../../Middlewares/Third_Party/LVGL/src/extra/widgets/keyboard/lv_keyboard.c:244:20:lv_keyboard_get_mode	24	static
../user/app/src/lvgl_wrappers/../../../../Middlewares/Third_Party/LVGL/src/extra/widgets/keyboard/lv_keyboard.c:256:6:lv_btnmatrix_get_popovers	24	static
../user/app/src/lvgl_wrappers/../../../../Middlewares/Third_Party/LVGL/src/extra/widgets/keyboard/lv_keyboard.c:273:6:lv_keyboard_def_event_cb	48	static
../user/app/src/lvgl_wrappers/../../../../Middlewares/Third_Party/LVGL/src/extra/widgets/keyboard/lv_keyboard.c:373:13:lv_keyboard_constructor	24	static
../user/app/src/lvgl_wrappers/../../../../Middlewares/Third_Party/LVGL/src/extra/widgets/keyboard/lv_keyboard.c:394:13:lv_keyboard_update_map	24	static
../user/app/src/lvgl_wrappers/../../../../Middlewares/Third_Party/LVGL/src/extra/widgets/keyboard/lv_keyboard.c:405:13:lv_keyboard_update_ctrl_map	32	static
../user/app/src/lvgl_wrappers/../../../../Middlewares/Third_Party/LVGL/src/extra/widgets/list/lv_list.c:56:12:lv_list_create	24	static
../user/app/src/lvgl_wrappers/../../../../Middlewares/Third_Party/LVGL/src/extra/widgets/list/lv_list.c:65:12:lv_list_add_text	24	static
../user/app/src/lvgl_wrappers/../../../../Middlewares/Third_Party/LVGL/src/extra/widgets/list/lv_list.c:76:12:lv_list_add_btn	40	static
../user/app/src/lvgl_wrappers/../../../../Middlewares/Third_Party/LVGL/src/extra/widgets/list/lv_list.c:101:14:lv_list_get_btn_text	24	static
../user/app/src/lvgl_wrappers/../../../../Middlewares/Third_Party/LVGL/src/extra/widgets/msgbox/lv_msgbox.c:61:12:lv_msgbox_create	88	static
../user/app/src/lvgl_wrappers/../../../../Middlewares/Third_Party/LVGL/src/extra/widgets/msgbox/lv_msgbox.c:141:12:lv_msgbox_get_title	24	static
../user/app/src/lvgl_wrappers/../../../../Middlewares/Third_Party/LVGL/src/extra/widgets/msgbox/lv_msgbox.c:148:12:lv_msgbox_get_close_btn	24	static
../user/app/src/lvgl_wrappers/../../../../Middlewares/Third_Party/LVGL/src/extra/widgets/msgbox/lv_msgbox.c:155:12:lv_msgbox_get_text	24	static
../user/app/src/lvgl_wrappers/../../../../Middlewares/Third_Party/LVGL/src/extra/widgets/msgbox/lv_msgbox.c:162:12:lv_msgbox_get_content	24	static
../user/app/src/lvgl_wrappers/../../../../Middlewares/Third_Party/LVGL/src/extra/widgets/msgbox/lv_msgbox.c:169:12:lv_msgbox_get_btns	24	static
../user/app/src/lvgl_wrappers/../../../../Middlewares/Third_Party/LVGL/src/extra/widgets/msgbox/lv_msgbox.c:176:10:lv_msgbox_get_active_btn	24	static
../user/app/src/lvgl_wrappers/../../../../Middlewares/Third_Party/LVGL/src/extra/widgets/msgbox/lv_msgbox.c:182:14:lv_msgbox_get_active_btn_text	24	static
../user/app/src/lvgl_wrappers/../../../../Middlewares/Third_Party/LVGL/src/extra/widgets/msgbox/lv_msgbox.c:188:6:lv_msgbox_close	16	static
../user/app/src/lvgl_wrappers/../../../../Middlewares/Third_Party/LVGL/src/extra/widgets/msgbox/lv_msgbox.c:194:6:lv_msgbox_close_async	16	static
../user/app/src/lvgl_wrappers/../../../../Middlewares/Third_Party/LVGL/src/extra/widgets/msgbox/lv_msgbox.c:204:13:msgbox_close_click_event_cb	24	static
../user/app/src/lvgl_wrappers/../../../../Middlewares/Third_Party/LVGL/src/extra/widgets/spinbox/lv_spinbox.c:50:12:lv_spinbox_create	24	static
../user/app/src/lvgl_wrappers/../../../../Middlewares/Third_Party/LVGL/src/extra/widgets/spinbox/lv_spinbox.c:67:6:lv_spinbox_set_value	24	static
../user/app/src/lvgl_wrappers/../../../../Middlewares/Third_Party/LVGL/src/extra/widgets/spinbox/lv_spinbox.c:85:6:lv_spinbox_set_rollover	24	static
../user/app/src/lvgl_wrappers/../../../../Middlewares/Third_Party/LVGL/src/extra/widgets/spinbox/lv_spinbox.c:100:6:lv_spinbox_set_digit_format	56	static
../user/app/src/lvgl_wrappers/../../../../Middlewares/Third_Party/LVGL/src/extra/widgets/spinbox/lv_spinbox.c:126:6:lv_spinbox_set_step	24	static
../user/app/src/lvgl_wrappers/../../../../Middlewares/Third_Party/LVGL/src/extra/widgets/spinbox/lv_spinbox.c:141:6:lv_spinbox_set_range	32	static
../user/app/src/lvgl_wrappers/../../../../Middlewares/Third_Party/LVGL/src/extra/widgets/spinbox/lv_spinbox.c:160:6:lv_spinbox_set_cursor_pos	40	static
../user/app/src/lvgl_wrappers/../../../../Middlewares/Third_Party/LVGL/src/extra/widgets/spinbox/lv_spinbox.c:178:6:lv_spinbox_set_digit_step_direction	24	static
../user/app/src/lvgl_wrappers/../../../../Middlewares/Third_Party/LVGL/src/extra/widgets/spinbox/lv_spinbox.c:195:9:lv_spinbox_get_value	24	static
../user/app/src/lvgl_wrappers/../../../../Middlewares/Third_Party/LVGL/src/extra/widgets/spinbox/lv_spinbox.c:207:9:lv_spinbox_get_step	24	static
../user/app/src/lvgl_wrappers/../../../../Middlewares/Third_Party/LVGL/src/extra/widgets/spinbox/lv_spinbox.c:223:6:lv_spinbox_step_next	24	static
../user/app/src/lvgl_wrappers/../../../../Middlewares/Third_Party/LVGL/src/extra/widgets/spinbox/lv_spinbox.c:241:6:lv_spinbox_step_prev	32	static
../user/app/src/lvgl_wrappers/../../../../Middlewares/Third_Party/LVGL/src/extra/widgets/spinbox/lv_spinbox.c:257:6:lv_spinbox_get_rollover	24	static
../user/app/src/lvgl_wrappers/../../../../Middlewares/Third_Party/LVGL/src/extra/widgets/spinbox/lv_spinbox.c:269:6:lv_spinbox_increment	24	static
../user/app/src/lvgl_wrappers/../../../../Middlewares/Third_Party/LVGL/src/extra/widgets/spinbox/lv_spinbox.c:295:6:lv_spinbox_decrement	24	static
../user/app/src/lvgl_wrappers/../../../../Middlewares/Third_Party/LVGL/src/extra/widgets/spinbox/lv_spinbox.c:320:13:lv_spinbox_constructor	24	static
../user/app/src/lvgl_wrappers/../../../../Middlewares/Third_Party/LVGL/src/extra/widgets/spinbox/lv_spinbox.c:345:13:lv_spinbox_event	72	static
../user/app/src/lvgl_wrappers/../../../../Middlewares/Third_Party/LVGL/src/extra/widgets/spinbox/lv_spinbox.c:440:13:lv_spinbox_updatevalue	96	static
../user/app/src/lvgl_wrappers/../../../../Middlewares/Third_Party/LVGL/src/extra/widgets/spinner/lv_spinner.c:51:12:lv_spinner_create	32	static
../user/app/src/lvgl_wrappers/../../../../Middlewares/Third_Party/LVGL/src/extra/widgets/spinner/lv_spinner.c:65:13:lv_spinner_constructor	88	static
../user/app/src/lvgl_wrappers/../../../../Middlewares/Third_Party/LVGL/src/extra/widgets/spinner/lv_spinner.c:91:13:arc_anim_start_angle	16	static
../user/app/src/lvgl_wrappers/../../../../Middlewares/Third_Party/LVGL/src/extra/widgets/spinner/lv_spinner.c:96:13:arc_anim_end_angle	16	static
../user/app/src/lvgl_wrappers/../../../../Middlewares/Third_Party/LVGL/src/extra/widgets/tabview/lv_tabview.c:56:12:lv_tabview_create	24	static
../user/app/src/lvgl_wrappers/../../../../Middlewares/Third_Party/LVGL/src/extra/widgets/tabview/lv_tabview.c:67:12:lv_tabview_add_tab	56	static
../user/app/src/lvgl_wrappers/../../../../Middlewares/Third_Party/LVGL/src/extra/widgets/tabview/lv_tabview.c:124:6:lv_tabview_rename_tab	40	static
../user/app/src/lvgl_wrappers/../../../../Middlewares/Third_Party/LVGL/src/extra/widgets/tabview/lv_tabview.c:138:6:lv_tabview_set_act	48	static
../user/app/src/lvgl_wrappers/../../../../Middlewares/Third_Party/LVGL/src/extra/widgets/tabview/lv_tabview.c:177:10:lv_tabview_get_tab_act	24	static
../user/app/src/lvgl_wrappers/../../../../Middlewares/Third_Party/LVGL/src/extra/widgets/tabview/lv_tabview.c:184:12:lv_tabview_get_content	16	static
../user/app/src/lvgl_wrappers/../../../../Middlewares/Third_Party/LVGL/src/extra/widgets/tabview/lv_tabview.c:189:12:lv_tabview_get_tab_btns	16	static
../user/app/src/lvgl_wrappers/../../../../Middlewares/Third_Party/LVGL/src/extra/widgets/tabview/lv_tabview.c:198:13:lv_tabview_constructor	32	static
../user/app/src/lvgl_wrappers/../../../../Middlewares/Third_Party/LVGL/src/extra/widgets/tabview/lv_tabview.c:268:13:lv_tabview_destructor	24	static
../user/app/src/lvgl_wrappers/../../../../Middlewares/Third_Party/LVGL/src/extra/widgets/tabview/lv_tabview.c:291:13:lv_tabview_event	24	static
../user/app/src/lvgl_wrappers/../../../../Middlewares/Third_Party/LVGL/src/extra/widgets/tabview/lv_tabview.c:305:13:btns_value_changed_event_cb	32	static
../user/app/src/lvgl_wrappers/../../../../Middlewares/Third_Party/LVGL/src/extra/widgets/tabview/lv_tabview.c:314:13:cont_scroll_end_event_cb	56	static
../user/app/src/lvgl_wrappers/../../../../Middlewares/Third_Party/LVGL/src/extra/widgets/calendar/lv_calendar.c:60:12:lv_calendar_create	24	static
../user/app/src/lvgl_wrappers/../../../../Middlewares/Third_Party/LVGL/src/extra/widgets/calendar/lv_calendar.c:72:6:lv_calendar_set_day_names	24	static
../user/app/src/lvgl_wrappers/../../../../Middlewares/Third_Party/LVGL/src/extra/widgets/calendar/lv_calendar.c:84:6:lv_calendar_set_today_date	32	static
../user/app/src/lvgl_wrappers/../../../../Middlewares/Third_Party/LVGL/src/extra/widgets/calendar/lv_calendar.c:96:6:lv_calendar_set_highlighted_dates	48	static
../user/app/src/lvgl_wrappers/../../../../Middlewares/Third_Party/LVGL/src/extra/widgets/calendar/lv_calendar.c:109:6:lv_calendar_set_showed_date	56	static
../user/app/src/lvgl_wrappers/../../../../Middlewares/Third_Party/LVGL/src/extra/widgets/calendar/lv_calendar.c:172:12:lv_calendar_get_btnmatrix	24	static
../user/app/src/lvgl_wrappers/../../../../Middlewares/Third_Party/LVGL/src/extra/widgets/calendar/lv_calendar.c:179:28:lv_calendar_get_today_date	24	static
../user/app/src/lvgl_wrappers/../../../../Middlewares/Third_Party/LVGL/src/extra/widgets/calendar/lv_calendar.c:187:28:lv_calendar_get_showed_date	24	static
../user/app/src/lvgl_wrappers/../../../../Middlewares/Third_Party/LVGL/src/extra/widgets/calendar/lv_calendar.c:195:22:lv_calendar_get_highlighted_dates	24	static
../user/app/src/lvgl_wrappers/../../../../Middlewares/Third_Party/LVGL/src/extra/widgets/calendar/lv_calendar.c:203:10:lv_calendar_get_highlighted_dates_num	24	static
../user/app/src/lvgl_wrappers/../../../../Middlewares/Third_Party/LVGL/src/extra/widgets/calendar/lv_calendar.c:211:10:lv_calendar_get_pressed_date	40	static
../user/app/src/lvgl_wrappers/../../../../Middlewares/Third_Party/LVGL/src/extra/widgets/calendar/lv_calendar.c:239:13:lv_calendar_constructor	32	static
../user/app/src/lvgl_wrappers/../../../../Middlewares/Third_Party/LVGL/src/extra/widgets/calendar/lv_calendar.c:290:13:draw_part_begin_event_cb	32	static
../user/app/src/lvgl_wrappers/../../../../Middlewares/Third_Party/LVGL/src/extra/widgets/calendar/lv_calendar.c:330:16:get_month_length	16	static
../user/app/src/lvgl_wrappers/../../../../Middlewares/Third_Party/LVGL/src/extra/widgets/calendar/lv_calendar.c:351:16:is_leap_year	16	static
../user/app/src/lvgl_wrappers/../../../../Middlewares/Third_Party/LVGL/src/extra/widgets/calendar/lv_calendar.c:363:16:get_day_of_week	40	static
../user/app/src/lvgl_wrappers/../../../../Middlewares/Third_Party/LVGL/src/extra/widgets/calendar/lv_calendar.c:377:13:highlight_update	32	static
../user/app/src/lvgl_wrappers/../../../../Middlewares/Third_Party/LVGL/src/extra/widgets/calendar/lv_calendar_header_arrow.c:52:12:lv_calendar_header_arrow_create	24	static
../user/app/src/lvgl_wrappers/../../../../Middlewares/Third_Party/LVGL/src/extra/widgets/calendar/lv_calendar_header_arrow.c:63:13:my_constructor	32	static
../user/app/src/lvgl_wrappers/../../../../Middlewares/Third_Party/LVGL/src/extra/widgets/calendar/lv_calendar_header_arrow.c:101:13:month_event_cb	40	static
../user/app/src/lvgl_wrappers/../../../../Middlewares/Third_Party/LVGL/src/extra/widgets/calendar/lv_calendar_header_arrow.c:138:13:value_changed_event_cb	32	static
../user/app/src/lvgl_wrappers/../../../../Middlewares/Third_Party/LVGL/src/extra/widgets/meter/lv_meter.c:54:12:lv_meter_create	24	static
../user/app/src/lvgl_wrappers/../../../../Middlewares/Third_Party/LVGL/src/extra/widgets/meter/lv_meter.c:66:20:lv_meter_add_scale	40	static
../user/app/src/lvgl_wrappers/../../../../Middlewares/Third_Party/LVGL/src/extra/widgets/meter/lv_meter.c:87:6:lv_meter_set_scale_ticks	24	static
../user/app/src/lvgl_wrappers/../../../../Middlewares/Third_Party/LVGL/src/extra/widgets/meter/lv_meter.c:97:6:lv_meter_set_scale_major_ticks	24	static
../user/app/src/lvgl_wrappers/../../../../Middlewares/Third_Party/LVGL/src/extra/widgets/meter/lv_meter.c:108:6:lv_meter_set_scale_range	24	static
../user/app/src/lvgl_wrappers/../../../../Middlewares/Third_Party/LVGL/src/extra/widgets/meter/lv_meter.c:122:24:lv_meter_add_needle_line	48	static
../user/app/src/lvgl_wrappers/../../../../Middlewares/Third_Party/LVGL/src/extra/widgets/meter/lv_meter.c:142:24:lv_meter_add_needle_img	48	static
../user/app/src/lvgl_wrappers/../../../../Middlewares/Third_Party/LVGL/src/extra/widgets/meter/lv_meter.c:162:24:lv_meter_add_arc	48	static
../user/app/src/lvgl_wrappers/../../../../Middlewares/Third_Party/LVGL/src/extra/widgets/meter/lv_meter.c:182:24:lv_meter_add_scale_lines	48	static
../user/app/src/lvgl_wrappers/../../../../Middlewares/Third_Party/LVGL/src/extra/widgets/meter/lv_meter.c:207:6:lv_meter_set_indicator_value	32	static
../user/app/src/lvgl_wrappers/../../../../Middlewares/Third_Party/LVGL/src/extra/widgets/meter/lv_meter.c:228:6:lv_meter_set_indicator_start_value	32	static
../user/app/src/lvgl_wrappers/../../../../Middlewares/Third_Party/LVGL/src/extra/widgets/meter/lv_meter.c:245:6:lv_meter_set_indicator_end_value	32	static
../user/app/src/lvgl_wrappers/../../../../Middlewares/Third_Party/LVGL/src/extra/widgets/meter/lv_meter.c:266:13:lv_meter_constructor	24	static
../user/app/src/lvgl_wrappers/../../../../Middlewares/Third_Party/LVGL/src/extra/widgets/meter/lv_meter.c:279:13:lv_meter_destructor	24	static
../user/app/src/lvgl_wrappers/../../../../Middlewares/Third_Party/LVGL/src/extra/widgets/meter/lv_meter.c:289:13:lv_meter_event	112	static
../user/app/src/lvgl_wrappers/../../../../Middlewares/Third_Party/LVGL/src/extra/widgets/meter/lv_meter.c:326:13:draw_arcs	160	static
../user/app/src/lvgl_wrappers/../../../../Middlewares/Third_Party/LVGL/src/extra/widgets/meter/lv_meter.c:375:13:draw_ticks_and_labels	400	static
../user/app/src/lvgl_wrappers/../../../../Middlewares/Third_Party/LVGL/src/extra/widgets/meter/lv_meter.c:552:13:draw_needles	200	static
../user/app/src/lvgl_wrappers/../../../../Middlewares/Third_Party/LVGL/src/extra/widgets/meter/lv_meter.c:628:13:inv_arc	96	static
../user/app/src/lvgl_wrappers/../../../../Middlewares/Third_Party/LVGL/src/extra/widgets/meter/lv_meter.c:653:13:inv_line	96	static
../user/app/src/lvgl_wrappers/../../../../Middlewares/Third_Party/LVGL/src/extra/widgets/led/lv_led.c:54:12:lv_led_create	24	static
../user/app/src/lvgl_wrappers/../../../../Middlewares/Third_Party/LVGL/src/extra/widgets/led/lv_led.c:71:6:lv_led_set_color	24	static
../user/app/src/lvgl_wrappers/../../../../Middlewares/Third_Party/LVGL/src/extra/widgets/led/lv_led.c:85:6:lv_led_set_brightness	24	static
../user/app/src/lvgl_wrappers/../../../../Middlewares/Third_Party/LVGL/src/extra/widgets/led/lv_led.c:102:6:lv_led_on	16	static
../user/app/src/lvgl_wrappers/../../../../Middlewares/Third_Party/LVGL/src/extra/widgets/led/lv_led.c:111:6:lv_led_off	16	static
../user/app/src/lvgl_wrappers/../../../../Middlewares/Third_Party/LVGL/src/extra/widgets/led/lv_led.c:120:6:lv_led_toggle	24	static
../user/app/src/lvgl_wrappers/../../../../Middlewares/Third_Party/LVGL/src/extra/widgets/led/lv_led.c:138:9:lv_led_get_brightness	24	static
../user/app/src/lvgl_wrappers/../../../../Middlewares/Third_Party/LVGL/src/extra/widgets/led/lv_led.c:150:13:lv_led_constructor	32	static
../user/app/src/lvgl_wrappers/../../../../Middlewares/Third_Party/LVGL/src/extra/widgets/led/lv_led.c:158:13:lv_led_event	168	static
../user/app/src/lvgl_wrappers/../../../../Middlewares/Third_Party/LVGL/src/extra/widgets/span/lv_span.c:89:12:lv_spangroup_create	24	static
../user/app/src/lvgl_wrappers/../../../../Middlewares/Third_Party/LVGL/src/extra/widgets/span/lv_span.c:96:13:lv_spangroup_new_span	40	static
../user/app/src/lvgl_wrappers/../../../../Middlewares/Third_Party/LVGL/src/extra/widgets/span/lv_span.c:117:6:lv_spangroup_del_span	24	static
../user/app/src/lvgl_wrappers/../../../../Middlewares/Third_Party/LVGL/src/extra/widgets/span/lv_span.c:145:6:lv_span_set_text	24	static
../user/app/src/lvgl_wrappers/../../../../Middlewares/Third_Party/LVGL/src/extra/widgets/span/lv_span.c:163:6:lv_span_set_text_static	16	static
../user/app/src/lvgl_wrappers/../../../../Middlewares/Third_Party/LVGL/src/extra/widgets/span/lv_span.c:178:6:lv_spangroup_set_align	16	static
../user/app/src/lvgl_wrappers/../../../../Middlewares/Third_Party/LVGL/src/extra/widgets/span/lv_span.c:183:6:lv_spangroup_set_overflow	24	static
../user/app/src/lvgl_wrappers/../../../../Middlewares/Third_Party/LVGL/src/extra/widgets/span/lv_span.c:193:6:lv_spangroup_set_indent	24	static
../user/app/src/lvgl_wrappers/../../../../Middlewares/Third_Party/LVGL/src/extra/widgets/span/lv_span.c:204:6:lv_spangroup_set_mode	24	static
../user/app/src/lvgl_wrappers/../../../../Middlewares/Third_Party/LVGL/src/extra/widgets/span/lv_span.c:212:6:lv_spangroup_set_lines	24	static
../user/app/src/lvgl_wrappers/../../../../Middlewares/Third_Party/LVGL/src/extra/widgets/span/lv_span.c:224:13:lv_spangroup_get_child	40	static
../user/app/src/lvgl_wrappers/../../../../Middlewares/Third_Party/LVGL/src/extra/widgets/span/lv_span.c:261:10:lv_spangroup_get_child_cnt	24	static
../user/app/src/lvgl_wrappers/../../../../Middlewares/Third_Party/LVGL/src/extra/widgets/span/lv_span.c:274:17:lv_spangroup_get_align	16	static
../user/app/src/lvgl_wrappers/../../../../Middlewares/Third_Party/LVGL/src/extra/widgets/span/lv_span.c:279:20:lv_spangroup_get_overflow	24	static
../user/app/src/lvgl_wrappers/../../../../Middlewares/Third_Party/LVGL/src/extra/widgets/span/lv_span.c:286:12:lv_spangroup_get_indent	24	static
../user/app/src/lvgl_wrappers/../../../../Middlewares/Third_Party/LVGL/src/extra/widgets/span/lv_span.c:293:16:lv_spangroup_get_mode	24	static
../user/app/src/lvgl_wrappers/../../../../Middlewares/Third_Party/LVGL/src/extra/widgets/span/lv_span.c:300:9:lv_spangroup_get_lines	24	static
../user/app/src/lvgl_wrappers/../../../../Middlewares/Third_Party/LVGL/src/extra/widgets/span/lv_span.c:307:6:lv_spangroup_refr_mode	32	static
../user/app/src/lvgl_wrappers/../../../../Middlewares/Third_Party/LVGL/src/extra/widgets/span/lv_span.c:341:12:lv_spangroup_get_max_line_h	40	static
../user/app/src/lvgl_wrappers/../../../../Middlewares/Third_Party/LVGL/src/extra/widgets/span/lv_span.c:359:10:lv_spangroup_get_expand_width	56	static
../user/app/src/lvgl_wrappers/../../../../Middlewares/Third_Party/LVGL/src/extra/widgets/span/lv_span.c:391:12:lv_spangroup_get_expand_height	128	static
../user/app/src/lvgl_wrappers/../../../../Middlewares/Third_Party/LVGL/src/extra/widgets/span/lv_span.c:501:13:lv_spangroup_constructor	24	static
../user/app/src/lvgl_wrappers/../../../../Middlewares/Third_Party/LVGL/src/extra/widgets/span/lv_span.c:515:13:lv_spangroup_destructor	24	static
../user/app/src/lvgl_wrappers/../../../../Middlewares/Third_Party/LVGL/src/extra/widgets/span/lv_span.c:531:13:lv_spangroup_event	40	static
../user/app/src/lvgl_wrappers/../../../../Middlewares/Third_Party/LVGL/src/extra/widgets/span/lv_span.c:588:13:draw_main	24	static
../user/app/src/lvgl_wrappers/../../../../Middlewares/Third_Party/LVGL/src/extra/widgets/span/lv_span.c:599:13:lv_txt_get_snippet	40	static
../user/app/src/lvgl_wrappers/../../../../Middlewares/Third_Party/LVGL/src/extra/widgets/span/lv_span.c:620:13:lv_snippet_push	24	static
../user/app/src/lvgl_wrappers/../../../../Middlewares/Third_Party/LVGL/src/extra/widgets/span/lv_span.c:631:17:lv_get_snippet_cnt	4	static
../user/app/src/lvgl_wrappers/../../../../Middlewares/Third_Party/LVGL/src/extra/widgets/span/lv_span.c:636:23:lv_get_snippet	16	static
../user/app/src/lvgl_wrappers/../../../../Middlewares/Third_Party/LVGL/src/extra/widgets/span/lv_span.c:641:13:lv_snippet_clear	4	static
../user/app/src/lvgl_wrappers/../../../../Middlewares/Third_Party/LVGL/src/extra/widgets/span/lv_span.c:646:26:lv_span_get_style_text_font	32	static
../user/app/src/lvgl_wrappers/../../../../Middlewares/Third_Party/LVGL/src/extra/widgets/span/lv_span.c:660:19:lv_span_get_style_text_letter_space	24	static
../user/app/src/lvgl_wrappers/../../../../Middlewares/Third_Party/LVGL/src/extra/widgets/span/lv_span.c:674:19:lv_span_get_style_text_color	24	static
../user/app/src/lvgl_wrappers/../../../../Middlewares/Third_Party/LVGL/src/extra/widgets/span/lv_span.c:684:17:lv_span_get_style_text_opa	24	static
../user/app/src/lvgl_wrappers/../../../../Middlewares/Third_Party/LVGL/src/extra/widgets/span/lv_span.c:698:24:lv_span_get_style_text_blend_mode	24	static
../user/app/src/lvgl_wrappers/../../../../Middlewares/Third_Party/LVGL/src/extra/widgets/span/lv_span.c:712:16:lv_span_get_style_text_decor	32	static
../user/app/src/lvgl_wrappers/../../../../Middlewares/Third_Party/LVGL/src/extra/widgets/span/lv_span.c:726:20:span_text_check	24	static
../user/app/src/lvgl_wrappers/../../../../Middlewares/Third_Party/LVGL/src/extra/widgets/span/lv_span.c:734:19:convert_indent_pct	24	static
../user/app/src/lvgl_wrappers/../../../../Middlewares/Third_Party/LVGL/src/extra/widgets/span/lv_span.c:757:13:lv_draw_span	288	static
../user/app/src/lvgl_wrappers/../../../../Middlewares/Third_Party/LVGL/src/extra/widgets/span/lv_span.c:1033:13:refresh_self_size	24	static
../user/app/src/lvgl_wrappers/../../../../Middlewares/Third_Party/LVGL/src/extra/widgets/colorwheel/lv_colorwheel.c:77:12:lv_colorwheel_create	24	static
../user/app/src/lvgl_wrappers/../../../../Middlewares/Third_Party/LVGL/src/extra/widgets/colorwheel/lv_colorwheel.c:97:6:lv_colorwheel_set_hsv	24	static
../user/app/src/lvgl_wrappers/../../../../Middlewares/Third_Party/LVGL/src/extra/widgets/colorwheel/lv_colorwheel.c:123:6:lv_colorwheel_set_rgb	24	static
../user/app/src/lvgl_wrappers/../../../../Middlewares/Third_Party/LVGL/src/extra/widgets/colorwheel/lv_colorwheel.c:136:6:lv_colorwheel_set_mode	24	static
../user/app/src/lvgl_wrappers/../../../../Middlewares/Third_Party/LVGL/src/extra/widgets/colorwheel/lv_colorwheel.c:151:6:lv_colorwheel_set_mode_fixed	24	static
../user/app/src/lvgl_wrappers/../../../../Middlewares/Third_Party/LVGL/src/extra/widgets/colorwheel/lv_colorwheel.c:168:16:lv_colorwheel_get_hsv	24	static
../user/app/src/lvgl_wrappers/../../../../Middlewares/Third_Party/LVGL/src/extra/widgets/colorwheel/lv_colorwheel.c:181:12:lv_colorwheel_get_rgb	24	static
../user/app/src/lvgl_wrappers/../../../../Middlewares/Third_Party/LVGL/src/extra/widgets/colorwheel/lv_colorwheel.c:194:22:lv_colorwheel_get_color_mode	24	static
../user/app/src/lvgl_wrappers/../../../../Middlewares/Third_Party/LVGL/src/extra/widgets/colorwheel/lv_colorwheel.c:207:6:lv_colorwheel_get_color_mode_fixed	24	static
../user/app/src/lvgl_wrappers/../../../../Middlewares/Third_Party/LVGL/src/extra/widgets/colorwheel/lv_colorwheel.c:223:13:lv_colorwheel_constructor	24	static
../user/app/src/lvgl_wrappers/../../../../Middlewares/Third_Party/LVGL/src/extra/widgets/colorwheel/lv_colorwheel.c:241:13:draw_disc_grad	136	static
../user/app/src/lvgl_wrappers/../../../../Middlewares/Third_Party/LVGL/src/extra/widgets/colorwheel/lv_colorwheel.c:305:13:draw_knob	96	static
../user/app/src/lvgl_wrappers/../../../../Middlewares/Third_Party/LVGL/src/extra/widgets/colorwheel/lv_colorwheel.c:326:13:invalidate_knob	24	static
../user/app/src/lvgl_wrappers/../../../../Middlewares/Third_Party/LVGL/src/extra/widgets/colorwheel/lv_colorwheel.c:333:18:get_knob_area	40	static
../user/app/src/lvgl_wrappers/../../../../Middlewares/Third_Party/LVGL/src/extra/widgets/colorwheel/lv_colorwheel.c:355:13:lv_colorwheel_event	112	static
../user/app/src/lvgl_wrappers/../../../../Middlewares/Third_Party/LVGL/src/extra/widgets/colorwheel/lv_colorwheel.c:538:13:next_color_mode	24	static
../user/app/src/lvgl_wrappers/../../../../Middlewares/Third_Party/LVGL/src/extra/widgets/colorwheel/lv_colorwheel.c:546:13:refr_knob_pos	40	static
../user/app/src/lvgl_wrappers/../../../../Middlewares/Third_Party/LVGL/src/extra/widgets/colorwheel/lv_colorwheel.c:564:17:double_click_reset	32	static
../user/app/src/lvgl_wrappers/../../../../Middlewares/Third_Party/LVGL/src/extra/widgets/colorwheel/lv_colorwheel.c:613:13:fast_hsv2rgb	40	static
../user/app/src/lvgl_wrappers/../../../../Middlewares/Third_Party/LVGL/src/extra/widgets/colorwheel/lv_colorwheel.c:645:19:angle_to_mode_color_fast	40	static
../user/app/src/lvgl_wrappers/../../../../Middlewares/Third_Party/LVGL/src/extra/widgets/colorwheel/lv_colorwheel.c:691:17:get_angle	24	static
../user/app/src/lvgl_wrappers/../../../../Middlewares/Third_Party/LVGL/src/extra/widgets/menu/lv_menu.c:112:12:lv_menu_create	24	static
../user/app/src/lvgl_wrappers/../../../../Middlewares/Third_Party/LVGL/src/extra/widgets/menu/lv_menu.c:120:12:lv_menu_page_create	40	static
../user/app/src/lvgl_wrappers/../../../../Middlewares/Third_Party/LVGL/src/extra/widgets/menu/lv_menu.c:140:12:lv_menu_cont_create	24	static
../user/app/src/lvgl_wrappers/../../../../Middlewares/Third_Party/LVGL/src/extra/widgets/menu/lv_menu.c:148:12:lv_menu_section_create	24	static
../user/app/src/lvgl_wrappers/../../../../Middlewares/Third_Party/LVGL/src/extra/widgets/menu/lv_menu.c:156:12:lv_menu_separator_create	24	static
../user/app/src/lvgl_wrappers/../../../../Middlewares/Third_Party/LVGL/src/extra/widgets/menu/lv_menu.c:164:6:lv_menu_refr	32	static
../user/app/src/lvgl_wrappers/../../../../Middlewares/Third_Party/LVGL/src/extra/widgets/menu/lv_menu.c:192:6:lv_menu_set_page	48	static
../user/app/src/lvgl_wrappers/../../../../Middlewares/Third_Party/LVGL/src/extra/widgets/menu/lv_menu.c:277:6:lv_menu_set_sidebar_page	40	static
../user/app/src/lvgl_wrappers/../../../../Middlewares/Third_Party/LVGL/src/extra/widgets/menu/lv_menu.c:340:6:lv_menu_set_mode_header	24	static
../user/app/src/lvgl_wrappers/../../../../Middlewares/Third_Party/LVGL/src/extra/widgets/menu/lv_menu.c:353:6:lv_menu_set_mode_root_back_btn	24	static
../user/app/src/lvgl_wrappers/../../../../Middlewares/Third_Party/LVGL/src/extra/widgets/menu/lv_menu.c:365:6:lv_menu_set_load_page_event	32	static
../user/app/src/lvgl_wrappers/../../../../Middlewares/Third_Party/LVGL/src/extra/widgets/menu/lv_menu.c:390:12:lv_menu_get_cur_main_page	24	static
../user/app/src/lvgl_wrappers/../../../../Middlewares/Third_Party/LVGL/src/extra/widgets/menu/lv_menu.c:398:12:lv_menu_get_cur_sidebar_page	24	static
../user/app/src/lvgl_wrappers/../../../../Middlewares/Third_Party/LVGL/src/extra/widgets/menu/lv_menu.c:406:12:lv_menu_get_main_header	24	static
../user/app/src/lvgl_wrappers/../../../../Middlewares/Third_Party/LVGL/src/extra/widgets/menu/lv_menu.c:414:12:lv_menu_get_main_header_back_btn	24	static
../user/app/src/lvgl_wrappers/../../../../Middlewares/Third_Party/LVGL/src/extra/widgets/menu/lv_menu.c:422:12:lv_menu_get_sidebar_header	24	static
../user/app/src/lvgl_wrappers/../../../../Middlewares/Third_Party/LVGL/src/extra/widgets/menu/lv_menu.c:430:12:lv_menu_get_sidebar_header_back_btn	24	static
../user/app/src/lvgl_wrappers/../../../../Middlewares/Third_Party/LVGL/src/extra/widgets/menu/lv_menu.c:438:6:lv_menu_back_btn_is_root	16	static
../user/app/src/lvgl_wrappers/../../../../Middlewares/Third_Party/LVGL/src/extra/widgets/menu/lv_menu.c:453:6:lv_menu_clear_history	24	static
../user/app/src/lvgl_wrappers/../../../../Middlewares/Third_Party/LVGL/src/extra/widgets/menu/lv_menu.c:469:13:lv_menu_constructor	40	static
../user/app/src/lvgl_wrappers/../../../../Middlewares/Third_Party/LVGL/src/extra/widgets/menu/lv_menu.c:536:13:lv_menu_destructor	24	static
../user/app/src/lvgl_wrappers/../../../../Middlewares/Third_Party/LVGL/src/extra/widgets/menu/lv_menu.c:549:13:lv_menu_page_constructor	24	static
../user/app/src/lvgl_wrappers/../../../../Middlewares/Third_Party/LVGL/src/extra/widgets/menu/lv_menu.c:561:13:lv_menu_page_destructor	24	static
../user/app/src/lvgl_wrappers/../../../../Middlewares/Third_Party/LVGL/src/extra/widgets/menu/lv_menu.c:573:13:lv_menu_cont_constructor	16	static
../user/app/src/lvgl_wrappers/../../../../Middlewares/Third_Party/LVGL/src/extra/widgets/menu/lv_menu.c:581:13:lv_menu_section_constructor	16	static
../user/app/src/lvgl_wrappers/../../../../Middlewares/Third_Party/LVGL/src/extra/widgets/menu/lv_menu.c:588:13:lv_menu_refr_sidebar_header_mode	24	static
../user/app/src/lvgl_wrappers/../../../../Middlewares/Third_Party/LVGL/src/extra/widgets/menu/lv_menu.c:623:13:lv_menu_refr_main_header_mode	24	static
../user/app/src/lvgl_wrappers/../../../../Middlewares/Third_Party/LVGL/src/extra/widgets/menu/lv_menu.c:659:13:lv_menu_load_page_event_cb	40	static
../user/app/src/lvgl_wrappers/../../../../Middlewares/Third_Party/LVGL/src/extra/widgets/menu/lv_menu.c:700:13:lv_menu_obj_del_event_cb	24	static
../user/app/src/lvgl_wrappers/../../../../Middlewares/Third_Party/LVGL/src/extra/widgets/menu/lv_menu.c:706:13:lv_menu_back_event_cb	40	static
../user/app/src/lvgl_wrappers/../../../../Middlewares/Third_Party/LVGL/src/extra/widgets/menu/lv_menu.c:745:13:lv_menu_value_changed_event_cb	32	static
../user/app/src/lvgl_wrappers/../../../../Middlewares/Third_Party/LVGL/src/extra/widgets/tileview/lv_tileview.c:54:12:lv_tileview_create	24	static
../user/app/src/lvgl_wrappers/../../../../Middlewares/Third_Party/LVGL/src/extra/widgets/tileview/lv_tileview.c:66:12:lv_tileview_add_tile	24	static
../user/app/src/lvgl_wrappers/../../../../Middlewares/Third_Party/LVGL/src/extra/widgets/tileview/lv_tileview.c:78:6:lv_obj_set_tile	40	static
../user/app/src/lvgl_wrappers/../../../../Middlewares/Third_Party/LVGL/src/extra/widgets/tileview/lv_tileview.c:91:6:lv_obj_set_tile_id	64	static
../user/app/src/lvgl_wrappers/../../../../Middlewares/Third_Party/LVGL/src/extra/widgets/tileview/lv_tileview.c:115:12:lv_tileview_get_tile_act	24	static
../user/app/src/lvgl_wrappers/../../../../Middlewares/Third_Party/LVGL/src/extra/widgets/tileview/lv_tileview.c:125:13:lv_tileview_constructor	16	static
../user/app/src/lvgl_wrappers/../../../../Middlewares/Third_Party/LVGL/src/extra/widgets/tileview/lv_tileview.c:136:13:lv_tileview_tile_constructor	32	static
../user/app/src/lvgl_wrappers/../../../../Middlewares/Third_Party/LVGL/src/extra/widgets/tileview/lv_tileview.c:154:13:tileview_event_cb	72	static
../user/app/src/lvgl_wrappers/../../../../Middlewares/Third_Party/LVGL/src/extra/widgets/win/lv_win.c:44:12:lv_win_create	24	static
../user/app/src/lvgl_wrappers/../../../../Middlewares/Third_Party/LVGL/src/extra/widgets/win/lv_win.c:54:12:lv_win_add_title	24	static
../user/app/src/lvgl_wrappers/../../../../Middlewares/Third_Party/LVGL/src/extra/widgets/win/lv_win.c:64:12:lv_win_add_btn	40	static
../user/app/src/lvgl_wrappers/../../../../Middlewares/Third_Party/LVGL/src/extra/widgets/win/lv_win.c:77:12:lv_win_get_header	16	static
../user/app/src/lvgl_wrappers/../../../../Middlewares/Third_Party/LVGL/src/extra/widgets/win/lv_win.c:82:12:lv_win_get_content	16	static
../user/app/src/lvgl_wrappers/../../../../Middlewares/Third_Party/LVGL/src/extra/widgets/win/lv_win.c:91:13:lv_win_constructor	40	static
