../user/app/src/lvgl_wrappers/../../../../Middlewares/Third_Party/LVGL/src/misc/lv_anim.h:158:20:lv_anim_set_delay	16	static
../user/app/src/lvgl_wrappers/../../../../Middlewares/Third_Party/LVGL/src/misc/lv_mem.h:131:22:lv_memcpy	24	static
../user/app/src/lvgl_wrappers/../../../../Middlewares/Third_Party/LVGL/src/misc/lv_mem.h:142:22:lv_memcpy_small	24	static
../user/app/src/lvgl_wrappers/../../../../Middlewares/Third_Party/LVGL/src/misc/lv_mem.h:153:20:lv_memset	24	static
../user/app/src/lvgl_wrappers/../../../../Middlewares/Third_Party/LVGL/src/misc/lv_mem.h:163:20:lv_memset_00	16	static
../user/app/src/lvgl_wrappers/../../../../Middlewares/Third_Party/LVGL/src/misc/../draw/../misc/lv_color.h:374:24:lv_color_to32	24	static
../user/app/src/lvgl_wrappers/../../../../Middlewares/Third_Party/LVGL/src/misc/../draw/../misc/lv_color.h:438:48:lv_color_mix	32	static
../user/app/src/lvgl_wrappers/../../../../Middlewares/Third_Party/LVGL/src/misc/../draw/../misc/lv_color.h:594:26:lv_color_make	16	static
../user/app/src/lvgl_wrappers/../../../../Middlewares/Third_Party/LVGL/src/misc/../draw/../misc/lv_color.h:695:26:lv_color_white	8	static
../user/app/src/lvgl_wrappers/../../../../Middlewares/Third_Party/LVGL/src/misc/../draw/../misc/lv_color.h:699:26:lv_color_black	8	static
../user/app/src/lvgl_wrappers/../../../../Middlewares/Third_Party/LVGL/src/misc/../draw/../misc/lv_area.h:123:26:lv_area_get_width	16	static
../user/app/src/lvgl_wrappers/../../../../Middlewares/Third_Party/LVGL/src/misc/../draw/../misc/lv_area.h:133:26:lv_area_get_height	16	static
../user/app/src/lvgl_wrappers/../../../../Middlewares/Third_Party/LVGL/src/misc/lv_anim.c:56:6:_lv_anim_core_init	8	static
../user/app/src/lvgl_wrappers/../../../../Middlewares/Third_Party/LVGL/src/misc/lv_anim.c:64:6:lv_anim_init	16	static
../user/app/src/lvgl_wrappers/../../../../Middlewares/Third_Party/LVGL/src/misc/lv_anim.c:75:13:lv_anim_start	40	static
../user/app/src/lvgl_wrappers/../../../../Middlewares/Third_Party/LVGL/src/misc/lv_anim.c:116:10:lv_anim_get_playtime	24	static
../user/app/src/lvgl_wrappers/../../../../Middlewares/Third_Party/LVGL/src/misc/lv_anim.c:137:6:lv_anim_del	32	static
../user/app/src/lvgl_wrappers/../../../../Middlewares/Third_Party/LVGL/src/misc/lv_anim.c:162:6:lv_anim_del_all	8	static
../user/app/src/lvgl_wrappers/../../../../Middlewares/Third_Party/LVGL/src/misc/lv_anim.c:168:13:lv_anim_get	24	static
../user/app/src/lvgl_wrappers/../../../../Middlewares/Third_Party/LVGL/src/misc/lv_anim.c:180:22:lv_anim_get_timer	4	static
../user/app/src/lvgl_wrappers/../../../../Middlewares/Third_Party/LVGL/src/misc/lv_anim.c:185:10:lv_anim_count_running	16	static
../user/app/src/lvgl_wrappers/../../../../Middlewares/Third_Party/LVGL/src/misc/lv_anim.c:194:10:lv_anim_speed_to_time	32	static
../user/app/src/lvgl_wrappers/../../../../Middlewares/Third_Party/LVGL/src/misc/lv_anim.c:206:6:lv_anim_refr_now	8	static
../user/app/src/lvgl_wrappers/../../../../Middlewares/Third_Party/LVGL/src/misc/lv_anim.c:211:9:lv_anim_path_linear	32	static
../user/app/src/lvgl_wrappers/../../../../Middlewares/Third_Party/LVGL/src/misc/lv_anim.c:226:9:lv_anim_path_ease_in	40	static
../user/app/src/lvgl_wrappers/../../../../Middlewares/Third_Party/LVGL/src/misc/lv_anim.c:240:9:lv_anim_path_ease_out	40	static
../user/app/src/lvgl_wrappers/../../../../Middlewares/Third_Party/LVGL/src/misc/lv_anim.c:254:9:lv_anim_path_ease_in_out	40	static
../user/app/src/lvgl_wrappers/../../../../Middlewares/Third_Party/LVGL/src/misc/lv_anim.c:268:9:lv_anim_path_overshoot	40	static
../user/app/src/lvgl_wrappers/../../../../Middlewares/Third_Party/LVGL/src/misc/lv_anim.c:282:9:lv_anim_path_bounce	40	static
../user/app/src/lvgl_wrappers/../../../../Middlewares/Third_Party/LVGL/src/misc/lv_anim.c:333:9:lv_anim_path_step	16	static
../user/app/src/lvgl_wrappers/../../../../Middlewares/Third_Party/LVGL/src/misc/lv_anim.c:349:13:anim_timer	40	static
../user/app/src/lvgl_wrappers/../../../../Middlewares/Third_Party/LVGL/src/misc/lv_anim.c:417:13:anim_ready_handler	24	static
../user/app/src/lvgl_wrappers/../../../../Middlewares/Third_Party/LVGL/src/misc/lv_anim.c:462:13:anim_mark_list_change	8	static
../user/app/src/lvgl_wrappers/../../../../Middlewares/Third_Party/LVGL/src/misc/lv_anim_timeline.c:51:22:lv_anim_timeline_create	32	static
../user/app/src/lvgl_wrappers/../../../../Middlewares/Third_Party/LVGL/src/misc/lv_anim_timeline.c:62:6:lv_anim_timeline_del	32	static
../user/app/src/lvgl_wrappers/../../../../Middlewares/Third_Party/LVGL/src/misc/lv_anim_timeline.c:72:6:lv_anim_timeline_add	40	static
../user/app/src/lvgl_wrappers/../../../../Middlewares/Third_Party/LVGL/src/misc/lv_anim_timeline.c:91:10:lv_anim_timeline_start	120	static
../user/app/src/lvgl_wrappers/../../../../Middlewares/Third_Party/LVGL/src/misc/lv_anim_timeline.c:118:6:lv_anim_timeline_stop	40	static
../user/app/src/lvgl_wrappers/../../../../Middlewares/Third_Party/LVGL/src/misc/lv_anim_timeline.c:128:6:lv_anim_timeline_set_reverse	32	static
../user/app/src/lvgl_wrappers/../../../../Middlewares/Third_Party/LVGL/src/misc/lv_anim_timeline.c:134:6:lv_anim_timeline_set_progress	56	static
../user/app/src/lvgl_wrappers/../../../../Middlewares/Third_Party/LVGL/src/misc/lv_anim_timeline.c:166:10:lv_anim_timeline_get_playtime	48	static
../user/app/src/lvgl_wrappers/../../../../Middlewares/Third_Party/LVGL/src/misc/lv_anim_timeline.c:184:6:lv_anim_timeline_get_reverse	32	static
../user/app/src/lvgl_wrappers/../../../../Middlewares/Third_Party/LVGL/src/misc/lv_anim_timeline.c:194:13:lv_anim_timeline_virtual_exec_cb	16	static
../user/app/src/lvgl_wrappers/../../../../Middlewares/Third_Party/LVGL/src/misc/lv_area.c:48:6:lv_area_set	24	static
../user/app/src/lvgl_wrappers/../../../../Middlewares/Third_Party/LVGL/src/misc/lv_area.c:61:6:lv_area_set_width	16	static
../user/app/src/lvgl_wrappers/../../../../Middlewares/Third_Party/LVGL/src/misc/lv_area.c:71:6:lv_area_set_height	16	static
../user/app/src/lvgl_wrappers/../../../../Middlewares/Third_Party/LVGL/src/misc/lv_area.c:82:6:_lv_area_set_pos	24	static
../user/app/src/lvgl_wrappers/../../../../Middlewares/Third_Party/LVGL/src/misc/lv_area.c:97:10:lv_area_get_size	24	static
../user/app/src/lvgl_wrappers/../../../../Middlewares/Third_Party/LVGL/src/misc/lv_area.c:106:6:lv_area_increase	16	static
../user/app/src/lvgl_wrappers/../../../../Middlewares/Third_Party/LVGL/src/misc/lv_area.c:114:6:lv_area_move	16	static
../user/app/src/lvgl_wrappers/../../../../Middlewares/Third_Party/LVGL/src/misc/lv_area.c:129:6:_lv_area_intersect	32	static
../user/app/src/lvgl_wrappers/../../../../Middlewares/Third_Party/LVGL/src/misc/lv_area.c:153:8:_lv_area_diff	56	static
../user/app/src/lvgl_wrappers/../../../../Middlewares/Third_Party/LVGL/src/misc/lv_area.c:224:6:_lv_area_join	24	static
../user/app/src/lvgl_wrappers/../../../../Middlewares/Third_Party/LVGL/src/misc/lv_area.c:239:6:_lv_area_is_point_on	40	static
../user/app/src/lvgl_wrappers/../../../../Middlewares/Third_Party/LVGL/src/misc/lv_area.c:305:6:_lv_area_is_on	16	static
../user/app/src/lvgl_wrappers/../../../../Middlewares/Third_Party/LVGL/src/misc/lv_area.c:322:6:_lv_area_is_in	32	static
../user/app/src/lvgl_wrappers/../../../../Middlewares/Third_Party/LVGL/src/misc/lv_area.c:363:6:_lv_area_is_out	32	static
../user/app/src/lvgl_wrappers/../../../../Middlewares/Third_Party/LVGL/src/misc/lv_area.c:394:6:_lv_area_is_equal	16	static
../user/app/src/lvgl_wrappers/../../../../Middlewares/Third_Party/LVGL/src/misc/lv_area.c:406:6:lv_area_align	40	static
../user/app/src/lvgl_wrappers/../../../../Middlewares/Third_Party/LVGL/src/misc/lv_area.c:532:6:lv_point_transform	64	static
../user/app/src/lvgl_wrappers/../../../../Middlewares/Third_Party/LVGL/src/misc/lv_area.c:587:13:lv_point_within_circle	40	static
../user/app/src/lvgl_wrappers/../../../../Middlewares/Third_Party/LVGL/src/misc/lv_async.c:45:10:lv_async_call	24	static
../user/app/src/lvgl_wrappers/../../../../Middlewares/Third_Party/LVGL/src/misc/lv_async.c:68:10:lv_async_call_cancel	32	static
../user/app/src/lvgl_wrappers/../../../../Middlewares/Third_Party/LVGL/src/misc/lv_async.c:99:13:lv_async_timer_cb	24	static
../user/app/src/lvgl_wrappers/../../../../Middlewares/Third_Party/LVGL/src/misc/../font/lv_font.h:124:26:lv_font_get_line_height	16	static
../user/app/src/lvgl_wrappers/../../../../Middlewares/Third_Party/LVGL/src/misc/lv_txt.h:165:20:_lv_txt_is_break_char	24	static
../user/app/src/lvgl_wrappers/../../../../Middlewares/Third_Party/LVGL/src/misc/lv_color.c:36:28:lv_color_fill	40	static
../user/app/src/lvgl_wrappers/../../../../Middlewares/Third_Party/LVGL/src/misc/lv_color.c:126:12:lv_color_lighten	16	static
../user/app/src/lvgl_wrappers/../../../../Middlewares/Third_Party/LVGL/src/misc/lv_color.c:131:12:lv_color_darken	16	static
../user/app/src/lvgl_wrappers/../../../../Middlewares/Third_Party/LVGL/src/misc/lv_color.c:136:12:lv_color_change_lightness	16	static
../user/app/src/lvgl_wrappers/../../../../Middlewares/Third_Party/LVGL/src/misc/lv_color.c:151:12:lv_color_hsv_to_rgb	32	static
../user/app/src/lvgl_wrappers/../../../../Middlewares/Third_Party/LVGL/src/misc/lv_color.c:216:16:lv_color_rgb_to_hsv	48	static
../user/app/src/lvgl_wrappers/../../../../Middlewares/Third_Party/LVGL/src/misc/lv_color.c:267:16:lv_color_to_hsv	24	static
../user/app/src/lvgl_wrappers/../../../../Middlewares/Third_Party/LVGL/src/misc/lv_color.c:274:12:lv_palette_main	24	static
../user/app/src/lvgl_wrappers/../../../../Middlewares/Third_Party/LVGL/src/misc/lv_color.c:293:12:lv_palette_lighten	24	static
../user/app/src/lvgl_wrappers/../../../../Middlewares/Third_Party/LVGL/src/misc/lv_color.c:332:12:lv_palette_darken	24	static
../user/app/src/lvgl_wrappers/../../../../Middlewares/Third_Party/LVGL/src/misc/lv_fs.c:41:6:_lv_fs_init	8	static
../user/app/src/lvgl_wrappers/../../../../Middlewares/Third_Party/LVGL/src/misc/lv_fs.c:46:6:lv_fs_is_ready	24	static
../user/app/src/lvgl_wrappers/../../../../Middlewares/Third_Party/LVGL/src/misc/lv_fs.c:57:13:lv_fs_open	56	static
../user/app/src/lvgl_wrappers/../../../../Middlewares/Third_Party/LVGL/src/misc/lv_fs.c:105:13:lv_fs_close	24	static
../user/app/src/lvgl_wrappers/../../../../Middlewares/Third_Party/LVGL/src/misc/lv_fs.c:132:20:lv_fs_read_cached	88	static
../user/app/src/lvgl_wrappers/../../../../Middlewares/Third_Party/LVGL/src/misc/lv_fs.c:205:13:lv_fs_read	48	static
../user/app/src/lvgl_wrappers/../../../../Middlewares/Third_Party/LVGL/src/misc/lv_fs.c:226:13:lv_fs_write	48	static
../user/app/src/lvgl_wrappers/../../../../Middlewares/Third_Party/LVGL/src/misc/lv_fs.c:245:13:lv_fs_seek	40	static
../user/app/src/lvgl_wrappers/../../../../Middlewares/Third_Party/LVGL/src/misc/lv_fs.c:300:13:lv_fs_tell	24	static
../user/app/src/lvgl_wrappers/../../../../Middlewares/Third_Party/LVGL/src/misc/lv_fs.c:324:13:lv_fs_dir_open	32	static
../user/app/src/lvgl_wrappers/../../../../Middlewares/Third_Party/LVGL/src/misc/lv_fs.c:358:13:lv_fs_dir_read	24	static
../user/app/src/lvgl_wrappers/../../../../Middlewares/Third_Party/LVGL/src/misc/lv_fs.c:375:13:lv_fs_dir_close	24	static
../user/app/src/lvgl_wrappers/../../../../Middlewares/Third_Party/LVGL/src/misc/lv_fs.c:393:6:lv_fs_drv_init	16	static
../user/app/src/lvgl_wrappers/../../../../Middlewares/Third_Party/LVGL/src/misc/lv_fs.c:398:6:lv_fs_drv_register	40	static
../user/app/src/lvgl_wrappers/../../../../Middlewares/Third_Party/LVGL/src/misc/lv_fs.c:409:15:lv_fs_get_drv	24	static
../user/app/src/lvgl_wrappers/../../../../Middlewares/Third_Party/LVGL/src/misc/lv_fs.c:422:8:lv_fs_get_letters	24	static
../user/app/src/lvgl_wrappers/../../../../Middlewares/Third_Party/LVGL/src/misc/lv_fs.c:437:14:lv_fs_get_ext	24	static
../user/app/src/lvgl_wrappers/../../../../Middlewares/Third_Party/LVGL/src/misc/lv_fs.c:452:8:lv_fs_up	24	static
../user/app/src/lvgl_wrappers/../../../../Middlewares/Third_Party/LVGL/src/misc/lv_fs.c:478:14:lv_fs_get_last	24	static
../user/app/src/lvgl_wrappers/../../../../Middlewares/Third_Party/LVGL/src/misc/lv_fs.c:512:21:lv_fs_get_real_path	16	static
../user/app/src/lvgl_wrappers/../../../../Middlewares/Third_Party/LVGL/src/misc/lv_gc.c:39:6:_lv_gc_clear_roots	8	static
../user/app/src/lvgl_wrappers/../../../../Middlewares/Third_Party/LVGL/src/misc/lv_ll.c:47:6:_lv_ll_init	16	static
../user/app/src/lvgl_wrappers/../../../../Middlewares/Third_Party/LVGL/src/misc/lv_ll.c:67:8:_lv_ll_ins_head	24	static
../user/app/src/lvgl_wrappers/../../../../Middlewares/Third_Party/LVGL/src/misc/lv_ll.c:96:8:_lv_ll_ins_prev	24	static
../user/app/src/lvgl_wrappers/../../../../Middlewares/Third_Party/LVGL/src/misc/lv_ll.c:126:8:_lv_ll_ins_tail	24	static
../user/app/src/lvgl_wrappers/../../../../Middlewares/Third_Party/LVGL/src/misc/lv_ll.c:154:6:_lv_ll_remove	24	static
../user/app/src/lvgl_wrappers/../../../../Middlewares/Third_Party/LVGL/src/misc/lv_ll.c:191:6:_lv_ll_clear	24	static
../user/app/src/lvgl_wrappers/../../../../Middlewares/Third_Party/LVGL/src/misc/lv_ll.c:217:6:_lv_ll_chg_list	24	static
../user/app/src/lvgl_wrappers/../../../../Middlewares/Third_Party/LVGL/src/misc/lv_ll.c:256:8:_lv_ll_get_head	16	static
../user/app/src/lvgl_wrappers/../../../../Middlewares/Third_Party/LVGL/src/misc/lv_ll.c:267:8:_lv_ll_get_tail	16	static
../user/app/src/lvgl_wrappers/../../../../Middlewares/Third_Party/LVGL/src/misc/lv_ll.c:279:8:_lv_ll_get_next	24	static
../user/app/src/lvgl_wrappers/../../../../Middlewares/Third_Party/LVGL/src/misc/lv_ll.c:294:8:_lv_ll_get_prev	24	static
../user/app/src/lvgl_wrappers/../../../../Middlewares/Third_Party/LVGL/src/misc/lv_ll.c:308:10:_lv_ll_get_len	24	static
../user/app/src/lvgl_wrappers/../../../../Middlewares/Third_Party/LVGL/src/misc/lv_ll.c:326:6:_lv_ll_move_before	32	static
../user/app/src/lvgl_wrappers/../../../../Middlewares/Third_Party/LVGL/src/misc/lv_ll.c:359:6:_lv_ll_is_empty	16	static
../user/app/src/lvgl_wrappers/../../../../Middlewares/Third_Party/LVGL/src/misc/lv_ll.c:378:13:node_set_prev	40	static
../user/app/src/lvgl_wrappers/../../../../Middlewares/Third_Party/LVGL/src/misc/lv_ll.c:398:13:node_set_next	40	static
../user/app/src/lvgl_wrappers/../../../../Middlewares/Third_Party/LVGL/src/misc/lv_log.c:52:6:lv_log_register_print_cb	16	static
../user/app/src/lvgl_wrappers/../../../../Middlewares/Third_Party/LVGL/src/misc/lv_log.c:66:6:_lv_log_add	608	static
../user/app/src/lvgl_wrappers/../../../../Middlewares/Third_Party/LVGL/src/misc/lv_log.c:115:6:lv_log	536	static
../user/app/src/lvgl_wrappers/../../../../Middlewares/Third_Party/LVGL/src/misc/lv_lru.c:73:12:lv_lru_create	40	static
../user/app/src/lvgl_wrappers/../../../../Middlewares/Third_Party/LVGL/src/misc/lv_lru.c:102:6:lv_lru_del	48	static
../user/app/src/lvgl_wrappers/../../../../Middlewares/Third_Party/LVGL/src/misc/lv_lru.c:137:14:lv_lru_set	48	static
../user/app/src/lvgl_wrappers/../../../../Middlewares/Third_Party/LVGL/src/misc/lv_lru.c:189:14:lv_lru_get	40	static
../user/app/src/lvgl_wrappers/../../../../Middlewares/Third_Party/LVGL/src/misc/lv_lru.c:212:14:lv_lru_remove	40	static
../user/app/src/lvgl_wrappers/../../../../Middlewares/Third_Party/LVGL/src/misc/lv_lru.c:234:6:lv_lru_remove_lru_item	48	static
../user/app/src/lvgl_wrappers/../../../../Middlewares/Third_Party/LVGL/src/misc/lv_lru.c:266:17:lv_lru_hash	48	static
../user/app/src/lvgl_wrappers/../../../../Middlewares/Third_Party/LVGL/src/misc/lv_lru.c:301:12:lv_lru_cmp_keys	24	static
../user/app/src/lvgl_wrappers/../../../../Middlewares/Third_Party/LVGL/src/misc/lv_lru.c:311:13:lv_lru_remove_item	24	static
../user/app/src/lvgl_wrappers/../../../../Middlewares/Third_Party/LVGL/src/misc/lv_lru.c:331:24:lv_lru_pop_or_create_item	24	static
../user/app/src/lvgl_wrappers/../../../../Middlewares/Third_Party/LVGL/src/misc/lv_math.c:48:31:lv_trigo_sin	24	static
../user/app/src/lvgl_wrappers/../../../../Middlewares/Third_Party/LVGL/src/misc/lv_math.c:83:10:lv_bezier3	64	static
../user/app/src/lvgl_wrappers/../../../../Middlewares/Third_Party/LVGL/src/misc/lv_math.c:109:28:lv_sqrt	32	static
../user/app/src/lvgl_wrappers/../../../../Middlewares/Third_Party/LVGL/src/misc/lv_math.c:132:10:lv_atan2	40	static
../user/app/src/lvgl_wrappers/../../../../Middlewares/Third_Party/LVGL/src/misc/lv_math.c:214:9:lv_pow	48	static
../user/app/src/lvgl_wrappers/../../../../Middlewares/Third_Party/LVGL/src/misc/lv_math.c:236:9:lv_map	32	static
../user/app/src/lvgl_wrappers/../../../../Middlewares/Third_Party/LVGL/src/misc/lv_math.c:257:10:lv_rand	24	static
../user/app/src/lvgl_wrappers/../../../../Middlewares/Third_Party/LVGL/src/misc/lv_mem.c:86:6:lv_mem_init	8	static
../user/app/src/lvgl_wrappers/../../../../Middlewares/Third_Party/LVGL/src/misc/lv_mem.c:112:6:lv_mem_deinit	8	static
../user/app/src/lvgl_wrappers/../../../../Middlewares/Third_Party/LVGL/src/misc/lv_mem.c:125:8:lv_mem_alloc	24	static
../user/app/src/lvgl_wrappers/../../../../Middlewares/Third_Party/LVGL/src/misc/lv_mem.c:169:6:lv_mem_free	24	static
../user/app/src/lvgl_wrappers/../../../../Middlewares/Third_Party/LVGL/src/misc/lv_mem.c:194:8:lv_mem_realloc	32	static
../user/app/src/lvgl_wrappers/../../../../Middlewares/Third_Party/LVGL/src/misc/lv_mem.c:219:10:lv_mem_test	16	static
../user/app/src/lvgl_wrappers/../../../../Middlewares/Third_Party/LVGL/src/misc/lv_mem.c:246:6:lv_mem_monitor	16	static
../user/app/src/lvgl_wrappers/../../../../Middlewares/Third_Party/LVGL/src/misc/lv_mem.c:275:8:lv_mem_buf_get	40	static
../user/app/src/lvgl_wrappers/../../../../Middlewares/Third_Party/LVGL/src/misc/lv_mem.c:331:6:lv_mem_buf_release	32	static
../user/app/src/lvgl_wrappers/../../../../Middlewares/Third_Party/LVGL/src/misc/lv_mem.c:348:6:lv_mem_buf_free_all	16	static
../user/app/src/lvgl_wrappers/../../../../Middlewares/Third_Party/LVGL/src/misc/lv_mem.c:550:13:lv_mem_walker	32	static
../user/app/src/lvgl_wrappers/../../../../Middlewares/Third_Party/LVGL/src/misc/lv_printf.c:125:20:_out_buffer	24	static
../user/app/src/lvgl_wrappers/../../../../Middlewares/Third_Party/LVGL/src/misc/lv_printf.c:133:20:_out_null	24	static
../user/app/src/lvgl_wrappers/../../../../Middlewares/Third_Party/LVGL/src/misc/lv_printf.c:143:28:_strnlen_s	24	static
../user/app/src/lvgl_wrappers/../../../../Middlewares/Third_Party/LVGL/src/misc/lv_printf.c:152:20:_is_digit	16	static
../user/app/src/lvgl_wrappers/../../../../Middlewares/Third_Party/LVGL/src/misc/lv_printf.c:158:21:_atoi	24	static
../user/app/src/lvgl_wrappers/../../../../Middlewares/Third_Party/LVGL/src/misc/lv_printf.c:168:15:_out_rev	40	static
../user/app/src/lvgl_wrappers/../../../../Middlewares/Third_Party/LVGL/src/misc/lv_printf.c:197:15:_ntoa_format	40	static
../user/app/src/lvgl_wrappers/../../../../Middlewares/Third_Party/LVGL/src/misc/lv_printf.c:251:15:_ntoa_long	96	static
../user/app/src/lvgl_wrappers/../../../../Middlewares/Third_Party/LVGL/src/misc/lv_printf.c:276:15:_ntoa_long_long	96	static
../user/app/src/lvgl_wrappers/../../../../Middlewares/Third_Party/LVGL/src/misc/lv_printf.c:550:12:_vsnprintf	176	static
../user/app/src/lvgl_wrappers/../../../../Middlewares/Third_Party/LVGL/src/misc/lv_printf.c:865:5:lv_snprintf	32	static
../user/app/src/lvgl_wrappers/../../../../Middlewares/Third_Party/LVGL/src/misc/lv_printf.c:874:5:lv_vsnprintf	32	static
../user/app/src/lvgl_wrappers/../../../../Middlewares/Third_Party/LVGL/src/misc/lv_style.h:448:30:lv_style_get_prop_inlined	56	static
../user/app/src/lvgl_wrappers/../../../../Middlewares/Third_Party/LVGL/src/misc/lv_style.c:151:6:lv_style_init	16	static
../user/app/src/lvgl_wrappers/../../../../Middlewares/Third_Party/LVGL/src/misc/lv_style.c:165:6:lv_style_reset	24	static
../user/app/src/lvgl_wrappers/../../../../Middlewares/Third_Party/LVGL/src/misc/lv_style.c:181:17:lv_style_register_prop	48	static
../user/app/src/lvgl_wrappers/../../../../Middlewares/Third_Party/LVGL/src/misc/lv_style.c:217:17:lv_style_get_num_custom_props	4	static
../user/app/src/lvgl_wrappers/../../../../Middlewares/Third_Party/LVGL/src/misc/lv_style.c:222:6:lv_style_remove_prop	64	static
../user/app/src/lvgl_wrappers/../../../../Middlewares/Third_Party/LVGL/src/misc/lv_style.c:283:6:lv_style_set_prop	24	static
../user/app/src/lvgl_wrappers/../../../../Middlewares/Third_Party/LVGL/src/misc/lv_style.c:288:6:lv_style_set_prop_meta	16	static
../user/app/src/lvgl_wrappers/../../../../Middlewares/Third_Party/LVGL/src/misc/lv_style.c:293:16:lv_style_get_prop	24	static
../user/app/src/lvgl_wrappers/../../../../Middlewares/Third_Party/LVGL/src/misc/lv_style.c:298:6:lv_style_transition_dsc_init	24	static
../user/app/src/lvgl_wrappers/../../../../Middlewares/Third_Party/LVGL/src/misc/lv_style.c:313:18:lv_style_prop_get_default	24	static
../user/app/src/lvgl_wrappers/../../../../Middlewares/Third_Party/LVGL/src/misc/lv_style.c:367:6:lv_style_is_empty	16	static
../user/app/src/lvgl_wrappers/../../../../Middlewares/Third_Party/LVGL/src/misc/lv_style.c:374:9:_lv_style_get_prop_group	24	static
../user/app/src/lvgl_wrappers/../../../../Middlewares/Third_Party/LVGL/src/misc/lv_style.c:381:9:_lv_style_prop_lookup_flags	16	static
../user/app/src/lvgl_wrappers/../../../../Middlewares/Third_Party/LVGL/src/misc/lv_style.c:400:13:lv_style_set_prop_helper	24	static
../user/app/src/lvgl_wrappers/../../../../Middlewares/Third_Party/LVGL/src/misc/lv_style.c:407:13:lv_style_set_prop_meta_helper	24	static
../user/app/src/lvgl_wrappers/../../../../Middlewares/Third_Party/LVGL/src/misc/lv_style.c:415:13:lv_style_set_prop_internal	104	static
../user/app/src/lvgl_wrappers/../../../../Middlewares/Third_Party/LVGL/src/misc/lv_style_gen.c:3:6:lv_style_set_width	24	static
../user/app/src/lvgl_wrappers/../../../../Middlewares/Third_Party/LVGL/src/misc/lv_style_gen.c:11:6:lv_style_set_min_width	24	static
../user/app/src/lvgl_wrappers/../../../../Middlewares/Third_Party/LVGL/src/misc/lv_style_gen.c:19:6:lv_style_set_max_width	24	static
../user/app/src/lvgl_wrappers/../../../../Middlewares/Third_Party/LVGL/src/misc/lv_style_gen.c:27:6:lv_style_set_height	24	static
../user/app/src/lvgl_wrappers/../../../../Middlewares/Third_Party/LVGL/src/misc/lv_style_gen.c:35:6:lv_style_set_min_height	24	static
../user/app/src/lvgl_wrappers/../../../../Middlewares/Third_Party/LVGL/src/misc/lv_style_gen.c:43:6:lv_style_set_max_height	24	static
../user/app/src/lvgl_wrappers/../../../../Middlewares/Third_Party/LVGL/src/misc/lv_style_gen.c:51:6:lv_style_set_x	24	static
../user/app/src/lvgl_wrappers/../../../../Middlewares/Third_Party/LVGL/src/misc/lv_style_gen.c:59:6:lv_style_set_y	24	static
../user/app/src/lvgl_wrappers/../../../../Middlewares/Third_Party/LVGL/src/misc/lv_style_gen.c:67:6:lv_style_set_align	24	static
../user/app/src/lvgl_wrappers/../../../../Middlewares/Third_Party/LVGL/src/misc/lv_style_gen.c:75:6:lv_style_set_transform_width	24	static
../user/app/src/lvgl_wrappers/../../../../Middlewares/Third_Party/LVGL/src/misc/lv_style_gen.c:83:6:lv_style_set_transform_height	24	static
../user/app/src/lvgl_wrappers/../../../../Middlewares/Third_Party/LVGL/src/misc/lv_style_gen.c:91:6:lv_style_set_translate_x	24	static
../user/app/src/lvgl_wrappers/../../../../Middlewares/Third_Party/LVGL/src/misc/lv_style_gen.c:99:6:lv_style_set_translate_y	24	static
../user/app/src/lvgl_wrappers/../../../../Middlewares/Third_Party/LVGL/src/misc/lv_style_gen.c:107:6:lv_style_set_transform_zoom	24	static
../user/app/src/lvgl_wrappers/../../../../Middlewares/Third_Party/LVGL/src/misc/lv_style_gen.c:115:6:lv_style_set_transform_angle	24	static
../user/app/src/lvgl_wrappers/../../../../Middlewares/Third_Party/LVGL/src/misc/lv_style_gen.c:123:6:lv_style_set_transform_pivot_x	24	static
../user/app/src/lvgl_wrappers/../../../../Middlewares/Third_Party/LVGL/src/misc/lv_style_gen.c:131:6:lv_style_set_transform_pivot_y	24	static
../user/app/src/lvgl_wrappers/../../../../Middlewares/Third_Party/LVGL/src/misc/lv_style_gen.c:139:6:lv_style_set_pad_top	24	static
../user/app/src/lvgl_wrappers/../../../../Middlewares/Third_Party/LVGL/src/misc/lv_style_gen.c:147:6:lv_style_set_pad_bottom	24	static
../user/app/src/lvgl_wrappers/../../../../Middlewares/Third_Party/LVGL/src/misc/lv_style_gen.c:155:6:lv_style_set_pad_left	24	static
../user/app/src/lvgl_wrappers/../../../../Middlewares/Third_Party/LVGL/src/misc/lv_style_gen.c:163:6:lv_style_set_pad_right	24	static
../user/app/src/lvgl_wrappers/../../../../Middlewares/Third_Party/LVGL/src/misc/lv_style_gen.c:171:6:lv_style_set_pad_row	24	static
../user/app/src/lvgl_wrappers/../../../../Middlewares/Third_Party/LVGL/src/misc/lv_style_gen.c:179:6:lv_style_set_pad_column	24	static
../user/app/src/lvgl_wrappers/../../../../Middlewares/Third_Party/LVGL/src/misc/lv_style_gen.c:187:6:lv_style_set_bg_color	24	static
../user/app/src/lvgl_wrappers/../../../../Middlewares/Third_Party/LVGL/src/misc/lv_style_gen.c:195:6:lv_style_set_bg_opa	24	static
../user/app/src/lvgl_wrappers/../../../../Middlewares/Third_Party/LVGL/src/misc/lv_style_gen.c:203:6:lv_style_set_bg_grad_color	24	static
../user/app/src/lvgl_wrappers/../../../../Middlewares/Third_Party/LVGL/src/misc/lv_style_gen.c:211:6:lv_style_set_bg_grad_dir	24	static
../user/app/src/lvgl_wrappers/../../../../Middlewares/Third_Party/LVGL/src/misc/lv_style_gen.c:219:6:lv_style_set_bg_main_stop	24	static
../user/app/src/lvgl_wrappers/../../../../Middlewares/Third_Party/LVGL/src/misc/lv_style_gen.c:227:6:lv_style_set_bg_grad_stop	24	static
../user/app/src/lvgl_wrappers/../../../../Middlewares/Third_Party/LVGL/src/misc/lv_style_gen.c:235:6:lv_style_set_bg_grad	24	static
../user/app/src/lvgl_wrappers/../../../../Middlewares/Third_Party/LVGL/src/misc/lv_style_gen.c:243:6:lv_style_set_bg_dither_mode	24	static
../user/app/src/lvgl_wrappers/../../../../Middlewares/Third_Party/LVGL/src/misc/lv_style_gen.c:251:6:lv_style_set_bg_img_src	24	static
../user/app/src/lvgl_wrappers/../../../../Middlewares/Third_Party/LVGL/src/misc/lv_style_gen.c:259:6:lv_style_set_bg_img_opa	24	static
../user/app/src/lvgl_wrappers/../../../../Middlewares/Third_Party/LVGL/src/misc/lv_style_gen.c:267:6:lv_style_set_bg_img_recolor	24	static
../user/app/src/lvgl_wrappers/../../../../Middlewares/Third_Party/LVGL/src/misc/lv_style_gen.c:275:6:lv_style_set_bg_img_recolor_opa	24	static
../user/app/src/lvgl_wrappers/../../../../Middlewares/Third_Party/LVGL/src/misc/lv_style_gen.c:283:6:lv_style_set_bg_img_tiled	24	static
../user/app/src/lvgl_wrappers/../../../../Middlewares/Third_Party/LVGL/src/misc/lv_style_gen.c:291:6:lv_style_set_border_color	24	static
../user/app/src/lvgl_wrappers/../../../../Middlewares/Third_Party/LVGL/src/misc/lv_style_gen.c:299:6:lv_style_set_border_opa	24	static
../user/app/src/lvgl_wrappers/../../../../Middlewares/Third_Party/LVGL/src/misc/lv_style_gen.c:307:6:lv_style_set_border_width	24	static
../user/app/src/lvgl_wrappers/../../../../Middlewares/Third_Party/LVGL/src/misc/lv_style_gen.c:315:6:lv_style_set_border_side	24	static
../user/app/src/lvgl_wrappers/../../../../Middlewares/Third_Party/LVGL/src/misc/lv_style_gen.c:323:6:lv_style_set_border_post	24	static
../user/app/src/lvgl_wrappers/../../../../Middlewares/Third_Party/LVGL/src/misc/lv_style_gen.c:331:6:lv_style_set_outline_width	24	static
../user/app/src/lvgl_wrappers/../../../../Middlewares/Third_Party/LVGL/src/misc/lv_style_gen.c:339:6:lv_style_set_outline_color	24	static
../user/app/src/lvgl_wrappers/../../../../Middlewares/Third_Party/LVGL/src/misc/lv_style_gen.c:347:6:lv_style_set_outline_opa	24	static
../user/app/src/lvgl_wrappers/../../../../Middlewares/Third_Party/LVGL/src/misc/lv_style_gen.c:355:6:lv_style_set_outline_pad	24	static
../user/app/src/lvgl_wrappers/../../../../Middlewares/Third_Party/LVGL/src/misc/lv_style_gen.c:363:6:lv_style_set_shadow_width	24	static
../user/app/src/lvgl_wrappers/../../../../Middlewares/Third_Party/LVGL/src/misc/lv_style_gen.c:371:6:lv_style_set_shadow_ofs_x	24	static
../user/app/src/lvgl_wrappers/../../../../Middlewares/Third_Party/LVGL/src/misc/lv_style_gen.c:379:6:lv_style_set_shadow_ofs_y	24	static
../user/app/src/lvgl_wrappers/../../../../Middlewares/Third_Party/LVGL/src/misc/lv_style_gen.c:387:6:lv_style_set_shadow_spread	24	static
../user/app/src/lvgl_wrappers/../../../../Middlewares/Third_Party/LVGL/src/misc/lv_style_gen.c:395:6:lv_style_set_shadow_color	24	static
../user/app/src/lvgl_wrappers/../../../../Middlewares/Third_Party/LVGL/src/misc/lv_style_gen.c:403:6:lv_style_set_shadow_opa	24	static
../user/app/src/lvgl_wrappers/../../../../Middlewares/Third_Party/LVGL/src/misc/lv_style_gen.c:411:6:lv_style_set_img_opa	24	static
../user/app/src/lvgl_wrappers/../../../../Middlewares/Third_Party/LVGL/src/misc/lv_style_gen.c:419:6:lv_style_set_img_recolor	24	static
../user/app/src/lvgl_wrappers/../../../../Middlewares/Third_Party/LVGL/src/misc/lv_style_gen.c:427:6:lv_style_set_img_recolor_opa	24	static
../user/app/src/lvgl_wrappers/../../../../Middlewares/Third_Party/LVGL/src/misc/lv_style_gen.c:435:6:lv_style_set_line_width	24	static
../user/app/src/lvgl_wrappers/../../../../Middlewares/Third_Party/LVGL/src/misc/lv_style_gen.c:443:6:lv_style_set_line_dash_width	24	static
../user/app/src/lvgl_wrappers/../../../../Middlewares/Third_Party/LVGL/src/misc/lv_style_gen.c:451:6:lv_style_set_line_dash_gap	24	static
../user/app/src/lvgl_wrappers/../../../../Middlewares/Third_Party/LVGL/src/misc/lv_style_gen.c:459:6:lv_style_set_line_rounded	24	static
../user/app/src/lvgl_wrappers/../../../../Middlewares/Third_Party/LVGL/src/misc/lv_style_gen.c:467:6:lv_style_set_line_color	24	static
../user/app/src/lvgl_wrappers/../../../../Middlewares/Third_Party/LVGL/src/misc/lv_style_gen.c:475:6:lv_style_set_line_opa	24	static
../user/app/src/lvgl_wrappers/../../../../Middlewares/Third_Party/LVGL/src/misc/lv_style_gen.c:483:6:lv_style_set_arc_width	24	static
../user/app/src/lvgl_wrappers/../../../../Middlewares/Third_Party/LVGL/src/misc/lv_style_gen.c:491:6:lv_style_set_arc_rounded	24	static
../user/app/src/lvgl_wrappers/../../../../Middlewares/Third_Party/LVGL/src/misc/lv_style_gen.c:499:6:lv_style_set_arc_color	24	static
../user/app/src/lvgl_wrappers/../../../../Middlewares/Third_Party/LVGL/src/misc/lv_style_gen.c:507:6:lv_style_set_arc_opa	24	static
../user/app/src/lvgl_wrappers/../../../../Middlewares/Third_Party/LVGL/src/misc/lv_style_gen.c:515:6:lv_style_set_arc_img_src	24	static
../user/app/src/lvgl_wrappers/../../../../Middlewares/Third_Party/LVGL/src/misc/lv_style_gen.c:523:6:lv_style_set_text_color	24	static
../user/app/src/lvgl_wrappers/../../../../Middlewares/Third_Party/LVGL/src/misc/lv_style_gen.c:531:6:lv_style_set_text_opa	24	static
../user/app/src/lvgl_wrappers/../../../../Middlewares/Third_Party/LVGL/src/misc/lv_style_gen.c:539:6:lv_style_set_text_font	24	static
../user/app/src/lvgl_wrappers/../../../../Middlewares/Third_Party/LVGL/src/misc/lv_style_gen.c:547:6:lv_style_set_text_letter_space	24	static
../user/app/src/lvgl_wrappers/../../../../Middlewares/Third_Party/LVGL/src/misc/lv_style_gen.c:555:6:lv_style_set_text_line_space	24	static
../user/app/src/lvgl_wrappers/../../../../Middlewares/Third_Party/LVGL/src/misc/lv_style_gen.c:563:6:lv_style_set_text_decor	24	static
../user/app/src/lvgl_wrappers/../../../../Middlewares/Third_Party/LVGL/src/misc/lv_style_gen.c:571:6:lv_style_set_text_align	24	static
../user/app/src/lvgl_wrappers/../../../../Middlewares/Third_Party/LVGL/src/misc/lv_style_gen.c:579:6:lv_style_set_radius	24	static
../user/app/src/lvgl_wrappers/../../../../Middlewares/Third_Party/LVGL/src/misc/lv_style_gen.c:587:6:lv_style_set_clip_corner	24	static
../user/app/src/lvgl_wrappers/../../../../Middlewares/Third_Party/LVGL/src/misc/lv_style_gen.c:595:6:lv_style_set_opa	24	static
../user/app/src/lvgl_wrappers/../../../../Middlewares/Third_Party/LVGL/src/misc/lv_style_gen.c:603:6:lv_style_set_opa_layered	24	static
../user/app/src/lvgl_wrappers/../../../../Middlewares/Third_Party/LVGL/src/misc/lv_style_gen.c:611:6:lv_style_set_color_filter_dsc	24	static
../user/app/src/lvgl_wrappers/../../../../Middlewares/Third_Party/LVGL/src/misc/lv_style_gen.c:619:6:lv_style_set_color_filter_opa	24	static
../user/app/src/lvgl_wrappers/../../../../Middlewares/Third_Party/LVGL/src/misc/lv_style_gen.c:627:6:lv_style_set_anim	24	static
../user/app/src/lvgl_wrappers/../../../../Middlewares/Third_Party/LVGL/src/misc/lv_style_gen.c:635:6:lv_style_set_anim_time	24	static
../user/app/src/lvgl_wrappers/../../../../Middlewares/Third_Party/LVGL/src/misc/lv_style_gen.c:643:6:lv_style_set_anim_speed	24	static
../user/app/src/lvgl_wrappers/../../../../Middlewares/Third_Party/LVGL/src/misc/lv_style_gen.c:651:6:lv_style_set_transition	24	static
../user/app/src/lvgl_wrappers/../../../../Middlewares/Third_Party/LVGL/src/misc/lv_style_gen.c:659:6:lv_style_set_blend_mode	24	static
../user/app/src/lvgl_wrappers/../../../../Middlewares/Third_Party/LVGL/src/misc/lv_style_gen.c:667:6:lv_style_set_layout	24	static
../user/app/src/lvgl_wrappers/../../../../Middlewares/Third_Party/LVGL/src/misc/lv_style_gen.c:675:6:lv_style_set_base_dir	24	static
../user/app/src/lvgl_wrappers/../../../../Middlewares/Third_Party/LVGL/src/misc/lv_timer.c:55:6:_lv_timer_core_init	8	static
../user/app/src/lvgl_wrappers/../../../../Middlewares/Third_Party/LVGL/src/misc/lv_timer.c:67:37:lv_timer_handler	40	static
../user/app/src/lvgl_wrappers/../../../../Middlewares/Third_Party/LVGL/src/misc/lv_timer.c:153:14:lv_timer_create_basic	8	static
../user/app/src/lvgl_wrappers/../../../../Middlewares/Third_Party/LVGL/src/misc/lv_timer.c:167:14:lv_timer_create	48	static
../user/app/src/lvgl_wrappers/../../../../Middlewares/Third_Party/LVGL/src/misc/lv_timer.c:192:6:lv_timer_set_cb	16	static
../user/app/src/lvgl_wrappers/../../../../Middlewares/Third_Party/LVGL/src/misc/lv_timer.c:201:6:lv_timer_del	16	static
../user/app/src/lvgl_wrappers/../../../../Middlewares/Third_Party/LVGL/src/misc/lv_timer.c:213:6:lv_timer_pause	16	static
../user/app/src/lvgl_wrappers/../../../../Middlewares/Third_Party/LVGL/src/misc/lv_timer.c:218:6:lv_timer_resume	16	static
../user/app/src/lvgl_wrappers/../../../../Middlewares/Third_Party/LVGL/src/misc/lv_timer.c:228:6:lv_timer_set_period	16	static
../user/app/src/lvgl_wrappers/../../../../Middlewares/Third_Party/LVGL/src/misc/lv_timer.c:237:6:lv_timer_ready	16	static
../user/app/src/lvgl_wrappers/../../../../Middlewares/Third_Party/LVGL/src/misc/lv_timer.c:247:6:lv_timer_set_repeat_count	16	static
../user/app/src/lvgl_wrappers/../../../../Middlewares/Third_Party/LVGL/src/misc/lv_timer.c:257:6:lv_timer_reset	16	static
../user/app/src/lvgl_wrappers/../../../../Middlewares/Third_Party/LVGL/src/misc/lv_timer.c:266:6:lv_timer_enable	16	static
../user/app/src/lvgl_wrappers/../../../../Middlewares/Third_Party/LVGL/src/misc/lv_timer.c:275:9:lv_timer_get_idle	4	static
../user/app/src/lvgl_wrappers/../../../../Middlewares/Third_Party/LVGL/src/misc/lv_timer.c:285:14:lv_timer_get_next	16	static
../user/app/src/lvgl_wrappers/../../../../Middlewares/Third_Party/LVGL/src/misc/lv_timer.c:300:13:lv_timer_exec	24	static
../user/app/src/lvgl_wrappers/../../../../Middlewares/Third_Party/LVGL/src/misc/lv_timer.c:334:17:lv_timer_time_remaining	24	static
../user/app/src/lvgl_wrappers/../../../../Middlewares/Third_Party/LVGL/src/misc/lv_tlsf.c:94:15:tlsf_ffs	16	static
../user/app/src/lvgl_wrappers/../../../../Middlewares/Third_Party/LVGL/src/misc/lv_tlsf.c:101:15:tlsf_fls	24	static
../user/app/src/lvgl_wrappers/../../../../Middlewares/Third_Party/LVGL/src/misc/lv_tlsf.c:381:15:block_size	16	static
../user/app/src/lvgl_wrappers/../../../../Middlewares/Third_Party/LVGL/src/misc/lv_tlsf.c:386:13:block_set_size	24	static
../user/app/src/lvgl_wrappers/../../../../Middlewares/Third_Party/LVGL/src/misc/lv_tlsf.c:392:12:block_is_last	16	static
../user/app/src/lvgl_wrappers/../../../../Middlewares/Third_Party/LVGL/src/misc/lv_tlsf.c:397:12:block_is_free	16	static
../user/app/src/lvgl_wrappers/../../../../Middlewares/Third_Party/LVGL/src/misc/lv_tlsf.c:402:13:block_set_free	16	static
../user/app/src/lvgl_wrappers/../../../../Middlewares/Third_Party/LVGL/src/misc/lv_tlsf.c:407:13:block_set_used	16	static
../user/app/src/lvgl_wrappers/../../../../Middlewares/Third_Party/LVGL/src/misc/lv_tlsf.c:412:12:block_is_prev_free	16	static
../user/app/src/lvgl_wrappers/../../../../Middlewares/Third_Party/LVGL/src/misc/lv_tlsf.c:417:13:block_set_prev_free	16	static
../user/app/src/lvgl_wrappers/../../../../Middlewares/Third_Party/LVGL/src/misc/lv_tlsf.c:422:13:block_set_prev_used	16	static
../user/app/src/lvgl_wrappers/../../../../Middlewares/Third_Party/LVGL/src/misc/lv_tlsf.c:427:25:block_from_ptr	16	static
../user/app/src/lvgl_wrappers/../../../../Middlewares/Third_Party/LVGL/src/misc/lv_tlsf.c:433:15:block_to_ptr	16	static
../user/app/src/lvgl_wrappers/../../../../Middlewares/Third_Party/LVGL/src/misc/lv_tlsf.c:440:25:offset_to_block	16	static
../user/app/src/lvgl_wrappers/../../../../Middlewares/Third_Party/LVGL/src/misc/lv_tlsf.c:446:25:block_prev	24	static
../user/app/src/lvgl_wrappers/../../../../Middlewares/Third_Party/LVGL/src/misc/lv_tlsf.c:453:25:block_next	40	static
../user/app/src/lvgl_wrappers/../../../../Middlewares/Third_Party/LVGL/src/misc/lv_tlsf.c:462:25:block_link_next	24	static
../user/app/src/lvgl_wrappers/../../../../Middlewares/Third_Party/LVGL/src/misc/lv_tlsf.c:469:13:block_mark_as_free	24	static
../user/app/src/lvgl_wrappers/../../../../Middlewares/Third_Party/LVGL/src/misc/lv_tlsf.c:477:13:block_mark_as_used	24	static
../user/app/src/lvgl_wrappers/../../../../Middlewares/Third_Party/LVGL/src/misc/lv_tlsf.c:484:15:align_up	24	static
../user/app/src/lvgl_wrappers/../../../../Middlewares/Third_Party/LVGL/src/misc/lv_tlsf.c:490:15:align_down	24	static
../user/app/src/lvgl_wrappers/../../../../Middlewares/Third_Party/LVGL/src/misc/lv_tlsf.c:496:15:align_ptr	32	static
../user/app/src/lvgl_wrappers/../../../../Middlewares/Third_Party/LVGL/src/misc/lv_tlsf.c:508:15:adjust_request_size	24	static
../user/app/src/lvgl_wrappers/../../../../Middlewares/Third_Party/LVGL/src/misc/lv_tlsf.c:527:13:mapping_insert	32	static
../user/app/src/lvgl_wrappers/../../../../Middlewares/Third_Party/LVGL/src/misc/lv_tlsf.c:545:13:mapping_search	32	static
../user/app/src/lvgl_wrappers/../../../../Middlewares/Third_Party/LVGL/src/misc/lv_tlsf.c:554:25:search_suitable_block	48	static
../user/app/src/lvgl_wrappers/../../../../Middlewares/Third_Party/LVGL/src/misc/lv_tlsf.c:585:13:remove_free_block	40	static
../user/app/src/lvgl_wrappers/../../../../Middlewares/Third_Party/LVGL/src/misc/lv_tlsf.c:611:13:insert_free_block	48	static
../user/app/src/lvgl_wrappers/../../../../Middlewares/Third_Party/LVGL/src/misc/lv_tlsf.c:632:13:block_remove	24	static
../user/app/src/lvgl_wrappers/../../../../Middlewares/Third_Party/LVGL/src/misc/lv_tlsf.c:640:13:block_insert	24	static
../user/app/src/lvgl_wrappers/../../../../Middlewares/Third_Party/LVGL/src/misc/lv_tlsf.c:647:12:block_can_split	16	static
../user/app/src/lvgl_wrappers/../../../../Middlewares/Third_Party/LVGL/src/misc/lv_tlsf.c:653:25:block_split	40	static
../user/app/src/lvgl_wrappers/../../../../Middlewares/Third_Party/LVGL/src/misc/lv_tlsf.c:675:25:block_absorb	24	static
../user/app/src/lvgl_wrappers/../../../../Middlewares/Third_Party/LVGL/src/misc/lv_tlsf.c:685:25:block_merge_prev	32	static
../user/app/src/lvgl_wrappers/../../../../Middlewares/Third_Party/LVGL/src/misc/lv_tlsf.c:699:25:block_merge_next	32	static
../user/app/src/lvgl_wrappers/../../../../Middlewares/Third_Party/LVGL/src/misc/lv_tlsf.c:714:13:block_trim_free	40	static
../user/app/src/lvgl_wrappers/../../../../Middlewares/Third_Party/LVGL/src/misc/lv_tlsf.c:726:13:block_trim_used	40	static
../user/app/src/lvgl_wrappers/../../../../Middlewares/Third_Party/LVGL/src/misc/lv_tlsf.c:739:25:block_trim_free_leading	32	static
../user/app/src/lvgl_wrappers/../../../../Middlewares/Third_Party/LVGL/src/misc/lv_tlsf.c:754:25:block_locate_free	40	static
../user/app/src/lvgl_wrappers/../../../../Middlewares/Third_Party/LVGL/src/misc/lv_tlsf.c:781:15:block_prepare_used	40	static
../user/app/src/lvgl_wrappers/../../../../Middlewares/Third_Party/LVGL/src/misc/lv_tlsf.c:794:13:control_constructor	24	static
../user/app/src/lvgl_wrappers/../../../../Middlewares/Third_Party/LVGL/src/misc/lv_tlsf.c:821:13:integrity_walker	56	static
../user/app/src/lvgl_wrappers/../../../../Middlewares/Third_Party/LVGL/src/misc/lv_tlsf.c:838:5:lv_tlsf_check	64	static
../user/app/src/lvgl_wrappers/../../../../Middlewares/Third_Party/LVGL/src/misc/lv_tlsf.c:887:13:default_walker	56	static
../user/app/src/lvgl_wrappers/../../../../Middlewares/Third_Party/LVGL/src/misc/lv_tlsf.c:893:6:lv_tlsf_walk_pool	48	static
../user/app/src/lvgl_wrappers/../../../../Middlewares/Third_Party/LVGL/src/misc/lv_tlsf.c:909:8:lv_tlsf_block_size	24	static
../user/app/src/lvgl_wrappers/../../../../Middlewares/Third_Party/LVGL/src/misc/lv_tlsf.c:919:5:lv_tlsf_check_pool	24	static
../user/app/src/lvgl_wrappers/../../../../Middlewares/Third_Party/LVGL/src/misc/lv_tlsf.c:932:8:lv_tlsf_size	4	static
../user/app/src/lvgl_wrappers/../../../../Middlewares/Third_Party/LVGL/src/misc/lv_tlsf.c:937:8:lv_tlsf_align_size	4	static
../user/app/src/lvgl_wrappers/../../../../Middlewares/Third_Party/LVGL/src/misc/lv_tlsf.c:942:8:lv_tlsf_block_size_min	4	static
../user/app/src/lvgl_wrappers/../../../../Middlewares/Third_Party/LVGL/src/misc/lv_tlsf.c:947:8:lv_tlsf_block_size_max	4	static
../user/app/src/lvgl_wrappers/../../../../Middlewares/Third_Party/LVGL/src/misc/lv_tlsf.c:957:8:lv_tlsf_pool_overhead	4	static
../user/app/src/lvgl_wrappers/../../../../Middlewares/Third_Party/LVGL/src/misc/lv_tlsf.c:962:8:lv_tlsf_alloc_overhead	4	static
../user/app/src/lvgl_wrappers/../../../../Middlewares/Third_Party/LVGL/src/misc/lv_tlsf.c:967:11:lv_tlsf_add_pool	56	static
../user/app/src/lvgl_wrappers/../../../../Middlewares/Third_Party/LVGL/src/misc/lv_tlsf.c:1014:6:lv_tlsf_remove_pool	40	static
../user/app/src/lvgl_wrappers/../../../../Middlewares/Third_Party/LVGL/src/misc/lv_tlsf.c:1060:11:lv_tlsf_create	24	static
../user/app/src/lvgl_wrappers/../../../../Middlewares/Third_Party/LVGL/src/misc/lv_tlsf.c:1079:11:lv_tlsf_create_with_pool	32	static
../user/app/src/lvgl_wrappers/../../../../Middlewares/Third_Party/LVGL/src/misc/lv_tlsf.c:1086:6:lv_tlsf_destroy	16	static
../user/app/src/lvgl_wrappers/../../../../Middlewares/Third_Party/LVGL/src/misc/lv_tlsf.c:1092:11:lv_tlsf_get_pool	16	static
../user/app/src/lvgl_wrappers/../../../../Middlewares/Third_Party/LVGL/src/misc/lv_tlsf.c:1097:8:lv_tlsf_malloc	32	static
../user/app/src/lvgl_wrappers/../../../../Middlewares/Third_Party/LVGL/src/misc/lv_tlsf.c:1105:8:lv_tlsf_memalign	80	static
../user/app/src/lvgl_wrappers/../../../../Middlewares/Third_Party/LVGL/src/misc/lv_tlsf.c:1159:8:lv_tlsf_free	40	static
../user/app/src/lvgl_wrappers/../../../../Middlewares/Third_Party/LVGL/src/misc/lv_tlsf.c:1190:8:lv_tlsf_realloc	64	static
../user/app/src/lvgl_wrappers/../../../../Middlewares/Third_Party/LVGL/src/misc/lv_txt.c:91:6:lv_txt_get_size	48	static
../user/app/src/lvgl_wrappers/../../../../Middlewares/Third_Party/LVGL/src/misc/lv_txt.c:171:17:lv_txt_get_next_word	64	static
../user/app/src/lvgl_wrappers/../../../../Middlewares/Third_Party/LVGL/src/misc/lv_txt.c:279:10:_lv_txt_get_next_line	72	static
../user/app/src/lvgl_wrappers/../../../../Middlewares/Third_Party/LVGL/src/misc/lv_txt.c:343:12:lv_txt_get_width	48	static
../user/app/src/lvgl_wrappers/../../../../Middlewares/Third_Party/LVGL/src/misc/lv_txt.c:382:6:_lv_txt_is_cmd	24	static
../user/app/src/lvgl_wrappers/../../../../Middlewares/Third_Party/LVGL/src/misc/lv_txt.c:413:6:_lv_txt_ins	40	static
../user/app/src/lvgl_wrappers/../../../../Middlewares/Third_Party/LVGL/src/misc/lv_txt.c:434:6:_lv_txt_cut	32	static
../user/app/src/lvgl_wrappers/../../../../Middlewares/Third_Party/LVGL/src/misc/lv_txt.c:450:8:_lv_txt_set_text_vfmt	48	static
../user/app/src/lvgl_wrappers/../../../../Middlewares/Third_Party/LVGL/src/misc/lv_txt.c:493:6:_lv_txt_encoded_letter_next_2	24	static
../user/app/src/lvgl_wrappers/../../../../Middlewares/Third_Party/LVGL/src/misc/lv_txt.c:509:16:lv_txt_utf8_size	16	static
../user/app/src/lvgl_wrappers/../../../../Middlewares/Third_Party/LVGL/src/misc/lv_txt.c:527:17:lv_txt_unicode_to_utf8	24	static
../user/app/src/lvgl_wrappers/../../../../Middlewares/Third_Party/LVGL/src/misc/lv_txt.c:563:17:lv_txt_utf8_conv_wc	32	static
../user/app/src/lvgl_wrappers/../../../../Middlewares/Third_Party/LVGL/src/misc/lv_txt.c:591:17:lv_txt_utf8_next	24	static
../user/app/src/lvgl_wrappers/../../../../Middlewares/Third_Party/LVGL/src/misc/lv_txt.c:666:17:lv_txt_utf8_prev	32	static
../user/app/src/lvgl_wrappers/../../../../Middlewares/Third_Party/LVGL/src/misc/lv_txt.c:699:17:lv_txt_utf8_get_byte_id	32	static
../user/app/src/lvgl_wrappers/../../../../Middlewares/Third_Party/LVGL/src/misc/lv_txt.c:719:17:lv_txt_utf8_get_char_id	24	static
../user/app/src/lvgl_wrappers/../../../../Middlewares/Third_Party/LVGL/src/misc/lv_txt.c:738:17:lv_txt_utf8_get_length	24	static
../user/app/src/lvgl_wrappers/../../../../Middlewares/Third_Party/LVGL/src/misc/lv_utils.c:54:8:_lv_utils_bsearch	32	static
