../user/app/src/lvgl_wrappers/../../../../Middlewares/Third_Party/LVGL/src/widgets/../core/../misc/../font/../misc/lv_area.h:110:20:lv_area_copy	16	static
../user/app/src/lvgl_wrappers/../../../../Middlewares/Third_Party/LVGL/src/widgets/../core/../misc/../font/../misc/lv_area.h:123:26:lv_area_get_width	16	static
../user/app/src/lvgl_wrappers/../../../../Middlewares/Third_Party/LVGL/src/widgets/../core/../misc/../font/../misc/lv_area.h:133:26:lv_area_get_height	16	static
../user/app/src/lvgl_wrappers/../../../../Middlewares/Third_Party/LVGL/src/widgets/../core/../misc/../font/../misc/lv_area.h:294:26:lv_pct	16	static
../user/app/src/lvgl_wrappers/../../../../Middlewares/Third_Party/LVGL/src/widgets/../core/../misc/../font/lv_font.h:124:26:lv_font_get_line_height	16	static
../user/app/src/lvgl_wrappers/../../../../Middlewares/Third_Party/LVGL/src/widgets/../core/../misc/lv_mem.h:131:22:lv_memcpy	24	static
../user/app/src/lvgl_wrappers/../../../../Middlewares/Third_Party/LVGL/src/widgets/../core/../misc/lv_mem.h:153:20:lv_memset	24	static
../user/app/src/lvgl_wrappers/../../../../Middlewares/Third_Party/LVGL/src/widgets/../core/../misc/lv_mem.h:163:20:lv_memset_00	16	static
../user/app/src/lvgl_wrappers/../../../../Middlewares/Third_Party/LVGL/src/widgets/../core/../misc/lv_color.h:594:26:lv_color_make	16	static
../user/app/src/lvgl_wrappers/../../../../Middlewares/Third_Party/LVGL/src/widgets/../core/../misc/lv_color.h:599:26:lv_color_hex	24	static
../user/app/src/lvgl_wrappers/../../../../Middlewares/Third_Party/LVGL/src/widgets/../core/../misc/lv_color.h:695:26:lv_color_white	8	static
../user/app/src/lvgl_wrappers/../../../../Middlewares/Third_Party/LVGL/src/widgets/../core/../misc/lv_anim.h:126:20:lv_anim_set_var	16	static
../user/app/src/lvgl_wrappers/../../../../Middlewares/Third_Party/LVGL/src/widgets/../core/../misc/lv_anim.h:138:20:lv_anim_set_exec_cb	16	static
../user/app/src/lvgl_wrappers/../../../../Middlewares/Third_Party/LVGL/src/widgets/../core/../misc/lv_anim.h:148:20:lv_anim_set_time	16	static
../user/app/src/lvgl_wrappers/../../../../Middlewares/Third_Party/LVGL/src/widgets/../core/../misc/lv_anim.h:169:20:lv_anim_set_values	24	static
../user/app/src/lvgl_wrappers/../../../../Middlewares/Third_Party/LVGL/src/widgets/../core/../misc/lv_anim.h:196:20:lv_anim_set_path_cb	16	static
../user/app/src/lvgl_wrappers/../../../../Middlewares/Third_Party/LVGL/src/widgets/../core/../misc/lv_anim.h:227:20:lv_anim_set_ready_cb	16	static
../user/app/src/lvgl_wrappers/../../../../Middlewares/Third_Party/LVGL/src/widgets/../core/../misc/lv_anim.h:247:20:lv_anim_set_playback_time	16	static
../user/app/src/lvgl_wrappers/../../../../Middlewares/Third_Party/LVGL/src/widgets/../core/../misc/lv_anim.h:267:20:lv_anim_set_repeat_count	16	static
../user/app/src/lvgl_wrappers/../../../../Middlewares/Third_Party/LVGL/src/widgets/../core/lv_obj_style_gen.h:55:26:lv_obj_get_style_transform_width	24	static
../user/app/src/lvgl_wrappers/../../../../Middlewares/Third_Party/LVGL/src/widgets/../core/lv_obj_style_gen.h:61:26:lv_obj_get_style_transform_height	24	static
../user/app/src/lvgl_wrappers/../../../../Middlewares/Third_Party/LVGL/src/widgets/../core/lv_obj_style_gen.h:79:26:lv_obj_get_style_transform_zoom	24	static
../user/app/src/lvgl_wrappers/../../../../Middlewares/Third_Party/LVGL/src/widgets/../core/lv_obj_style_gen.h:103:26:lv_obj_get_style_pad_top	24	static
../user/app/src/lvgl_wrappers/../../../../Middlewares/Third_Party/LVGL/src/widgets/../core/lv_obj_style_gen.h:109:26:lv_obj_get_style_pad_bottom	24	static
../user/app/src/lvgl_wrappers/../../../../Middlewares/Third_Party/LVGL/src/widgets/../core/lv_obj_style_gen.h:115:26:lv_obj_get_style_pad_left	24	static
../user/app/src/lvgl_wrappers/../../../../Middlewares/Third_Party/LVGL/src/widgets/../core/lv_obj_style_gen.h:121:26:lv_obj_get_style_pad_right	24	static
../user/app/src/lvgl_wrappers/../../../../Middlewares/Third_Party/LVGL/src/widgets/../core/lv_obj_style_gen.h:133:26:lv_obj_get_style_pad_column	24	static
../user/app/src/lvgl_wrappers/../../../../Middlewares/Third_Party/LVGL/src/widgets/../core/lv_obj_style_gen.h:253:26:lv_obj_get_style_border_width	24	static
../user/app/src/lvgl_wrappers/../../../../Middlewares/Third_Party/LVGL/src/widgets/../core/lv_obj_style_gen.h:271:26:lv_obj_get_style_outline_width	24	static
../user/app/src/lvgl_wrappers/../../../../Middlewares/Third_Party/LVGL/src/widgets/../core/lv_obj_style_gen.h:295:26:lv_obj_get_style_outline_pad	24	static
../user/app/src/lvgl_wrappers/../../../../Middlewares/Third_Party/LVGL/src/widgets/../core/lv_obj_style_gen.h:301:26:lv_obj_get_style_shadow_width	24	static
../user/app/src/lvgl_wrappers/../../../../Middlewares/Third_Party/LVGL/src/widgets/../core/lv_obj_style_gen.h:307:26:lv_obj_get_style_shadow_ofs_x	24	static
../user/app/src/lvgl_wrappers/../../../../Middlewares/Third_Party/LVGL/src/widgets/../core/lv_obj_style_gen.h:313:26:lv_obj_get_style_shadow_ofs_y	24	static
../user/app/src/lvgl_wrappers/../../../../Middlewares/Third_Party/LVGL/src/widgets/../core/lv_obj_style_gen.h:319:26:lv_obj_get_style_shadow_spread	24	static
../user/app/src/lvgl_wrappers/../../../../Middlewares/Third_Party/LVGL/src/widgets/../core/lv_obj_style_gen.h:343:24:lv_obj_get_style_img_opa	24	static
../user/app/src/lvgl_wrappers/../../../../Middlewares/Third_Party/LVGL/src/widgets/../core/lv_obj_style_gen.h:349:26:lv_obj_get_style_img_recolor	24	static
../user/app/src/lvgl_wrappers/../../../../Middlewares/Third_Party/LVGL/src/widgets/../core/lv_obj_style_gen.h:367:26:lv_obj_get_style_line_width	24	static
../user/app/src/lvgl_wrappers/../../../../Middlewares/Third_Party/LVGL/src/widgets/../core/lv_obj_style_gen.h:409:26:lv_obj_get_style_arc_width	24	static
../user/app/src/lvgl_wrappers/../../../../Middlewares/Third_Party/LVGL/src/widgets/../core/lv_obj_style_gen.h:415:20:lv_obj_get_style_arc_rounded	24	static
../user/app/src/lvgl_wrappers/../../../../Middlewares/Third_Party/LVGL/src/widgets/../core/lv_obj_style_gen.h:445:26:lv_obj_get_style_text_color	24	static
../user/app/src/lvgl_wrappers/../../../../Middlewares/Third_Party/LVGL/src/widgets/../core/lv_obj_style_gen.h:463:33:lv_obj_get_style_text_font	24	static
../user/app/src/lvgl_wrappers/../../../../Middlewares/Third_Party/LVGL/src/widgets/../core/lv_obj_style_gen.h:469:26:lv_obj_get_style_text_letter_space	24	static
../user/app/src/lvgl_wrappers/../../../../Middlewares/Third_Party/LVGL/src/widgets/../core/lv_obj_style_gen.h:475:26:lv_obj_get_style_text_line_space	24	static
../user/app/src/lvgl_wrappers/../../../../Middlewares/Third_Party/LVGL/src/widgets/../core/lv_obj_style_gen.h:493:26:lv_obj_get_style_radius	24	static
../user/app/src/lvgl_wrappers/../../../../Middlewares/Third_Party/LVGL/src/widgets/../core/lv_obj_style_gen.h:535:24:lv_obj_get_style_anim_time	24	static
../user/app/src/lvgl_wrappers/../../../../Middlewares/Third_Party/LVGL/src/widgets/../core/lv_obj_style_gen.h:565:29:lv_obj_get_style_base_dir	24	static
../user/app/src/lvgl_wrappers/../../../../Middlewares/Third_Party/LVGL/src/widgets/lv_arc.c:68:12:lv_arc_create	24	static
../user/app/src/lvgl_wrappers/../../../../Middlewares/Third_Party/LVGL/src/widgets/lv_arc.c:88:6:lv_arc_set_start_angle	24	static
../user/app/src/lvgl_wrappers/../../../../Middlewares/Third_Party/LVGL/src/widgets/lv_arc.c:112:6:lv_arc_set_end_angle	24	static
../user/app/src/lvgl_wrappers/../../../../Middlewares/Third_Party/LVGL/src/widgets/lv_arc.c:135:6:lv_arc_set_angles	16	static
../user/app/src/lvgl_wrappers/../../../../Middlewares/Third_Party/LVGL/src/widgets/lv_arc.c:141:6:lv_arc_set_bg_start_angle	24	static
../user/app/src/lvgl_wrappers/../../../../Middlewares/Third_Party/LVGL/src/widgets/lv_arc.c:163:6:lv_arc_set_bg_end_angle	24	static
../user/app/src/lvgl_wrappers/../../../../Middlewares/Third_Party/LVGL/src/widgets/lv_arc.c:185:6:lv_arc_set_bg_angles	16	static
../user/app/src/lvgl_wrappers/../../../../Middlewares/Third_Party/LVGL/src/widgets/lv_arc.c:191:6:lv_arc_set_rotation	24	static
../user/app/src/lvgl_wrappers/../../../../Middlewares/Third_Party/LVGL/src/widgets/lv_arc.c:201:6:lv_arc_set_mode	32	static
../user/app/src/lvgl_wrappers/../../../../Middlewares/Third_Party/LVGL/src/widgets/lv_arc.c:230:6:lv_arc_set_value	24	static
../user/app/src/lvgl_wrappers/../../../../Middlewares/Third_Party/LVGL/src/widgets/lv_arc.c:247:6:lv_arc_set_range	24	static
../user/app/src/lvgl_wrappers/../../../../Middlewares/Third_Party/LVGL/src/widgets/lv_arc.c:267:6:lv_arc_set_change_rate	24	static
../user/app/src/lvgl_wrappers/../../../../Middlewares/Third_Party/LVGL/src/widgets/lv_arc.c:279:10:lv_arc_get_angle_start	16	static
../user/app/src/lvgl_wrappers/../../../../Middlewares/Third_Party/LVGL/src/widgets/lv_arc.c:285:10:lv_arc_get_angle_end	16	static
../user/app/src/lvgl_wrappers/../../../../Middlewares/Third_Party/LVGL/src/widgets/lv_arc.c:291:10:lv_arc_get_bg_angle_start	16	static
../user/app/src/lvgl_wrappers/../../../../Middlewares/Third_Party/LVGL/src/widgets/lv_arc.c:297:10:lv_arc_get_bg_angle_end	16	static
../user/app/src/lvgl_wrappers/../../../../Middlewares/Third_Party/LVGL/src/widgets/lv_arc.c:303:9:lv_arc_get_value	16	static
../user/app/src/lvgl_wrappers/../../../../Middlewares/Third_Party/LVGL/src/widgets/lv_arc.c:309:9:lv_arc_get_min_value	16	static
../user/app/src/lvgl_wrappers/../../../../Middlewares/Third_Party/LVGL/src/widgets/lv_arc.c:315:9:lv_arc_get_max_value	16	static
../user/app/src/lvgl_wrappers/../../../../Middlewares/Third_Party/LVGL/src/widgets/lv_arc.c:321:15:lv_arc_get_mode	16	static
../user/app/src/lvgl_wrappers/../../../../Middlewares/Third_Party/LVGL/src/widgets/lv_arc.c:331:6:lv_arc_align_obj_to_angle	72	static
../user/app/src/lvgl_wrappers/../../../../Middlewares/Third_Party/LVGL/src/widgets/lv_arc.c:352:6:lv_arc_rotate_obj_to_angle	64	static
../user/app/src/lvgl_wrappers/../../../../Middlewares/Third_Party/LVGL/src/widgets/lv_arc.c:383:13:lv_arc_constructor	24	static
../user/app/src/lvgl_wrappers/../../../../Middlewares/Third_Party/LVGL/src/widgets/lv_arc.c:414:13:lv_arc_event	176	static
../user/app/src/lvgl_wrappers/../../../../Middlewares/Third_Party/LVGL/src/widgets/lv_arc.c:644:13:lv_arc_draw	216	static
../user/app/src/lvgl_wrappers/../../../../Middlewares/Third_Party/LVGL/src/widgets/lv_arc.c:723:13:inv_arc_area	72	static
../user/app/src/lvgl_wrappers/../../../../Middlewares/Third_Party/LVGL/src/widgets/lv_arc.c:756:13:inv_knob_area	40	static
../user/app/src/lvgl_wrappers/../../../../Middlewares/Third_Party/LVGL/src/widgets/lv_arc.c:774:13:get_center	48	static
../user/app/src/lvgl_wrappers/../../../../Middlewares/Third_Party/LVGL/src/widgets/lv_arc.c:790:19:get_angle	32	static
../user/app/src/lvgl_wrappers/../../../../Middlewares/Third_Party/LVGL/src/widgets/lv_arc.c:815:13:get_knob_area	56	static
../user/app/src/lvgl_wrappers/../../../../Middlewares/Third_Party/LVGL/src/widgets/lv_arc.c:840:13:value_update	48	static
../user/app/src/lvgl_wrappers/../../../../Middlewares/Third_Party/LVGL/src/widgets/lv_arc.c:884:19:knob_get_extra_size	24	static
../user/app/src/lvgl_wrappers/../../../../Middlewares/Third_Party/LVGL/src/widgets/lv_arc.c:921:13:lv_arc_angle_within_bg_bounds	40	static
../user/app/src/lvgl_wrappers/../../../../Middlewares/Third_Party/LVGL/src/widgets/lv_bar.c:78:12:lv_bar_create	24	static
../user/app/src/lvgl_wrappers/../../../../Middlewares/Third_Party/LVGL/src/widgets/lv_bar.c:90:6:lv_bar_set_value	40	static
../user/app/src/lvgl_wrappers/../../../../Middlewares/Third_Party/LVGL/src/widgets/lv_bar.c:104:6:lv_bar_set_start_value	40	static
../user/app/src/lvgl_wrappers/../../../../Middlewares/Third_Party/LVGL/src/widgets/lv_bar.c:121:6:lv_bar_set_range	32	static
../user/app/src/lvgl_wrappers/../../../../Middlewares/Third_Party/LVGL/src/widgets/lv_bar.c:146:6:lv_bar_set_mode	24	static
../user/app/src/lvgl_wrappers/../../../../Middlewares/Third_Party/LVGL/src/widgets/lv_bar.c:163:9:lv_bar_get_value	24	static
../user/app/src/lvgl_wrappers/../../../../Middlewares/Third_Party/LVGL/src/widgets/lv_bar.c:171:9:lv_bar_get_start_value	24	static
../user/app/src/lvgl_wrappers/../../../../Middlewares/Third_Party/LVGL/src/widgets/lv_bar.c:181:9:lv_bar_get_min_value	24	static
../user/app/src/lvgl_wrappers/../../../../Middlewares/Third_Party/LVGL/src/widgets/lv_bar.c:188:9:lv_bar_get_max_value	24	static
../user/app/src/lvgl_wrappers/../../../../Middlewares/Third_Party/LVGL/src/widgets/lv_bar.c:196:15:lv_bar_get_mode	24	static
../user/app/src/lvgl_wrappers/../../../../Middlewares/Third_Party/LVGL/src/widgets/lv_bar.c:208:13:lv_bar_constructor	24	static
../user/app/src/lvgl_wrappers/../../../../Middlewares/Third_Party/LVGL/src/widgets/lv_bar.c:234:13:lv_bar_destructor	24	static
../user/app/src/lvgl_wrappers/../../../../Middlewares/Third_Party/LVGL/src/widgets/lv_bar.c:243:13:draw_indic	392	static
../user/app/src/lvgl_wrappers/../../../../Middlewares/Third_Party/LVGL/src/widgets/lv_bar.c:508:13:lv_bar_event	48	static
../user/app/src/lvgl_wrappers/../../../../Middlewares/Third_Party/LVGL/src/widgets/lv_bar.c:549:13:lv_bar_anim	24	static
../user/app/src/lvgl_wrappers/../../../../Middlewares/Third_Party/LVGL/src/widgets/lv_bar.c:556:13:lv_bar_anim_ready	32	static
../user/app/src/lvgl_wrappers/../../../../Middlewares/Third_Party/LVGL/src/widgets/lv_bar.c:570:13:lv_bar_set_value_with_anim	96	static
../user/app/src/lvgl_wrappers/../../../../Middlewares/Third_Party/LVGL/src/widgets/lv_bar.c:605:13:lv_bar_init_anim	16	static
../user/app/src/lvgl_wrappers/../../../../Middlewares/Third_Party/LVGL/src/widgets/lv_btn.c:49:12:lv_btn_create	24	static
../user/app/src/lvgl_wrappers/../../../../Middlewares/Third_Party/LVGL/src/widgets/lv_btn.c:61:13:lv_btn_constructor	16	static
../user/app/src/lvgl_wrappers/../../../../Middlewares/Third_Party/LVGL/src/widgets/lv_canvas.c:54:12:lv_canvas_create	24	static
../user/app/src/lvgl_wrappers/../../../../Middlewares/Third_Party/LVGL/src/widgets/lv_canvas.c:66:6:lv_canvas_set_buffer	48	static
../user/app/src/lvgl_wrappers/../../../../Middlewares/Third_Party/LVGL/src/widgets/lv_canvas.c:82:6:lv_canvas_set_px_color	32	static
../user/app/src/lvgl_wrappers/../../../../Middlewares/Third_Party/LVGL/src/widgets/lv_canvas.c:92:6:lv_canvas_set_px_opa	32	static
../user/app/src/lvgl_wrappers/../../../../Middlewares/Third_Party/LVGL/src/widgets/lv_canvas.c:102:6:lv_canvas_set_palette	24	static
../user/app/src/lvgl_wrappers/../../../../Middlewares/Third_Party/LVGL/src/widgets/lv_canvas.c:116:12:lv_canvas_get_px	24	static
../user/app/src/lvgl_wrappers/../../../../Middlewares/Third_Party/LVGL/src/widgets/lv_canvas.c:126:16:lv_canvas_get_img	24	static
../user/app/src/lvgl_wrappers/../../../../Middlewares/Third_Party/LVGL/src/widgets/lv_canvas.c:138:6:lv_canvas_copy_buf	64	static
../user/app/src/lvgl_wrappers/../../../../Middlewares/Third_Party/LVGL/src/widgets/lv_canvas.c:161:6:lv_canvas_transform	120	static
../user/app/src/lvgl_wrappers/../../../../Middlewares/Third_Party/LVGL/src/widgets/lv_canvas.c:224:6:lv_canvas_blur_hor	104	static
../user/app/src/lvgl_wrappers/../../../../Middlewares/Third_Party/LVGL/src/widgets/lv_canvas.c:352:6:lv_canvas_blur_ver	104	static
../user/app/src/lvgl_wrappers/../../../../Middlewares/Third_Party/LVGL/src/widgets/lv_canvas.c:485:6:lv_canvas_fill_bg	40	static
../user/app/src/lvgl_wrappers/../../../../Middlewares/Third_Party/LVGL/src/widgets/lv_canvas.c:514:6:lv_canvas_draw_rect	512	static
../user/app/src/lvgl_wrappers/../../../../Middlewares/Third_Party/LVGL/src/widgets/lv_canvas.c:558:6:lv_canvas_draw_text	504	static
../user/app/src/lvgl_wrappers/../../../../Middlewares/Third_Party/LVGL/src/widgets/lv_canvas.c:594:6:lv_canvas_draw_img	512	static
../user/app/src/lvgl_wrappers/../../../../Middlewares/Third_Party/LVGL/src/widgets/lv_canvas.c:637:6:lv_canvas_draw_line	504	static
../user/app/src/lvgl_wrappers/../../../../Middlewares/Third_Party/LVGL/src/widgets/lv_canvas.c:678:6:lv_canvas_draw_polygon	504	static
../user/app/src/lvgl_wrappers/../../../../Middlewares/Third_Party/LVGL/src/widgets/lv_canvas.c:716:6:lv_canvas_draw_arc	504	static
../user/app/src/lvgl_wrappers/../../../../Middlewares/Third_Party/LVGL/src/widgets/lv_canvas.c:763:13:lv_canvas_constructor	24	static
../user/app/src/lvgl_wrappers/../../../../Middlewares/Third_Party/LVGL/src/widgets/lv_canvas.c:782:13:lv_canvas_destructor	24	static
../user/app/src/lvgl_wrappers/../../../../Middlewares/Third_Party/LVGL/src/widgets/lv_canvas.c:791:13:init_fake_disp	48	static
../user/app/src/lvgl_wrappers/../../../../Middlewares/Third_Party/LVGL/src/widgets/lv_canvas.c:823:13:deinit_fake_disp	16	static
../user/app/src/lvgl_wrappers/../../../../Middlewares/Third_Party/LVGL/src/widgets/lv_checkbox.c:56:12:lv_checkbox_create	24	static
../user/app/src/lvgl_wrappers/../../../../Middlewares/Third_Party/LVGL/src/widgets/lv_checkbox.c:68:6:lv_checkbox_set_text	32	static
../user/app/src/lvgl_wrappers/../../../../Middlewares/Third_Party/LVGL/src/widgets/lv_checkbox.c:93:6:lv_checkbox_set_text_static	24	static
../user/app/src/lvgl_wrappers/../../../../Middlewares/Third_Party/LVGL/src/widgets/lv_checkbox.c:110:14:lv_checkbox_get_text	24	static
../user/app/src/lvgl_wrappers/../../../../Middlewares/Third_Party/LVGL/src/widgets/lv_checkbox.c:120:13:lv_checkbox_constructor	24	static
../user/app/src/lvgl_wrappers/../../../../Middlewares/Third_Party/LVGL/src/widgets/lv_checkbox.c:136:13:lv_checkbox_destructor	24	static
../user/app/src/lvgl_wrappers/../../../../Middlewares/Third_Party/LVGL/src/widgets/lv_checkbox.c:149:13:lv_checkbox_event	88	static
../user/app/src/lvgl_wrappers/../../../../Middlewares/Third_Party/LVGL/src/widgets/lv_checkbox.c:195:13:lv_checkbox_draw	264	static
../user/app/src/lvgl_wrappers/../../../../Middlewares/Third_Party/LVGL/src/widgets/lv_img.c:58:12:lv_img_create	24	static
../user/app/src/lvgl_wrappers/../../../../Middlewares/Third_Party/LVGL/src/widgets/lv_img.c:70:6:lv_img_set_src	64	static
../user/app/src/lvgl_wrappers/../../../../Middlewares/Third_Party/LVGL/src/widgets/lv_img.c:163:6:lv_img_set_offset_x	24	static
../user/app/src/lvgl_wrappers/../../../../Middlewares/Third_Party/LVGL/src/widgets/lv_img.c:173:6:lv_img_set_offset_y	24	static
../user/app/src/lvgl_wrappers/../../../../Middlewares/Third_Party/LVGL/src/widgets/lv_img.c:183:6:lv_img_set_angle	56	static
../user/app/src/lvgl_wrappers/../../../../Middlewares/Third_Party/LVGL/src/widgets/lv_img.c:219:6:lv_img_set_pivot	56	static
../user/app/src/lvgl_wrappers/../../../../Middlewares/Third_Party/LVGL/src/widgets/lv_img.c:253:6:lv_img_set_zoom	56	static
../user/app/src/lvgl_wrappers/../../../../Middlewares/Third_Party/LVGL/src/widgets/lv_img.c:288:6:lv_img_set_antialias	24	static
../user/app/src/lvgl_wrappers/../../../../Middlewares/Third_Party/LVGL/src/widgets/lv_img.c:297:6:lv_img_set_size_mode	24	static
../user/app/src/lvgl_wrappers/../../../../Middlewares/Third_Party/LVGL/src/widgets/lv_img.c:311:14:lv_img_get_src	24	static
../user/app/src/lvgl_wrappers/../../../../Middlewares/Third_Party/LVGL/src/widgets/lv_img.c:320:12:lv_img_get_offset_x	24	static
../user/app/src/lvgl_wrappers/../../../../Middlewares/Third_Party/LVGL/src/widgets/lv_img.c:329:12:lv_img_get_offset_y	24	static
../user/app/src/lvgl_wrappers/../../../../Middlewares/Third_Party/LVGL/src/widgets/lv_img.c:338:10:lv_img_get_angle	24	static
../user/app/src/lvgl_wrappers/../../../../Middlewares/Third_Party/LVGL/src/widgets/lv_img.c:347:6:lv_img_get_pivot	24	static
../user/app/src/lvgl_wrappers/../../../../Middlewares/Third_Party/LVGL/src/widgets/lv_img.c:356:10:lv_img_get_zoom	24	static
../user/app/src/lvgl_wrappers/../../../../Middlewares/Third_Party/LVGL/src/widgets/lv_img.c:365:6:lv_img_get_antialias	24	static
../user/app/src/lvgl_wrappers/../../../../Middlewares/Third_Party/LVGL/src/widgets/lv_img.c:374:20:lv_img_get_size_mode	24	static
../user/app/src/lvgl_wrappers/../../../../Middlewares/Third_Party/LVGL/src/widgets/lv_img.c:385:13:lv_img_constructor	24	static
../user/app/src/lvgl_wrappers/../../../../Middlewares/Third_Party/LVGL/src/widgets/lv_img.c:412:13:lv_img_destructor	24	static
../user/app/src/lvgl_wrappers/../../../../Middlewares/Third_Party/LVGL/src/widgets/lv_img.c:423:19:lv_img_get_transformed_size	56	static
../user/app/src/lvgl_wrappers/../../../../Middlewares/Third_Party/LVGL/src/widgets/lv_img.c:436:13:lv_img_event	88	static
../user/app/src/lvgl_wrappers/../../../../Middlewares/Third_Party/LVGL/src/widgets/lv_img.c:518:13:draw_img	192	static
../user/app/src/lvgl_wrappers/../../../../Middlewares/Third_Party/LVGL/src/widgets/lv_line.c:54:12:lv_line_create	24	static
../user/app/src/lvgl_wrappers/../../../../Middlewares/Third_Party/LVGL/src/widgets/lv_line.c:66:6:lv_line_set_points	32	static
../user/app/src/lvgl_wrappers/../../../../Middlewares/Third_Party/LVGL/src/widgets/lv_line.c:79:6:lv_line_set_y_invert	24	static
../user/app/src/lvgl_wrappers/../../../../Middlewares/Third_Party/LVGL/src/widgets/lv_line.c:95:6:lv_line_get_y_invert	24	static
../user/app/src/lvgl_wrappers/../../../../Middlewares/Third_Party/LVGL/src/widgets/lv_line.c:108:13:lv_line_constructor	24	static
../user/app/src/lvgl_wrappers/../../../../Middlewares/Third_Party/LVGL/src/widgets/lv_line.c:124:13:lv_line_event	104	static
../user/app/src/lvgl_wrappers/../../../../Middlewares/Third_Party/LVGL/src/widgets/lv_slider.h:84:20:lv_slider_set_value	24	static
../user/app/src/lvgl_wrappers/../../../../Middlewares/Third_Party/LVGL/src/widgets/lv_slider.h:95:20:lv_slider_set_left_value	24	static
../user/app/src/lvgl_wrappers/../../../../Middlewares/Third_Party/LVGL/src/widgets/lv_slider.h:130:23:lv_slider_get_value	16	static
../user/app/src/lvgl_wrappers/../../../../Middlewares/Third_Party/LVGL/src/widgets/lv_slider.h:140:23:lv_slider_get_left_value	16	static
../user/app/src/lvgl_wrappers/../../../../Middlewares/Third_Party/LVGL/src/widgets/lv_slider.h:177:32:lv_slider_get_mode	24	static
../user/app/src/lvgl_wrappers/../../../../Middlewares/Third_Party/LVGL/src/widgets/lv_slider.c:60:12:lv_slider_create	24	static
../user/app/src/lvgl_wrappers/../../../../Middlewares/Third_Party/LVGL/src/widgets/lv_slider.c:68:6:lv_slider_is_dragged	24	static
../user/app/src/lvgl_wrappers/../../../../Middlewares/Third_Party/LVGL/src/widgets/lv_slider.c:80:13:lv_slider_constructor	24	static
../user/app/src/lvgl_wrappers/../../../../Middlewares/Third_Party/LVGL/src/widgets/lv_slider.c:95:13:lv_slider_event	144	static
../user/app/src/lvgl_wrappers/../../../../Middlewares/Third_Party/LVGL/src/widgets/lv_slider.c:332:13:draw_knob	232	static
../user/app/src/lvgl_wrappers/../../../../Middlewares/Third_Party/LVGL/src/widgets/lv_slider.c:412:13:position_knob	40	static
../user/app/src/lvgl_wrappers/../../../../Middlewares/Third_Party/LVGL/src/widgets/lv_slider.c:442:13:is_slider_horizontal	24	static
../user/app/src/lvgl_wrappers/../../../../Middlewares/Third_Party/LVGL/src/widgets/lv_textarea.c:88:12:lv_textarea_create	24	static
../user/app/src/lvgl_wrappers/../../../../Middlewares/Third_Party/LVGL/src/widgets/lv_textarea.c:100:6:lv_textarea_add_char	72	static
../user/app/src/lvgl_wrappers/../../../../Middlewares/Third_Party/LVGL/src/widgets/lv_textarea.c:161:6:lv_textarea_add_text	64	static
../user/app/src/lvgl_wrappers/../../../../Middlewares/Third_Party/LVGL/src/widgets/lv_textarea.c:211:6:lv_textarea_del_char	64	static
../user/app/src/lvgl_wrappers/../../../../Middlewares/Third_Party/LVGL/src/widgets/lv_textarea.c:255:6:lv_textarea_del_char_forward	24	static
../user/app/src/lvgl_wrappers/../../../../Middlewares/Third_Party/LVGL/src/widgets/lv_textarea.c:268:6:lv_textarea_set_text	56	static
../user/app/src/lvgl_wrappers/../../../../Middlewares/Third_Party/LVGL/src/widgets/lv_textarea.c:315:6:lv_textarea_set_placeholder_text	40	static
../user/app/src/lvgl_wrappers/../../../../Middlewares/Third_Party/LVGL/src/widgets/lv_textarea.c:344:6:lv_textarea_set_cursor_pos	48	static
../user/app/src/lvgl_wrappers/../../../../Middlewares/Third_Party/LVGL/src/widgets/lv_textarea.c:396:6:lv_textarea_set_cursor_click_pos	24	static
../user/app/src/lvgl_wrappers/../../../../Middlewares/Third_Party/LVGL/src/widgets/lv_textarea.c:404:6:lv_textarea_set_password_mode	48	static
../user/app/src/lvgl_wrappers/../../../../Middlewares/Third_Party/LVGL/src/widgets/lv_textarea.c:438:6:lv_textarea_set_password_bullet	40	static
../user/app/src/lvgl_wrappers/../../../../Middlewares/Third_Party/LVGL/src/widgets/lv_textarea.c:468:6:lv_textarea_set_one_line	24	static
../user/app/src/lvgl_wrappers/../../../../Middlewares/Third_Party/LVGL/src/widgets/lv_textarea.c:492:6:lv_textarea_set_accepted_chars	24	static
../user/app/src/lvgl_wrappers/../../../../Middlewares/Third_Party/LVGL/src/widgets/lv_textarea.c:501:6:lv_textarea_set_max_length	24	static
../user/app/src/lvgl_wrappers/../../../../Middlewares/Third_Party/LVGL/src/widgets/lv_textarea.c:510:6:lv_textarea_set_insert_replace	16	static
../user/app/src/lvgl_wrappers/../../../../Middlewares/Third_Party/LVGL/src/widgets/lv_textarea.c:518:6:lv_textarea_set_text_selection	24	static
../user/app/src/lvgl_wrappers/../../../../Middlewares/Third_Party/LVGL/src/widgets/lv_textarea.c:534:6:lv_textarea_set_password_show_time	24	static
../user/app/src/lvgl_wrappers/../../../../Middlewares/Third_Party/LVGL/src/widgets/lv_textarea.c:542:6:lv_textarea_set_align	24	static
../user/app/src/lvgl_wrappers/../../../../Middlewares/Third_Party/LVGL/src/widgets/lv_textarea.c:565:14:lv_textarea_get_text	24	static
../user/app/src/lvgl_wrappers/../../../../Middlewares/Third_Party/LVGL/src/widgets/lv_textarea.c:582:14:lv_textarea_get_placeholder_text	24	static
../user/app/src/lvgl_wrappers/../../../../Middlewares/Third_Party/LVGL/src/widgets/lv_textarea.c:591:12:lv_textarea_get_label	24	static
../user/app/src/lvgl_wrappers/../../../../Middlewares/Third_Party/LVGL/src/widgets/lv_textarea.c:599:10:lv_textarea_get_cursor_pos	24	static
../user/app/src/lvgl_wrappers/../../../../Middlewares/Third_Party/LVGL/src/widgets/lv_textarea.c:607:6:lv_textarea_get_cursor_click_pos	24	static
../user/app/src/lvgl_wrappers/../../../../Middlewares/Third_Party/LVGL/src/widgets/lv_textarea.c:615:6:lv_textarea_get_password_mode	24	static
../user/app/src/lvgl_wrappers/../../../../Middlewares/Third_Party/LVGL/src/widgets/lv_textarea.c:623:14:lv_textarea_get_password_bullet	40	static
../user/app/src/lvgl_wrappers/../../../../Middlewares/Third_Party/LVGL/src/widgets/lv_textarea.c:640:6:lv_textarea_get_one_line	24	static
../user/app/src/lvgl_wrappers/../../../../Middlewares/Third_Party/LVGL/src/widgets/lv_textarea.c:648:14:lv_textarea_get_accepted_chars	24	static
../user/app/src/lvgl_wrappers/../../../../Middlewares/Third_Party/LVGL/src/widgets/lv_textarea.c:657:10:lv_textarea_get_max_length	24	static
../user/app/src/lvgl_wrappers/../../../../Middlewares/Third_Party/LVGL/src/widgets/lv_textarea.c:665:6:lv_textarea_text_is_selected	24	static
../user/app/src/lvgl_wrappers/../../../../Middlewares/Third_Party/LVGL/src/widgets/lv_textarea.c:685:6:lv_textarea_get_text_selection	24	static
../user/app/src/lvgl_wrappers/../../../../Middlewares/Third_Party/LVGL/src/widgets/lv_textarea.c:698:10:lv_textarea_get_password_show_time	24	static
../user/app/src/lvgl_wrappers/../../../../Middlewares/Third_Party/LVGL/src/widgets/lv_textarea.c:711:6:lv_textarea_clear_selection	24	static
../user/app/src/lvgl_wrappers/../../../../Middlewares/Third_Party/LVGL/src/widgets/lv_textarea.c:728:6:lv_textarea_cursor_right	24	static
../user/app/src/lvgl_wrappers/../../../../Middlewares/Third_Party/LVGL/src/widgets/lv_textarea.c:737:6:lv_textarea_cursor_left	24	static
../user/app/src/lvgl_wrappers/../../../../Middlewares/Third_Party/LVGL/src/widgets/lv_textarea.c:748:6:lv_textarea_cursor_down	56	static
../user/app/src/lvgl_wrappers/../../../../Middlewares/Third_Party/LVGL/src/widgets/lv_textarea.c:777:6:lv_textarea_cursor_up	56	static
../user/app/src/lvgl_wrappers/../../../../Middlewares/Third_Party/LVGL/src/widgets/lv_textarea.c:805:13:lv_textarea_constructor	32	static
../user/app/src/lvgl_wrappers/../../../../Middlewares/Third_Party/LVGL/src/widgets/lv_textarea.c:842:13:lv_textarea_destructor	24	static
../user/app/src/lvgl_wrappers/../../../../Middlewares/Third_Party/LVGL/src/widgets/lv_textarea.c:861:13:lv_textarea_event	32	static
../user/app/src/lvgl_wrappers/../../../../Middlewares/Third_Party/LVGL/src/widgets/lv_textarea.c:912:13:label_event_cb	32	static
../user/app/src/lvgl_wrappers/../../../../Middlewares/Third_Party/LVGL/src/widgets/lv_textarea.c:930:13:cursor_blink_anim_cb	32	static
../user/app/src/lvgl_wrappers/../../../../Middlewares/Third_Party/LVGL/src/widgets/lv_textarea.c:952:13:pwd_char_hider_anim	16	static
../user/app/src/lvgl_wrappers/../../../../Middlewares/Third_Party/LVGL/src/widgets/lv_textarea.c:962:13:pwd_char_hider_anim_ready	24	static
../user/app/src/lvgl_wrappers/../../../../Middlewares/Third_Party/LVGL/src/widgets/lv_textarea.c:972:13:pwd_char_hider	48	static
../user/app/src/lvgl_wrappers/../../../../Middlewares/Third_Party/LVGL/src/widgets/lv_textarea.c:1006:13:char_is_accepted	40	static
../user/app/src/lvgl_wrappers/../../../../Middlewares/Third_Party/LVGL/src/widgets/lv_textarea.c:1027:13:start_cursor_blink	96	static
../user/app/src/lvgl_wrappers/../../../../Middlewares/Third_Party/LVGL/src/widgets/lv_textarea.c:1049:13:refr_cursor_area	104	static
../user/app/src/lvgl_wrappers/../../../../Middlewares/Third_Party/LVGL/src/widgets/lv_textarea.c:1130:13:update_cursor_position_on_click	64	static
../user/app/src/lvgl_wrappers/../../../../Middlewares/Third_Party/LVGL/src/widgets/lv_textarea.c:1248:17:insert_handler	16	static
../user/app/src/lvgl_wrappers/../../../../Middlewares/Third_Party/LVGL/src/widgets/lv_textarea.c:1268:13:draw_placeholder	88	static
../user/app/src/lvgl_wrappers/../../../../Middlewares/Third_Party/LVGL/src/widgets/lv_textarea.c:1293:13:draw_cursor	168	static
../user/app/src/lvgl_wrappers/../../../../Middlewares/Third_Party/LVGL/src/widgets/lv_textarea.c:1338:13:auto_hide_characters	88	static
../user/app/src/lvgl_wrappers/../../../../Middlewares/Third_Party/LVGL/src/widgets/lv_textarea.c:1358:20:is_valid_but_non_printable_char	16	static
