../user/app/src/alarm_manager.c:81:13:alarm_debounce_tick	24	static
../user/app/src/alarm_manager.c:105:20:alarm_merge_type	16	static
../user/app/src/alarm_manager.c:119:23:alarm_merge_status	16	static
../user/app/src/alarm_manager.c:130:13:alarm_get_general_value	32	static
../user/app/src/alarm_manager.c:159:6:Alarm_CheckGeneral	24	static
../user/app/src/alarm_manager.c:165:6:Alarm_CheckVibration	32	static
../user/app/src/alarm_manager.c:180:7:Alarm_CalcOverLimitRatio	24	static
../user/app/src/alarm_manager.c:190:13:alarm_process_general	72	static
../user/app/src/alarm_manager.c:241:13:alarm_process_vibration	56	static
../user/app/src/alarm_manager.c:342:13:alarm_notify_gui	584	static
../user/app/src/alarm_manager.c:390:6:Alarm_Init	8	static
../user/app/src/alarm_manager.c:404:6:Alarm_NotifyConfigChanged	16	static
../user/app/src/alarm_manager.c:423:6:Alarm_ProcessFrame	88	static
../user/app/src/alarm_manager.c:457:16:Alarm_GetStatus	4	static
../user/app/src/alarm_manager.c:462:6:Alarm_Reset	8	static
../user/app/src/alarm_manager.c:468:6:Alarm_SetBuzzer	16	static
../user/app/src/alarm_manager.c:473:6:Alarm_CreateRecord	32	static
