../user/app/src/channel_data.c:48:13:fill_defaults	16	static
../user/app/src/channel_data.c:84:12:serialize_json	120	static
../user/app/src/channel_data.c:134:20:find_key	88	static
../user/app/src/channel_data.c:148:12:parse_int	16	static
../user/app/src/channel_data.c:153:14:parse_float	16	static
../user/app/src/channel_data.c:158:13:parse_bool	16	static
../user/app/src/channel_data.c:163:13:parse_string	32	static
../user/app/src/channel_data.c:178:13:parse_json	40	static
../user/app/src/channel_data.c:236:6:ChannelData_Init	8	static
../user/app/src/channel_data.c:265:9:ChannelData_GetCount	4	static
../user/app/src/channel_data.c:270:18:ChannelData_GetByIndex	16	static
../user/app/src/channel_data.c:276:18:ChannelData_GetById	24	static
../user/app/src/channel_data.c:284:18:ChannelData_GetAll	4	static
../user/app/src/channel_data.c:289:6:ChannelData_Save	4	static
../user/app/src/channel_data.c:321:6:ChannelData_ResetDefaults	8	static
../user/app/src/channel_data.c:326:13:ChannelData_GetUnit	16	static
