../user/app/src/channel_data.c:17:6:ChannelData_Init	8	static
../user/app/src/channel_data.c:32:9:ChannelData_GetCount	4	static
../user/app/src/channel_data.c:37:18:ChannelData_GetByIndex	16	static
../user/app/src/channel_data.c:45:18:ChannelData_GetById	24	static
../user/app/src/channel_data.c:56:18:ChannelData_GetAll	4	static
../user/app/src/channel_data.c:61:6:ChannelData_Save	8	static
../user/app/src/channel_data.c:70:6:ChannelData_ResetDefaults	8	static
../user/app/src/channel_data.c:76:13:ChannelData_GetUnit	16	static
