../user/app/src/form_dso_2ch.c:218:6:DSO_Main	488	static
../user/app/src/form_dso_2ch.c:256:6:AnalyzeWave	168	static
../user/app/src/form_dso_2ch.c:441:6:__Old_NewAdcToDispBuf	152	static
../user/app/src/form_dso_2ch.c:612:13:InitFormAD	4	static
../user/app/src/form_dso_2ch.c:792:13:DispLableStatus	16	static
../user/app/src/form_dso_2ch.c:817:13:DispLableVolt	112	static
../user/app/src/form_dso_2ch.c:844:13:DispOffset	24	static
../user/app/src/form_dso_2ch.c:871:13:DispLableSpeed	48	static
../user/app/src/form_dso_2ch.c:897:13:DispWarn	56	static
../user/app/src/form_dso_2ch.c:960:13:DispLableFreq	40	static
../user/app/src/form_dso_2ch.c:994:13:DispLableTimeLen	32	static
../user/app/src/form_dso_2ch.c:1021:13:DispADInitFace	8	static
../user/app/src/form_dso_2ch.c:1063:6:DispVer	24	static
../user/app/src/form_dso_2ch.c:1085:13:DispErr	56	static
../user/app/src/form_dso_2ch.c:1130:13:Accele_To_Speed	72	static
../user/app/src/form_dso_2ch.c:1361:13:CalcuOffset	16	static
../user/app/src/form_dso_2ch.c:1389:13:Fast_FFT	16	static
../user/app/src/form_dso_2ch.c:1420:13:Deal_FFT_Wave	16	static
../user/app/src/form_dso_2ch.c:1457:13:WarnFrame	16	static
