../user/app/src/signal_algo.c:19:7:SignalAlgo_Calibrate	24	static
../user/app/src/signal_algo.c:26:10:SignalAlgo_MovingAverageWinSize	16	static
../user/app/src/signal_algo.c:32:6:SignalAlgo_MovingAverageInPlace	48	static
../user/app/src/signal_algo.c:58:6:SignalAlgo_BandpassDesign	56	static
../user/app/src/signal_algo.c:96:6:SignalAlgo_BiquadReset	16	static
../user/app/src/signal_algo.c:103:7:SignalAlgo_BiquadStep	32	static
../user/app/src/signal_algo.c:124:6:SignalAlgo_BandpassInPlace	40	static
../user/app/src/signal_algo.c:137:6:SignalAlgo_ApplyVibFilter	40	static
../user/app/src/signal_algo.c:171:7:SignalAlgo_PeakPeak	32	static
../user/app/src/signal_algo.c:192:10:SignalAlgo_PeakPeakWindowed	56	static
../user/app/src/signal_algo.c:229:10:SignalAlgo_CycleSampleCount	16	static
../user/app/src/signal_algo.c:235:10:SignalAlgo_SubWindowSampleCount	32	static
../user/app/src/signal_algo.c:251:7:SignalAlgo_MapVibPpToChartY	32	static
../user/app/src/signal_algo.c:275:6:SignalAlgo_EnvelopeFromBaseline	40	static
../user/app/src/signal_algo.c:295:7:SignalAlgo_LinearInterp	32	static
../user/app/src/signal_algo.c:313:6:SignalAlgo_EnvelopeAtChartIdx	48	static
../user/app/src/signal_algo.c:338:7:SignalAlgo_OverLimitRatio	32	static
