../user/app/src/touch_bsp_touch.c:41:6:TouchBsp_PenDown	8	static
../user/app/src/touch_bsp_touch.c:51:13:touch_adc_valid	16	static
../user/app/src/touch_bsp_touch.c:75:6:TouchBsp_TryReadAdc	24	static
../user/app/src/touch_bsp_touch.c:137:17:touch_median_trimmed	32	static
../user/app/src/touch_bsp_touch.c:164:6:TouchBsp_WaitPenRelease	16	static
../user/app/src/touch_bsp_touch.c:206:6:TouchBsp_CaptureCalibAdc	64	static
../user/app/src/touch_bsp_touch.c:284:6:TouchBsp_WaitReleaseAdcSample	16	static
../user/app/src/touch_bsp_touch.c:296:6:TouchBsp_ReadAdcFiltered	64	static
../user/app/src/touch_bsp_touch.c:362:6:TouchBsp_AdcToScreen	24	static
