../user/app/src/touch_calib.c:99:17:touch_calib_crc16	32	static
../user/app/src/touch_calib.c:133:13:touch_calib_clamp_screen	24	static
../user/app/src/touch_calib.c:161:16:touch_calib_lerp	16	static
../user/app/src/touch_calib.c:183:16:touch_calib_abs16	16	static
../user/app/src/touch_calib.c:193:13:touch_calib_detect_xy_change	32	static
../user/app/src/touch_calib.c:229:16:touch_calib_trans_x	48	static
../user/app/src/touch_calib.c:275:16:touch_calib_trans_y	48	static
../user/app/src/touch_calib.c:321:6:TouchCalib_GetDefaultTargets	16	static
../user/app/src/touch_calib.c:357:13:touch_calib_load_from_flash	24	static
../user/app/src/touch_calib.c:404:6:TouchCalib_Init	16	static
../user/app/src/touch_calib.c:482:6:TouchCalib_IsValid	4	static
../user/app/src/touch_calib.c:492:6:TouchCalib_WasLoadedFromFlash	4	static
../user/app/src/touch_calib.c:502:19:TouchCalib_GetSource	4	static
../user/app/src/touch_calib.c:512:6:TouchCalib_GetBilinear	32	static
../user/app/src/touch_calib.c:526:6:TouchCalib_ComputeFrom4Points	64	static
../user/app/src/touch_calib.c:598:13:touch_calib_edge_nudge	24	static
../user/app/src/touch_calib.c:614:6:TouchCalib_AdcToScreen	32	static
../user/app/src/touch_calib.c:637:6:TouchCalib_TryImportV5Param	88	static
../user/app/src/touch_calib.c:717:6:TouchCalib_FormatLoadDiag	32	static
../user/app/src/touch_calib.c:785:6:TouchCalib_Save	112	static,ignoring_inline_asm
