../user/app/src/wave_disp_2ch.c:74:13:DispFrame1	24	static
../user/app/src/wave_disp_2ch.c:132:13:DispFrame2	24	static
../user/app/src/wave_disp_2ch.c:166:6:DispRule1	72	static
../user/app/src/wave_disp_2ch.c:201:6:DispRule2	64	static
../user/app/src/wave_disp_2ch.c:263:9:AdcToVoltage	24	static
../user/app/src/wave_disp_2ch.c:280:9:AdcToCurrent	24	static
../user/app/src/wave_disp_2ch.c:290:9:AdcToAccele	24	static
../user/app/src/wave_disp_2ch.c:309:16:Ch1AdcToPixel	24	static
../user/app/src/wave_disp_2ch.c:332:16:Ch2AdcToPixel	24	static
../user/app/src/wave_disp_2ch.c:357:16:SpeedToPixel	24	static
../user/app/src/wave_disp_2ch.c:374:16:FFTToPixel	24	static
../user/app/src/wave_disp_2ch.c:393:6:DispWave1	64	static
../user/app/src/wave_disp_2ch.c:501:6:Get_SpeedMax	40	static
../user/app/src/wave_disp_2ch.c:635:13:CaltPeakAvg	48	static
../user/app/src/wave_disp_2ch.c:743:6:DispWave2	64	static
../user/app/src/wave_disp_2ch.c:858:6:DispWave3	56	static
../user/app/src/wave_disp_2ch.c:989:6:Fill_WaveBack	16	static
../user/app/src/wave_disp_2ch.c:1012:6:DispDSO	8	static
../user/app/src/wave_disp_2ch.c:1040:6:Disp_Uint	32	static
../user/app/src/wave_disp_2ch.c:1060:6:InitDSO	4	static
../user/app/src/wave_disp_2ch.c:1101:6:DrawPoints	48	static
../user/app/src/wave_disp_2ch.c:1188:6:DrawPoints2	48	static
../user/app/src/wave_disp_2ch.c:1286:6:DrawPoints3	48	static
../user/app/src/wave_disp_2ch.c:1337:6:DrawPoints4	48	static
