../user/bsp/src/bsp_tft_lcd.c:25:6:LCD_Hard_Reset	8	static
../user/bsp/src/bsp_tft_lcd.c:32:6:LCD_InitHard	8	static
../user/bsp/src/bsp_tft_lcd.c:70:6:LCD_GetChipDescribe	16	static
../user/bsp/src/bsp_tft_lcd.c:108:10:LCD_GetHeight	4	static
../user/bsp/src/bsp_tft_lcd.c:121:10:LCD_GetWidth	4	static
../user/bsp/src/bsp_tft_lcd.c:134:6:LCD_DispOn	8	static
../user/bsp/src/bsp_tft_lcd.c:151:6:LCD_DispOff	8	static
../user/bsp/src/bsp_tft_lcd.c:167:6:LCD_ClrScr	16	static
../user/bsp/src/bsp_tft_lcd.c:186:6:LCD_DispStr	32	static
../user/bsp/src/bsp_tft_lcd.c:200:10:LCD_GetFontWidth	24	static
../user/bsp/src/bsp_tft_lcd.c:237:10:LCD_GetFontHeight	24	static
../user/bsp/src/bsp_tft_lcd.c:275:10:LCD_GetStrWidth	32	static
../user/bsp/src/bsp_tft_lcd.c:353:13:_LCD_ReadAsciiDot	24	static
../user/bsp/src/bsp_tft_lcd.c:394:13:_LCD_ReadHZDot	32	static
../user/bsp/src/bsp_tft_lcd.c:511:6:LCD_DispStrEx	192	static
../user/bsp/src/bsp_tft_lcd.c:672:6:LCD_PutPixel	16	static
../user/bsp/src/bsp_tft_lcd.c:688:6:LCD_DrawCheckMark	32	static
../user/bsp/src/bsp_tft_lcd.c:709:10:LCD_GetPixel	24	static
../user/bsp/src/bsp_tft_lcd.c:731:6:LCD_DrawLine	32	static
../user/bsp/src/bsp_tft_lcd.c:749:6:LCD_DrawPoints	48	static
../user/bsp/src/bsp_tft_lcd.c:770:6:LCD_DrawRect	32	static
../user/bsp/src/bsp_tft_lcd.c:789:6:LCD_Fill_Rect	32	static
../user/bsp/src/bsp_tft_lcd.c:809:6:LCD_DrawCircle	24	static
../user/bsp/src/bsp_tft_lcd.c:829:6:LCD_DrawBMP	32	static
../user/bsp/src/bsp_tft_lcd.c:845:6:LCD_DrawWin	40	static
../user/bsp/src/bsp_tft_lcd.c:906:6:LCD_DrawIcon	48	static
../user/bsp/src/bsp_tft_lcd.c:1020:10:LCD_Blend565	24	static
../user/bsp/src/bsp_tft_lcd.c:1041:6:LCD_DrawIcon32	48	static
../user/bsp/src/bsp_tft_lcd.c:1137:6:LCD_DrawBmp32	48	static
../user/bsp/src/bsp_tft_lcd.c:1201:6:LCD_DrawLabel	280	static
../user/bsp/src/bsp_tft_lcd.c:1253:6:LCD_DrawCheckBox	40	static
../user/bsp/src/bsp_tft_lcd.c:1325:6:LCD_DrawEdit	40	static
../user/bsp/src/bsp_tft_lcd.c:1387:6:LCD_DrawButton	48	static
../user/bsp/src/bsp_tft_lcd.c:1501:6:LCD_DrawGroupBox	40	static
../user/bsp/src/bsp_tft_lcd.c:1525:6:LCD_DispControl	24	static
../user/bsp/src/bsp_tft_lcd.c:1572:6:LCD_SetBackLight	16	static
../user/bsp/src/bsp_tft_lcd.c:1590:9:LCD_GetBackLight	4	static
../user/bsp/src/bsp_tft_lcd.c:1602:6:LCD_SetDirection	16	static
../user/bsp/src/bsp_tft_lcd.c:1622:9:LCD_ButtonTouchDown	16	static
../user/bsp/src/bsp_tft_lcd.c:1647:9:LCD_ButtonTouchRelease	16	static
../user/bsp/src/bsp_tft_lcd.c:1674:6:LCD_DrawLabel2	40	static
../user/bsp/src/bsp_tft_lcd.c:1730:6:LCD_DrawButton2	40	static
../user/bsp/src/bsp_tft_lcd.c:1803:9:LCD_ButtonTouchDown2	16	static
../user/bsp/src/bsp_tft_lcd.c:1828:9:LCD_ButtonTouchRelease2	16	static
