../user/bsp/src/bsp_ad7606.c:58:13:adc_store_frame	24	static
../user/bsp/src/bsp_ad7606.c:74:6:bsp_InitAD7606	16	static
../user/bsp/src/bsp_ad7606.c:95:6:AD7606_SetOS	16	static
../user/bsp/src/bsp_ad7606.c:140:6:AD7606_SetInputRange	16	static
../user/bsp/src/bsp_ad7606.c:149:6:AD7606_Reset	8	static
../user/bsp/src/bsp_ad7606.c:157:6:AD7606_StartConvst	4	static
../user/bsp/src/bsp_ad7606.c:167:6:AD7606_ReadNowAdc	40	static,ignoring_inline_asm
../user/bsp/src/bsp_ad7606.c:185:17:ad7606_clamp_sample_hz	16	static
../user/bsp/src/bsp_ad7606.c:202:6:AD7606_EnterAutoMode	48	static
../user/bsp/src/bsp_ad7606.c:239:6:AD7606_StartRecord	24	static
../user/bsp/src/bsp_ad7606.c:255:6:AD7606_StopRecord	8	static
../user/bsp/src/bsp_ad7606.c:262:6:AD7606_GetLatestRaw	40	static,ignoring_inline_asm
../user/bsp/src/bsp_ad7606.c:283:10:AD7606_CopyChannelHistory	56	static,ignoring_inline_asm
../user/bsp/src/bsp_ad7606.c:310:10:AD7606_GetFifoDepth	4	static
../user/bsp/src/bsp_ad7606.c:315:10:AD7606_GetSampleCount	4	static
../user/bsp/src/bsp_ad7606.c:320:6:AD7606_IsRecording	4	static
../user/bsp/src/bsp_ad7606.c:325:10:AD7606_GetSampleHz	4	static
../user/bsp/src/bsp_ad7606.c:330:28:AD7606_SampleHook	16	static
../user/bsp/src/bsp_ad7606.c:335:6:HAL_GPIO_EXTI_Callback	16	static
